Component: ARM Compiler 5.06 update 6 (build 750) Tool: armlink [4d35ed]

==============================================================================

Section Cross References

    startup_stm32f10x_md.o(STACK) refers (Special) to heapauxi.o(.text) for __use_two_region_memory
    startup_stm32f10x_md.o(HEAP) refers (Special) to heapauxi.o(.text) for __use_two_region_memory
    startup_stm32f10x_md.o(RESET) refers (Special) to heapauxi.o(.text) for __use_two_region_memory
    startup_stm32f10x_md.o(RESET) refers to startup_stm32f10x_md.o(STACK) for __initial_sp
    startup_stm32f10x_md.o(RESET) refers to startup_stm32f10x_md.o(.text) for Reset_Handler
    startup_stm32f10x_md.o(RESET) refers to stm32f10x_it.o(i.NMI_Handler) for NMI_Handler
    startup_stm32f10x_md.o(RESET) refers to stm32f10x_it.o(i.HardFault_Handler) for HardFault_Handler
    startup_stm32f10x_md.o(RESET) refers to stm32f10x_it.o(i.MemManage_Handler) for MemManage_Handler
    startup_stm32f10x_md.o(RESET) refers to stm32f10x_it.o(i.BusFault_Handler) for BusFault_Handler
    startup_stm32f10x_md.o(RESET) refers to stm32f10x_it.o(i.UsageFault_Handler) for UsageFault_Handler
    startup_stm32f10x_md.o(RESET) refers to port.o(.emb_text) for SVC_Handler
    startup_stm32f10x_md.o(RESET) refers to stm32f10x_it.o(i.DebugMon_Handler) for DebugMon_Handler
    startup_stm32f10x_md.o(RESET) refers to stm32f10x_it.o(i.SysTick_Handler) for SysTick_Handler
    startup_stm32f10x_md.o(RESET) refers to usart.o(i.USART1_IRQHandler) for USART1_IRQHandler
    startup_stm32f10x_md.o(RESET) refers to esp8266.o(i.USART2_IRQHandler) for USART2_IRQHandler
    startup_stm32f10x_md.o(RESET) refers to xrvoice.o(i.USART3_IRQHandler) for USART3_IRQHandler
    startup_stm32f10x_md.o(.text) refers (Special) to heapauxi.o(.text) for __use_two_region_memory
    startup_stm32f10x_md.o(.text) refers to system_stm32f10x.o(i.SystemInit) for SystemInit
    startup_stm32f10x_md.o(.text) refers to __main.o(!!!main) for __main
    startup_stm32f10x_md.o(.text) refers to startup_stm32f10x_md.o(HEAP) for Heap_Mem
    startup_stm32f10x_md.o(.text) refers to startup_stm32f10x_md.o(STACK) for Stack_Mem
    system_stm32f10x.o(i.SetSysClock) refers to system_stm32f10x.o(i.SetSysClockTo72) for SetSysClockTo72
    system_stm32f10x.o(i.SystemCoreClockUpdate) refers to system_stm32f10x.o(.data) for SystemCoreClock
    system_stm32f10x.o(i.SystemInit) refers to system_stm32f10x.o(i.SetSysClock) for SetSysClock
    stm32f10x_adc.o(i.ADC_DeInit) refers to stm32f10x_rcc.o(i.RCC_APB2PeriphResetCmd) for RCC_APB2PeriphResetCmd
    stm32f10x_bkp.o(i.BKP_DeInit) refers to stm32f10x_rcc.o(i.RCC_BackupResetCmd) for RCC_BackupResetCmd
    stm32f10x_can.o(i.CAN_DeInit) refers to stm32f10x_rcc.o(i.RCC_APB1PeriphResetCmd) for RCC_APB1PeriphResetCmd
    stm32f10x_can.o(i.CAN_GetITStatus) refers to stm32f10x_can.o(i.CheckITStatus) for CheckITStatus
    stm32f10x_cec.o(i.CEC_DeInit) refers to stm32f10x_rcc.o(i.RCC_APB1PeriphResetCmd) for RCC_APB1PeriphResetCmd
    stm32f10x_dac.o(i.DAC_DeInit) refers to stm32f10x_rcc.o(i.RCC_APB1PeriphResetCmd) for RCC_APB1PeriphResetCmd
    stm32f10x_flash.o(i.FLASH_EnableWriteProtection) refers to stm32f10x_flash.o(i.FLASH_WaitForLastOperation) for FLASH_WaitForLastOperation
    stm32f10x_flash.o(i.FLASH_EraseAllBank1Pages) refers to stm32f10x_flash.o(i.FLASH_WaitForLastBank1Operation) for FLASH_WaitForLastBank1Operation
    stm32f10x_flash.o(i.FLASH_EraseAllPages) refers to stm32f10x_flash.o(i.FLASH_WaitForLastOperation) for FLASH_WaitForLastOperation
    stm32f10x_flash.o(i.FLASH_EraseOptionBytes) refers to stm32f10x_flash.o(i.FLASH_GetReadOutProtectionStatus) for FLASH_GetReadOutProtectionStatus
    stm32f10x_flash.o(i.FLASH_EraseOptionBytes) refers to stm32f10x_flash.o(i.FLASH_WaitForLastOperation) for FLASH_WaitForLastOperation
    stm32f10x_flash.o(i.FLASH_ErasePage) refers to stm32f10x_flash.o(i.FLASH_WaitForLastOperation) for FLASH_WaitForLastOperation
    stm32f10x_flash.o(i.FLASH_ProgramHalfWord) refers to stm32f10x_flash.o(i.FLASH_WaitForLastOperation) for FLASH_WaitForLastOperation
    stm32f10x_flash.o(i.FLASH_ProgramOptionByteData) refers to stm32f10x_flash.o(i.FLASH_WaitForLastOperation) for FLASH_WaitForLastOperation
    stm32f10x_flash.o(i.FLASH_ProgramWord) refers to stm32f10x_flash.o(i.FLASH_WaitForLastOperation) for FLASH_WaitForLastOperation
    stm32f10x_flash.o(i.FLASH_ReadOutProtection) refers to stm32f10x_flash.o(i.FLASH_WaitForLastOperation) for FLASH_WaitForLastOperation
    stm32f10x_flash.o(i.FLASH_UserOptionByteConfig) refers to stm32f10x_flash.o(i.FLASH_WaitForLastOperation) for FLASH_WaitForLastOperation
    stm32f10x_flash.o(i.FLASH_WaitForLastBank1Operation) refers to stm32f10x_flash.o(i.FLASH_GetBank1Status) for FLASH_GetBank1Status
    stm32f10x_flash.o(i.FLASH_WaitForLastOperation) refers to stm32f10x_flash.o(i.FLASH_GetBank1Status) for FLASH_GetBank1Status
[...]
    __rt_exit_prels_1                        0x080001e3   Thumb Code     0  rtexit2.o(.ARM.Collect$$rtexit$$00000002)
    __rt_exit_exit                           0x080001e7   Thumb Code     0  rtexit2.o(.ARM.Collect$$rtexit$$00000004)
    SVC_Handler                              0x080001ed   Thumb Code    32  port.o(.emb_text)
    __asm___6_port_c_39a90d8d__prvStartFirstTask 0x08000211   Thumb Code    28  port.o(.emb_text)
    PendSV_Handler                           0x08000231   Thumb Code    72  port.o(.emb_text)
    vPortGetIPSR                             0x0800027d   Thumb Code     6  port.o(.emb_text)
    Reset_Handler                            0x08000285   Thumb Code     8  startup_stm32f10x_md.o(.text)
    ADC1_2_IRQHandler                        0x0800029f   Thumb Code     0  startup_stm32f10x_md.o(.text)
    CAN1_RX1_IRQHandler                      0x0800029f   Thumb Code     0  startup_stm32f10x_md.o(.text)
    CAN1_SCE_IRQHandler                      0x0800029f   Thumb Code     0  startup_stm32f10x_md.o(.text)
    DMA1_Channel1_IRQHandler                 0x0800029f   Thumb Code     0  startup_stm32f10x_md.o(.text)
    DMA1_Channel2_IRQHandler                 0x0800029f   Thumb Code     0  startup_stm32f10x_md.o(.text)
    DMA1_Channel3_IRQHandler                 0x0800029f   Thumb Code     0  startup_stm32f10x_md.o(.text)
    DMA1_Channel4_IRQHandler                 0x0800029f   Thumb Code     0  startup_stm32f10x_md.o(.text)
    DMA1_Channel5_IRQHandler                 0x0800029f   Thumb Code     0  startup_stm32f10x_md.o(.text)
    DMA1_Channel6_IRQHandler                 0x0800029f   Thumb Code     0  startup_stm32f10x_md.o(.text)
    DMA1_Channel7_IRQHandler                 0x0800029f   Thumb Code     0  startup_stm32f10x_md.o(.text)
    EXTI0_IRQHandler                         0x0800029f   Thumb Code     0  startup_stm32f10x_md.o(.text)
    EXTI15_10_IRQHandler                     0x0800029f   Thumb Code     0  startup_stm32f10x_md.o(.text)
    EXTI1_IRQHandler                         0x0800029f   Thumb Code     0  startup_stm32f10x_md.o(.text)
    EXTI2_IRQHandler                         0x0800029f   Thumb Code     0  startup_stm32f10x_md.o(.text)
    EXTI3_IRQHandler                         0x0800029f   Thumb Code     0  startup_stm32f10x_md.o(.text)
    EXTI4_IRQHandler                         0x0800029f   Thumb Code     0  startup_stm32f10x_md.o(.text)
    EXTI9_5_IRQHandler                       0x0800029f   Thumb Code     0  startup_stm32f10x_md.o(.text)
    FLASH_IRQHandler                         0x0800029f   Thumb Code     0  startup_stm32f10x_md.o(.text)
    I2C1_ER_IRQHandler                       0x0800029f   Thumb Code     0  startup_stm32f10x_md.o(.text)
    I2C1_EV_IRQHandler                       0x0800029f   Thumb Code     0  startup_stm32f10x_md.o(.text)
    I2C2_ER_IRQHandler                       0x0800029f   Thumb Code     0  startup_stm32f10x_md.o(.text)
    I2C2_EV_IRQHandler                       0x0800029f   Thumb Code     0  startup_stm32f10x_md.o(.text)
    PVD_IRQHandler                           0x0800029f   Thumb Code     0  startup_stm32f10x_md.o(.text)
    RCC_IRQHandler                           0x0800029f   Thumb Code     0  startup_stm32f10x_md.o(.text)
    RTCAlarm_IRQHandler                      0x0800029f   Thumb Code     0  startup_stm32f10x_md.o(.text)
    RTC_IRQHandler                           0x0800029f   Thumb Code     0  startup_stm32f10x_md.o(.text)
    SPI1_IRQHandler                          0x0800029f   Thumb Code     0  startup_stm32f10x_md.o(.text)
    SPI2_IRQHandler                          0x0800029f   Thumb Code     0  startup_stm32f10x_md.o(.text)
    TAMPER_IRQHandler                        0x0800029f   Thumb Code     0  startup_stm32f10x_md.o(.text)
    TIM1_BRK_IRQHandler                      0x0800029f   Thumb Code     0  startup_stm32f10x_md.o(.text)
    TIM1_CC_IRQHandler                       0x0800029f   Thumb Code     0  startup_stm32f10x_md.o(.text)
    TIM1_TRG_COM_IRQHandler                  0x0800029f   Thumb Code     0  startup_stm32f10x_md.o(.text)
    TIM1_UP_IRQHandler                       0x0800029f   Thumb Code     0  startup_stm32f10x_md.o(.text)
    TIM2_IRQHandler                          0x0800029f   Thumb Code     0  startup_stm32f10x_md.o(.text)
    TIM3_IRQHandler                          0x0800029f   Thumb Code     0  startup_stm32f10x_md.o(.text)
    TIM4_IRQHandler                          0x0800029f   Thumb Code     0  startup_stm32f10x_md.o(.text)
    USBWakeUp_IRQHandler                     0x0800029f   Thumb Code     0  startup_stm32f10x_md.o(.text)
    USB_HP_CAN1_TX_IRQHandler                0x0800029f   Thumb Code     0  startup_stm32f10x_md.o(.text)
    USB_LP_CAN1_RX0_IRQHandler               0x0800029f   Thumb Code     0  startup_stm32f10x_md.o(.text)
    WWDG_IRQHandler                          0x0800029f   Thumb Code     0  startup_stm32f10x_md.o(.text)
    __user_initial_stackheap                 0x080002a1   Thumb Code     0  startup_stm32f10x_md.o(.text)
    __2sprintf                               0x080002c5   Thumb Code    34  noretval__2sprintf.o(.text)
    _printf_str                              0x080002ed   Thumb Code    82  _printf_str.o(.text)
    _printf_int_dec                          0x08000341   Thumb Code   104  _printf_dec.o(.text)
    __printf                                 0x080003b9   Thumb Code   270  __printf_wp.o(.text)
    strstr                                   0x080004c7   Thumb Code    36  strstr.o(.text)
    strlen                                   0x080004eb   Thumb Code    62  strlen.o(.text)
    __aeabi_memcpy                           0x08000529   Thumb Code     0  rt_memcpy_v6.o(.text)
    __rt_memcpy                              0x08000529   Thumb Code   138  rt_memcpy_v6.o(.text)
    _memcpy_lastbytes                        0x0800058f   Thumb Code     0  rt_memcpy_v6.o(.text)
    __aeabi_memclr                           0x080005b3   Thumb Code     0  rt_memclr.o(.text)
    __rt_memclr                              0x080005b3   Thumb Code    68  rt_memclr.o(.text)
    _memset                                  0x080005b7   Thumb Code     0  rt_memclr.o(.text)
    __use_two_region_memory                  0x080005f7   Thumb Code     2  heapauxi.o(.text)
    __rt_heap_escrow$2region                 0x080005f9   Thumb Code     2  heapauxi.o(.text)
    __rt_heap_expand$2region                 0x080005fb   Thumb Code     2  heapauxi.o(.text)
    _printf_int_common                       0x080005fd   Thumb Code   178  _printf_intcommon.o(.text)
    __lib_sel_fp_printf                      0x080006af   Thumb Code     2  _printf_fp_dec.o(.text)
    _printf_fp_dec_real                      0x08000861   Thumb Code   620  _printf_fp_dec.o(.text)
    _printf_char_common                      0x08000ad7   Thumb Code    32  _printf_char_common.o(.text)
    _sputc                                   0x08000afd   Thumb Code    10  _sputc.o(.text)
    _printf_cs_common                        0x08000b07   Thumb Code    20  _printf_char.o(.text)
    _printf_char                             0x08000b1b   Thumb Code    16  _printf_char.o(.text)
    _printf_string                           0x08000b2b   Thumb Code     8  _printf_char.o(.text)
    __aeabi_memcpy4                          0x08000b33   Thumb Code     0  rt_memcpy_w.o(.text)
    __aeabi_memcpy8                          0x08000b33   Thumb Code     0  rt_memcpy_w.o(.text)
    __rt_memcpy_w                            0x08000b33   Thumb Code   100  rt_memcpy_w.o(.text)
    _memcpy_lastbytes_aligned                0x08000b7b   Thumb Code     0  rt_memcpy_w.o(.text)
    __aeabi_memclr4                          0x08000b97   Thumb Code     0  rt_memclr_w.o(.text)
    __aeabi_memclr8                          0x08000b97   Thumb Code     0  rt_memclr_w.o(.text)
    __rt_memclr_w                            0x08000b97   Thumb Code    78  rt_memclr_w.o(.text)
    _memset_w                                0x08000b9b   Thumb Code     0  rt_memclr_w.o(.text)
    __rt_locale                              0x08000be5   Thumb Code     8  rt_locale_intlibspace.o(.text)
    _ll_udiv10                               0x08000bed   Thumb Code   138  lludiv10.o(.text)
    _printf_fp_infnan                        0x08000c79   Thumb Code   112  _printf_fp_infnan.o(.text)
    _btod_etento                             0x08000cf9   Thumb Code   224  bigflt0.o(.text)
    __user_libspace                          0x08000ddd   Thumb Code     8  libspace.o(.text)
    __user_perproc_libspace                  0x08000ddd   Thumb Code     0  libspace.o(.text)
    __user_perthread_libspace                0x08000ddd   Thumb Code     0  libspace.o(.text)
    __user_setup_stackheap                   0x08000de5   Thumb Code    74  sys_stackheap_outer.o(.text)
    exit                                     0x08000e2f   Thumb Code    18  exit.o(.text)
    strcmp                                   0x08000e41   Thumb Code   128  strcmpv7m.o(.text)
    _sys_exit                                0x08000ec1   Thumb Code     8  sys_exit.o(.text)
    __I$use$semihosting                      0x08000ecd   Thumb Code     0  use_no_semi.o(.text)
    __use_no_semihosting_swi                 0x08000ecd   Thumb Code     2  use_no_semi.o(.text)
    __semihosting_library_function           0x08000ecf   Thumb Code     0  indicate_semi.o(.text)
    _btod_d2e                                0x08000ecf   Thumb Code    62  btod.o(CL$$btod_d2e)
    _d2e_denorm_low                          0x08000f0d   Thumb Code    70  btod.o(CL$$btod_d2e_denorm_low)
    _d2e_norm_op1                            0x08000f53   Thumb Code    96  btod.o(CL$$btod_d2e_norm_op1)
    __btod_div_common                        0x08000fb3   Thumb Code   696  btod.o(CL$$btod_div_common)
    _e2e                                     0x080012eb   Thumb Code   220  btod.o(CL$$btod_e2e)
    _btod_ediv                               0x080013c7   Thumb Code    42  btod.o(CL$$btod_ediv)
    _btod_emul                               0x080013f1   Thumb Code    42  btod.o(CL$$btod_emul)
    __btod_mult_common                       0x0800141b   Thumb Code   580  btod.o(CL$$btod_mult_common)
    AppTaskCreate                            0x08001661   Thumb Code   188  app_tasks.o(i.AppTaskCreate)
    BusFault_Handler                         0x080017c5   Thumb Code     4  stm32f10x_it.o(i.BusFault_Handler)
    Calibrate_Time                           0x080017e9   Thumb Code   214  app_tasks.o(i.Calibrate_Time)
    CheckAndTriggerUpload                    0x080018e5   Thumb Code   140  app_tasks.o(i.CheckAndTriggerUpload)
    CheckAndTriggerUpload_Status             0x0800199d   Thumb Code   138  app_tasks.o(i.CheckAndTriggerUpload_Status)
    CheckAndTriggerUpload_Weight             0x08001a59   Thumb Code    76  app_tasks.o(i.CheckAndTriggerUpload_Weight)
    Check_Alarm_Time                         0x08001b31   Thumb Code   136  app_tasks.o(i.Check_Alarm_Time)
    DH11_GPIO_Init_IN                        0x08001bbd   Thumb Code    38  dht11.o(i.DH11_GPIO_Init_IN)
    DH11_GPIO_Init_OUT                       0x08001be9   Thumb Code    38  dht11.o(i.DH11_GPIO_Init_OUT)
    DHT11_REC_Data                           0x08001c15   Thumb Code   124  dht11.o(i.DHT11_REC_Data)
    DHT11_Rec_Byte                           0x08001c99   Thumb Code    76  dht11.o(i.DHT11_Rec_Byte)
    DHT11_Start                              0x08001ce9   Thumb Code    54  dht11.o(i.DHT11_Start)
    DHT11_Task                               0x08001d25   Thumb Code   202  app_tasks.o(i.DHT11_Task)
    DebugMon_Handler                         0x08001e09   Thumb Code     2  stm32f10x_it.o(i.DebugMon_Handler)
    Delay_ms                                 0x08001e0b   Thumb Code    24  delay.o(i.Delay_ms)
    Delay_us                                 0x08001e25   Thumb Code    36  delay.o(i.Delay_us)
    Display_Task                             0x08001e4d   Thumb Code  2984  app_tasks.o(i.Display_Task)
    ESP8266_Clear                            0x08002a05   Thumb Code    20  esp8266.o(i.ESP8266_Clear)
    ESP8266_Init                             0x08002a21   Thumb Code   142  esp8266.o(i.ESP8266_Init)
    ESP8266_SendCmd                          0x08002af9   Thumb Code    76  esp8266.o(i.ESP8266_SendCmd)
    ESP8266_WaitRecive                       0x08002b4d   Thumb Code    42  esp8266.o(i.ESP8266_WaitRecive)
    ESP_ConnectMQTT                          0x08002b81   Thumb Code    74  esp8266.o(i.ESP_ConnectMQTT)
    ESP_MQTTPublish                          0x08002c4d   Thumb Code   136  esp8266.o(i.ESP_MQTTPublish)
    FLASH_ClearFlag                          0x08002d09   Thumb Code     6  stm32f10x_flash.o(i.FLASH_ClearFlag)
    FLASH_ErasePage                          0x08002d15   Thumb Code    72  stm32f10x_flash.o(i.FLASH_ErasePage)
    FLASH_GetBank1Status                     0x08002d61   Thumb Code    48  stm32f10x_flash.o(i.FLASH_GetBank1Status)
    FLASH_Lock                               0x08002d95   Thumb Code    14  stm32f10x_flash.o(i.FLASH_Lock)
    FLASH_ProgramHalfWord                    0x08002da9   Thumb Code    60  stm32f10x_flash.o(i.FLASH_ProgramHalfWord)
    FLASH_Unlock                             0x08002de9   Thumb Code    12  stm32f10x_flash.o(i.FLASH_Unlock)
    FLASH_WaitForLastOperation               0x08002e01   Thumb Code    38  stm32f10x_flash.o(i.FLASH_WaitForLastOperation)
    FlashStorage_Init                        0x08002e27   Thumb Code    14  flash_storage.o(i.FlashStorage_Init)
    FlashStorage_IsValid                     0x08002e35   Thumb Code    38  flash_storage.o(i.FlashStorage_IsValid)
    FlashStorage_LoadAlarms                  0x08002e65   Thumb Code    52  flash_storage.o(i.FlashStorage_LoadAlarms)
    FlashStorage_SaveAlarms                  0x08002e9d   Thumb Code   132  flash_storage.o(i.FlashStorage_SaveAlarms)
    GPIO_Init                                0x08002f29   Thumb Code   278  stm32f10x_gpio.o(i.GPIO_Init)
    GPIO_PinRemapConfig                      0x08003041   Thumb Code   138  stm32f10x_gpio.o(i.GPIO_PinRemapConfig)
    GPIO_ReadInputDataBit                    0x080030d1   Thumb Code    18  stm32f10x_gpio.o(i.GPIO_ReadInputDataBit)
    GPIO_ReadOutputDataBit                   0x080030e3   Thumb Code    18  stm32f10x_gpio.o(i.GPIO_ReadOutputDataBit)
    GPIO_ResetBits                           0x080030f5   Thumb Code     4  stm32f10x_gpio.o(i.GPIO_ResetBits)
    GPIO_SetBits                             0x080030f9   Thumb Code     4  stm32f10x_gpio.o(i.GPIO_SetBits)
    GPIO_WriteBit                            0x080030fd   Thumb Code    10  stm32f10x_gpio.o(i.GPIO_WriteBit)
    Get_Current_Time                         0x08003109   Thumb Code    68  app_tasks.o(i.Get_Current_Time)
    Get_Maopi                                0x0800315d   Thumb Code    40  hx711.o(i.Get_Maopi)
    Get_Weight                               0x08003189   Thumb Code   288  hx711.o(i.Get_Weight)
    HC06_Init                                0x080032cd   Thumb Code    84  hc06.o(i.HC06_Init)
    HC06_LoadFromFlash                       0x0800333d   Thumb Code    88  hc06.o(i.HC06_LoadFromFlash)
    HC06_ProcessByte                         0x08003399   Thumb Code   286  hc06.o(i.HC06_ProcessByte)
    HC06_SaveToFlash                         0x080034e9   Thumb Code    82  hc06.o(i.HC06_SaveToFlash)
    HX711_Read                               0x08003541   Thumb Code   132  hx711.o(i.HX711_Read)
    HX711_Task                               0x080035c9   Thumb Code   502  app_tasks.o(i.HX711_Task)
    HandleVoiceCommand                       0x0800381d   Thumb Code  5108  voice_command_handler.o(i.HandleVoiceCommand)
    HardFault_Handler                        0x08004c25   Thumb Code     4  stm32f10x_it.o(i.HardFault_Handler)
    Init_HX711pin                            0x08004c29   Thumb Code    72  hx711.o(i.Init_HX711pin)
    Is_Sync_Valid                            0x08004cbd   Thumb Code    38  app_tasks.o(i.Is_Sync_Valid)
    Key_GetPress                             0x08004cf1   Thumb Code    38  key.o(i.Key_GetPress)
    Key_Init                                 0x08004d1d   Thumb Code   166  key.o(i.Key_Init)
    Key_Scan                                 0x08004dfd   Thumb Code   150  key.o(i.Key_Scan)
    Key_Task                                 0x08004e99   Thumb Code  1108  app_tasks.o(i.Key_Task)
    LED0_OFF                                 0x080052ed   Thumb Code    12  led.o(i.LED0_OFF)
    LED0_ON                                  0x080052fd   Thumb Code    12  led.o(i.LED0_ON)
    LED0_Turn                                0x0800530d   Thumb Code    32  led.o(i.LED0_Turn)
    LED_Init                                 0x08005331   Thumb Code    46  led.o(i.LED_Init)
    LightSenor_Get                           0x08005365   Thumb Code    12  light.o(i.LightSenor_Get)
    LightSenor_Init                          0x08005375   Thumb Code    38  light.o(i.LightSenor_Init)
    MemManage_Handler                        0x080053a1   Thumb Code     4  stm32f10x_it.o(i.MemManage_Handler)
    NMI_Handler                              0x080053a5   Thumb Code     2  stm32f10x_it.o(i.NMI_Handler)
    NVIC_Init                                0x080053a9   Thumb Code   100  misc.o(i.NVIC_Init)
    NVIC_PriorityGroupConfig                 0x08005419   Thumb Code    10  misc.o(i.NVIC_PriorityGroupConfig)
    OLED_Clear                               0x0800542d   Thumb Code    82  oled.o(i.OLED_Clear)
    OLED_I2C_Init                            0x08005485   Thumb Code    76  oled.o(i.OLED_I2C_Init)
    OLED_I2C_SendByte                        0x080054d5   Thumb Code    88  oled.o(i.OLED_I2C_SendByte)
    OLED_I2C_Start                           0x08005531   Thumb Code    48  oled.o(i.OLED_I2C_Start)
    OLED_I2C_Stop                            0x08005565   Thumb Code    36  oled.o(i.OLED_I2C_Stop)
    OLED_Init                                0x0800558d   Thumb Code   174  oled.o(i.OLED_Init)
    OLED_Pow                                 0x0800563b   Thumb Code    20  oled.o(i.OLED_Pow)
    OLED_SetCursor                           0x0800564f   Thumb Code    40  oled.o(i.OLED_SetCursor)
    OLED_Show16x32Char                       0x08005679   Thumb Code   174  oled.o(i.OLED_Show16x32Char)
    OLED_ShowChar                            0x08005731   Thumb Code   150  oled.o(i.OLED_ShowChar)
    OLED_ShowNum                             0x080057d1   Thumb Code   198  oled.o(i.OLED_ShowNum)
    OLED_ShowString                          0x080058a1   Thumb Code   174  oled.o(i.OLED_ShowString)
    OLED_WriteCommand                        0x08005959   Thumb Code    32  oled.o(i.OLED_WriteCommand)
    OLED_WriteData                           0x08005979   Thumb Code    32  oled.o(i.OLED_WriteData)
    PWM_Init                                 0x08005999   Thumb Code   188  pwm.o(i.PWM_Init)
    PWM_SetCompare2                          0x08005a61   Thumb Code    16  pwm.o(i.PWM_SetCompare2)
    ProcessUploadQueue                       0x08005a71   Thumb Code   268  app_tasks.o(i.ProcessUploadQueue)
    RCC_APB1PeriphClockCmd                   0x08005c09   Thumb Code    26  stm32f10x_rcc.o(i.RCC_APB1PeriphClockCmd)
    RCC_APB2PeriphClockCmd                   0x08005c29   Thumb Code    26  stm32f10x_rcc.o(i.RCC_APB2PeriphClockCmd)
    RCC_GetClocksFreq                        0x08005c49   Thumb Code   192  stm32f10x_rcc.o(i.RCC_GetClocksFreq)
    ReadDHT11Data                            0x08005d1d   Thumb Code   152  app_tasks.o(i.ReadDHT11Data)
    RefreshAlarmDisplay                      0x08005df5   Thumb Code   162  voice_command_handler.o(i.RefreshAlarmDisplay)
    Servo_Close                              0x08005ebd   Thumb Code    10  app_tasks.o(i.Servo_Close)
    Servo_Open                               0x08005ec7   Thumb Code    10  app_tasks.o(i.Servo_Open)
    Servo_SendCommand                        0x08005ed1   Thumb Code    18  app_tasks.o(i.Servo_SendCommand)
    Servo_Task                               0x08005ee9   Thumb Code   128  app_tasks.o(i.Servo_Task)
    SysTick_Handler                          0x08006059   Thumb Code    16  stm32f10x_it.o(i.SysTick_Handler)
    SystemInit                               0x08006069   Thumb Code    78  system_stm32f10x.o(i.SystemInit)
    TIM4_Init                                0x080060c9   Thumb Code    64  timer.o(i.TIM4_Init)
    TIM_ARRPreloadConfig                     0x0800610d   Thumb Code    24  stm32f10x_tim.o(i.TIM_ARRPreloadConfig)
    TIM_Cmd                                  0x08006125   Thumb Code    24  stm32f10x_tim.o(i.TIM_Cmd)
    TIM_GetCounter                           0x0800613d   Thumb Code     6  stm32f10x_tim.o(i.TIM_GetCounter)
    TIM_InternalClockConfig                  0x08006143   Thumb Code    12  stm32f10x_tim.o(i.TIM_InternalClockConfig)
    TIM_OC2Init                              0x08006151   Thumb Code   154  stm32f10x_tim.o(i.TIM_OC2Init)
    TIM_OC2PreloadConfig                     0x080061f5   Thumb Code    26  stm32f10x_tim.o(i.TIM_OC2PreloadConfig)
    TIM_OCStructInit                         0x0800620f   Thumb Code    20  stm32f10x_tim.o(i.TIM_OCStructInit)
    TIM_SetCompare2                          0x08006223   Thumb Code     4  stm32f10x_tim.o(i.TIM_SetCompare2)
    TIM_SetCounter                           0x08006227   Thumb Code     4  stm32f10x_tim.o(i.TIM_SetCounter)
    TIM_TimeBaseInit                         0x0800622d   Thumb Code   122  stm32f10x_tim.o(i.TIM_TimeBaseInit)
    Time_Task                                0x080062d1   Thumb Code   464  app_tasks.o(i.Time_Task)
    USART1_IRQHandler                        0x08006519   Thumb Code    42  usart.o(i.USART1_IRQHandler)
    USART1_Init                              0x08006549   Thumb Code   158  usart.o(i.USART1_Init)
    USART2_IRQHandler                        0x080065f1   Thumb Code    64  esp8266.o(i.USART2_IRQHandler)
    USART2_Init                              0x0800663d   Thumb Code   152  usart.o(i.USART2_Init)
    USART3_IRQHandler                        0x080066dd   Thumb Code   114  xrvoice.o(i.USART3_IRQHandler)
    USART_ClearFlag                          0x08006769   Thumb Code    18  stm32f10x_usart.o(i.USART_ClearFlag)
    USART_ClearITPendingBit                  0x0800677b   Thumb Code    30  stm32f10x_usart.o(i.USART_ClearITPendingBit)
    USART_Cmd                                0x08006799   Thumb Code    24  stm32f10x_usart.o(i.USART_Cmd)
    USART_GetFlagStatus                      0x080067b1   Thumb Code    26  stm32f10x_usart.o(i.USART_GetFlagStatus)
    USART_GetITStatus                        0x080067cb   Thumb Code    84  stm32f10x_usart.o(i.USART_GetITStatus)
    USART_ITConfig                           0x0800681f   Thumb Code    74  stm32f10x_usart.o(i.USART_ITConfig)
    USART_Init                               0x08006869   Thumb Code   210  stm32f10x_usart.o(i.USART_Init)
    USART_ReceiveData                        0x08006941   Thumb Code    10  stm32f10x_usart.o(i.USART_ReceiveData)
    USART_SendData                           0x0800694b   Thumb Code     8  stm32f10x_usart.o(i.USART_SendData)
    UpdateAlarmTime                          0x08006955   Thumb Code    64  voice_command_handler.o(i.UpdateAlarmTime)
    UpdateDisplay                            0x08006999   Thumb Code     8  app_tasks.o(i.UpdateDisplay)
    Update_Time                              0x080069a1   Thumb Code   110  app_tasks.o(i.Update_Time)
    Upload_Task                              0x08006a21   Thumb Code    14  app_tasks.o(i.Upload_Task)
    UsageFault_Handler                       0x08006a2f   Thumb Code     4  stm32f10x_it.o(i.UsageFault_Handler)
    Usart_SendString                         0x08006a33   Thumb Code    48  usart.o(i.Usart_SendString)
    Voice_Play_Current_Time                  0x08006a73   Thumb Code    60  app_tasks.o(i.Voice_Play_Current_Time)
    Voice_Play_Current_Time_With_Period      0x08006ab1   Thumb Code    40  app_tasks.o(i.Voice_Play_Current_Time_With_Period)
    Voice_Play_Dot                           0x08006add   Thumb Code    12  app_tasks.o(i.Voice_Play_Dot)
    Voice_Play_Number_Full                   0x08006ae9   Thumb Code    64  app_tasks.o(i.Voice_Play_Number_Full)
    Voice_Play_Period                        0x08006b31   Thumb Code    82  app_tasks.o(i.Voice_Play_Period)
    Voice_Task                               0x08006b89   Thumb Code    72  app_tasks.o(i.Voice_Task)
    XRVoice_Init                             0x08006be1   Thumb Code   254  xrvoice.o(i.XRVoice_Init)
    XRVoice_PlayRaw                          0x08006de5   Thumb Code   118  xrvoice.o(i.XRVoice_PlayRaw)
    XRVoice_SetVolume                        0x08006ead   Thumb Code    40  xrvoice.o(i.XRVoice_SetVolume)
    XRVoice_Stop                             0x08006ee1   Thumb Code    16  xrvoice.o(i.XRVoice_Stop)
    XRVoice_Task                             0x08006efd   Thumb Code   100  xrvoice.o(i.XRVoice_Task)
    XRVoice_VolumeDown                       0x08006f71   Thumb Code     2  xrvoice.o(i.XRVoice_VolumeDown)
    XRVoice_VolumeUp                         0x08006f73   Thumb Code     2  xrvoice.o(i.XRVoice_VolumeUp)
    __ARM_fpclassify                         0x08006f75   Thumb Code    40  fpclassify.o(i.__ARM_fpclassify)
    _is_digit                                0x08006f9d   Thumb Code    14  __printf_wp.o(i._is_digit)
    main                                     0x08006fad   Thumb Code   260  main.o(i.main)
    pvPortMalloc                             0x08007a41   Thumb Code   188  heap_4.o(i.pvPortMalloc)
    pvTaskIncrementMutexHeldCount            0x08007b11   Thumb Code    26  tasks.o(i.pvTaskIncrementMutexHeldCount)
    pxPortInitialiseStack                    0x08007b31   Thumb Code    30  port.o(i.pxPortInitialiseStack)
    uxListRemove                             0x08007b55   Thumb Code    40  list.o(i.uxListRemove)
    vApplicationGetIdleTaskMemory            0x08007b7d   Thumb Code    14  app_tasks.o(i.vApplicationGetIdleTaskMemory)
    vApplicationGetTimerTaskMemory           0x08007b95   Thumb Code    14  app_tasks.o(i.vApplicationGetTimerTaskMemory)
    vListInitialise                          0x08007bad   Thumb Code    26  list.o(i.vListInitialise)
    vListInitialiseItem                      0x08007bc7   Thumb Code     6  list.o(i.vListInitialiseItem)
    vListInsert                              0x08007bcd   Thumb Code    52  list.o(i.vListInsert)
    vListInsertEnd                           0x08007c01   Thumb Code    24  list.o(i.vListInsertEnd)
    vPortEnterCritical                       0x08007c19   Thumb Code    30  port.o(i.vPortEnterCritical)
    vPortExitCritical                        0x08007c3d   Thumb Code    28  port.o(i.vPortExitCritical)
    vPortFree                                0x08007c5d   Thumb Code    64  heap_4.o(i.vPortFree)
    vPortSetupTimerInterrupt                 0x08007ca5   Thumb Code    14  port.o(i.vPortSetupTimerInterrupt)
    vQueueAddToRegistry                      0x08007cb9   Thumb Code    38  queue.o(i.vQueueAddToRegistry)
    vQueueWaitForMessageRestricted           0x08007ce5   Thumb Code    74  queue.o(i.vQueueWaitForMessageRestricted)
    vTaskDelay                               0x08007d31   Thumb Code    46  tasks.o(i.vTaskDelay)
    vTaskDelayUntil                          0x08007d65   Thumb Code   106  tasks.o(i.vTaskDelayUntil)
    vTaskDelete                              0x08007dd9   Thumb Code   166  tasks.o(i.vTaskDelete)
    vTaskMissedYield                         0x08007ea5   Thumb Code     8  tasks.o(i.vTaskMissedYield)
    vTaskPlaceOnEventList                    0x08007eb1   Thumb Code    28  tasks.o(i.vTaskPlaceOnEventList)
    vTaskPlaceOnEventListRestricted          0x08007ed1   Thumb Code    36  tasks.o(i.vTaskPlaceOnEventListRestricted)
    vTaskPriorityInherit                     0x08007ef9   Thumb Code   164  tasks.o(i.vTaskPriorityInherit)
    vTaskSetTimeOutState                     0x08007fa9   Thumb Code    14  tasks.o(i.vTaskSetTimeOutState)
    vTaskStartScheduler                      0x08007fc1   Thumb Code   120  tasks.o(i.vTaskStartScheduler)
    vTaskSuspendAll                          0x08008055   Thumb Code    12  tasks.o(i.vTaskSuspendAll)
    vTaskSwitchContext                       0x08008065   Thumb Code    76  tasks.o(i.vTaskSwitchContext)
    xPortStartScheduler                      0x080080c5   Thumb Code    42  port.o(i.xPortStartScheduler)
    xPortSysTickHandler                      0x080080f9   Thumb Code    46  port.o(i.xPortSysTickHandler)
    xQueueCreateMutex                        0x0800812d   Thumb Code    34  queue.o(i.xQueueCreateMutex)
    xQueueGenericCreate                      0x0800814f   Thumb Code    62  queue.o(i.xQueueGenericCreate)
    xQueueGenericCreateStatic                0x0800818d   Thumb Code    46  queue.o(i.xQueueGenericCreateStatic)
    xQueueGenericReceive                     0x080081bd   Thumb Code   342  queue.o(i.xQueueGenericReceive)
    xQueueGenericReset                       0x08008319   Thumb Code   122  queue.o(i.xQueueGenericReset)
    xQueueGenericSend                        0x08008399   Thumb Code   276  queue.o(i.xQueueGenericSend)
    xQueueGenericSendFromISR                 0x080084b1   Thumb Code   134  queue.o(i.xQueueGenericSendFromISR)
    xTaskCheckForTimeOut                     0x08008539   Thumb Code    84  tasks.o(i.xTaskCheckForTimeOut)
    xTaskCreate                              0x08008595   Thumb Code   100  tasks.o(i.xTaskCreate)
    xTaskCreateStatic                        0x080085f9   Thumb Code    78  tasks.o(i.xTaskCreateStatic)
    xTaskGetSchedulerState                   0x08008649   Thumb Code    24  tasks.o(i.xTaskGetSchedulerState)
    xTaskGetTickCount                        0x08008669   Thumb Code     6  tasks.o(i.xTaskGetTickCount)
    xTaskIncrementTick                       0x08008675   Thumb Code   238  tasks.o(i.xTaskIncrementTick)
    xTaskPriorityDisinherit                  0x08008791   Thumb Code   122  tasks.o(i.xTaskPriorityDisinherit)
    xTaskRemoveFromEventList                 0x08008815   Thumb Code   104  tasks.o(i.xTaskRemoveFromEventList)
    xTaskResumeAll                           0x08008895   Thumb Code   196  tasks.o(i.xTaskResumeAll)
    xTimerCreateTimerTask                    0x0800897d   Thumb Code    76  timers.o(i.xTimerCreateTimerTask)
    xTimerGenericCommand                     0x080089dd   Thumb Code   102  timers.o(i.xTimerGenericCommand)
    _get_lc_numeric                          0x08008a49   Thumb Code    44  lc_numeric_c.o(locale$$code)
    __fpl_dcmp_Inf                           0x08008a75   Thumb Code    24  dcmpi.o(x$fpl$dcmpinf)
    __aeabi_cdcmple                          0x08008a8d   Thumb Code     0  dleqf.o(x$fpl$dleqf)
    _dcmple                                  0x08008a8d   Thumb Code   120  dleqf.o(x$fpl$dleqf)
    __fpl_dcmple_InfNaN                      0x08008aef   Thumb Code     0  dleqf.o(x$fpl$dleqf)
    __fpl_dnaninf                            0x08008b05   Thumb Code   156  dnaninf.o(x$fpl$dnaninf)
    __fpl_dretinf                            0x08008ba1   Thumb Code    12  dretinf.o(x$fpl$dretinf)
    __aeabi_cdrcmple                         0x08008bad   Thumb Code     0  drleqf.o(x$fpl$drleqf)
    _drcmple                                 0x08008bad   Thumb Code   108  drleqf.o(x$fpl$drleqf)
    __aeabi_f2d                              0x08008c19   Thumb Code     0  f2d.o(x$fpl$f2d)
    _f2d                                     0x08008c19   Thumb Code    86  f2d.o(x$fpl$f2d)
    __aeabi_fadd                             0x08008c71   Thumb Code     0  faddsub_clz.o(x$fpl$fadd)
    _fadd                                    0x08008c71   Thumb Code   196  faddsub_clz.o(x$fpl$fadd)
    __fpl_fcmp_Inf                           0x08008d35   Thumb Code    24  fcmpi.o(x$fpl$fcmpinf)
    __aeabi_fdiv                             0x08008d4d   Thumb Code     0  fdiv.o(x$fpl$fdiv)
    _fdiv                                    0x08008d4d   Thumb Code   384  fdiv.o(x$fpl$fdiv)
    __aeabi_f2iz                             0x08008ed1   Thumb Code     0  ffix.o(x$fpl$ffix)
    _ffix                                    0x08008ed1   Thumb Code    54  ffix.o(x$fpl$ffix)
    __aeabi_f2uiz                            0x08008f09   Thumb Code     0  ffixu.o(x$fpl$ffixu)
    _ffixu                                   0x08008f09   Thumb Code    62  ffixu.o(x$fpl$ffixu)
    __aeabi_i2f                              0x08008f49   Thumb Code     0  fflt_clz.o(x$fpl$fflt)
    _fflt                                    0x08008f49   Thumb Code    48  fflt_clz.o(x$fpl$fflt)
    __aeabi_ui2f                             0x08008f79   Thumb Code     0  fflt_clz.o(x$fpl$ffltu)
    _ffltu                                   0x08008f79   Thumb Code    38  fflt_clz.o(x$fpl$ffltu)
    __aeabi_cfcmple                          0x08008fa1   Thumb Code     0  fleqf.o(x$fpl$fleqf)
    _fcmple                                  0x08008fa1   Thumb Code   104  fleqf.o(x$fpl$fleqf)
    __fpl_fcmple_InfNaN                      0x08008ff3   Thumb Code     0  fleqf.o(x$fpl$fleqf)
    __aeabi_fmul                             0x08009009   Thumb Code     0  fmul.o(x$fpl$fmul)
    _fmul                                    0x08009009   Thumb Code   258  fmul.o(x$fpl$fmul)
    __fpl_fnaninf                            0x0800910b   Thumb Code   140  fnaninf.o(x$fpl$fnaninf)
    __fpl_fretinf                            0x08009197   Thumb Code    10  fretinf.o(x$fpl$fretinf)
    __aeabi_cfrcmple                         0x080091a1   Thumb Code     0  frleqf.o(x$fpl$frleqf)
    _frcmple                                 0x080091a1   Thumb Code    98  frleqf.o(x$fpl$frleqf)
    __aeabi_fsub                             0x08009205   Thumb Code     0  faddsub_clz.o(x$fpl$fsub)
    _fsub                                    0x08009205   Thumb Code   234  faddsub_clz.o(x$fpl$fsub)
    _printf_fp_dec                           0x080092ef   Thumb Code     4  printf1.o(x$fpl$printf1)
    OLED_F8x16                               0x080092f2   Data        1520  oled.o(.constdata)
    __I$use$fp                               0x080092f2   Number         0  usenofp.o(x$fpl$usenofp)
    OLED_F16x16                              0x080098e2   Data          64  oled.o(.constdata)
    OLED_F16x32                              0x08009922   Data         704  oled.o(.constdata)
    Region$$Table$$Base                      0x08009cfc   Number         0  anon$$obj.o(Region$$Table)
    Region$$Table$$Limit                     0x08009d1c   Number         0  anon$$obj.o(Region$$Table)
    xOLEDMutex                               0x20000014   Data           4  oled.o(.data)
    esp8266_cnt                              0x20000018   Data           2  esp8266.o(.data)
    esp8266_cntPre                           0x2000001a   Data           2  esp8266.o(.data)
    HX711_Buffer                             0x2000001c   Data           4  hx711.o(.data)
    Weight_Maopi                             0x20000020   Data           4  hx711.o(.data)
    Weight_Shiwu                             0x20000024   Data           4  hx711.o(.data)
    Flag_Error                               0x20000028   Data           1  hx711.o(.data)
    xVoiceSemaphore                          0x20000044   Data           4  xrvoice.o(.data)
    g_bt_time                                0x20000068   Data           3  hc06.o(.data)
    g_bt_time_valid                          0x2000006b   Data           1  hc06.o(.data)
    g_bt_time_updated                        0x2000006c   Data           1  hc06.o(.data)
    g_bt_debug_buf                           0x2000006d   Data           3  hc06.o(.data)
    g_bt_debug_ready                         0x20000070   Data           1  hc06.o(.data)
    g_bt_rx_count                            0x20000071   Data           1  hc06.o(.data)
    g_bt_alarms                              0x20000072   Data           9  hc06.o(.data)
    g_bt_alarm_updated                       0x2000007b   Data           1  hc06.o(.data)
    g_bt_alarm_index                         0x2000007c   Data           1  hc06.o(.data)
    g_box_state                              0x20000088   Data           1  app_tasks.o(.data)
    g_alarm_state                            0x20000089   Data           1  app_tasks.o(.data)
    g_box_content_state                      0x2000008a   Data           1  app_tasks.o(.data)
    g_last_box_state                         0x2000008b   Data           1  app_tasks.o(.data)
    g_last_alarm_state                       0x2000008c   Data           1  app_tasks.o(.data)
    g_last_box_content_state                 0x2000008d   Data           1  app_tasks.o(.data)
    last_upload_weight                       0x20000090   Data           4  app_tasks.o(.data)
    g_upload_trigger_weight                  0x20000094   Data           1  app_tasks.o(.data)
    g_upload_trigger_status                  0x20000095   Data           1  app_tasks.o(.data)
    g_upload_trigger_temp                    0x20000096   Data           1  app_tasks.o(.data)
    g_upload_trigger_humid                   0x20000097   Data           1  app_tasks.o(.data)
    g_upload_trigger_box                     0x20000098   Data           1  app_tasks.o(.data)
    g_upload_trigger_alarm                   0x20000099   Data           1  app_tasks.o(.data)
    g_upload_trigger_box_content             0x2000009a   Data           1  app_tasks.o(.data)
    g_upload_status                          0x2000009b   Data           1  app_tasks.o(.data)
    g_upload_display_tick                    0x2000009c   Data           4  app_tasks.o(.data)
    g_need_upload                            0x200000a0   Data           1  app_tasks.o(.data)
    g_servo_cmd                              0x200000a1   Data           1  app_tasks.o(.data)
    g_servo_state                            0x200000a2   Data           1  app_tasks.o(.data)
    Servo_Task_Handle                        0x200000a4   Data           4  app_tasks.o(.data)
    g_alarm_ringing                          0x200000a8   Data           1  app_tasks.o(.data)
    g_light_changed                          0x200000a9   Data           1  app_tasks.o(.data)
    g_alarm_start_tick                       0x200000ac   Data           4  app_tasks.o(.data)
    g_last_alarm_play_tick                   0x200000b0   Data           4  app_tasks.o(.data)
    g_last_light_state                       0x200000b4   Data           1  app_tasks.o(.data)
    g_alarm_servo_state                      0x200000b5   Data           1  app_tasks.o(.data)
    g_last_led_toggle_tick                   0x200000b8   Data           4  app_tasks.o(.data)
    g_stop_empty_box_alarm                   0x200000bc   Data           1  app_tasks.o(.data)
    g_empty_box_alarm_active                 0x200000bd   Data           1  app_tasks.o(.data)
    display_mode                             0x200000be   Data           1  app_tasks.o(.data)
    temperature                              0x200000c0   Data           4  app_tasks.o(.data)
    humidity                                 0x200000c4   Data           4  app_tasks.o(.data)
    last_upload_temp                         0x200000c8   Data           4  app_tasks.o(.data)
    last_upload_humid                        0x200000cc   Data           4  app_tasks.o(.data)
    dht11_last_status                        0x200000d0   Data           1  app_tasks.o(.data)
    weight                                   0x200000d4   Data           4  app_tasks.o(.data)
    tare_done                                0x200000d8   Data           1  app_tasks.o(.data)
    current_hour                             0x200000d9   Data           1  app_tasks.o(.data)
    current_minute                           0x200000da   Data           1  app_tasks.o(.data)
    current_second                           0x200000db   Data           1  app_tasks.o(.data)
    g_key1_pressed                           0x200000dc   Data           1  app_tasks.o(.data)
    show_bt_time                             0x200000dd   Data           1  app_tasks.o(.data)
    g_last_hex                               0x200000de   Data           3  app_tasks.o(.data)
    g_hex_received                           0x200000e1   Data           1  app_tasks.o(.data)
    g_last_sync_tick                         0x200000e4   Data           4  app_tasks.o(.data)
    g_sync_status                            0x200000e8   Data           1  app_tasks.o(.data)
    g_time_task_run_count                    0x200000ec   Data           4  app_tasks.o(.data)
    g_edit_mode                              0x200000f0   Data           1  app_tasks.o(.data)
    g_edit_field                             0x200000f1   Data           1  app_tasks.o(.data)
    g_volume                                 0x200000f2   Data           1  app_tasks.o(.data)
    xTimeMutex                               0x200000f4   Data           4  app_tasks.o(.data)
    AppTaskCreate_Handle                     0x200000f8   Data           4  app_tasks.o(.data)
    HX711_Task_Handle                        0x200000fc   Data           4  app_tasks.o(.data)
    DHT11_Task_Handle                        0x20000100   Data           4  app_tasks.o(.data)
    Display_Task_Handle                      0x20000104   Data           4  app_tasks.o(.data)
    Upload_Task_Handle                       0x20000108   Data           4  app_tasks.o(.data)
    Key_Task_Handle                          0x2000010c   Data           4  app_tasks.o(.data)
    Time_Task_Handle                         0x20000110   Data           4  app_tasks.o(.data)
    Voice_Task_Handle                        0x20000114   Data           4  app_tasks.o(.data)
    g_voice_alarm_edit                       0x20000144   Data           1  voice_command_handler.o(.data)
    g_voice_alarm_index                      0x20000145   Data           1  voice_command_handler.o(.data)
    g_voice_alarm_hour                       0x20000146   Data           1  voice_command_handler.o(.data)
    g_voice_alarm_minute                     0x20000147   Data           1  voice_command_handler.o(.data)
    pxCurrentTCB                             0x20000148   Data           4  tasks.o(.data)
    esp8266_buf                              0x200001b4   Data        1280  esp8266.o(.bss)
    rec_data                                 0x200006b4   Data          16  dht11.o(.bss)
    Idle_Task_Stack                          0x20000744   Data         512  app_tasks.o(.bss)
    Timer_Task_Stack                         0x20000944   Data         512  app_tasks.o(.bss)
    Idle_Task_TCB                            0x20000b44   Data          84  app_tasks.o(.bss)
    Timer_Task_TCB                           0x20000b98   Data          84  app_tasks.o(.bss)
    xQueueRegistry                           0x20000bec   Data          64  queue.o(.bss)
    __libspace_start                         0x200049a0   Data          96  libspace.o(.bss)
    __temporary_stack_top$libspace           0x20004a00   Data           0  libspace.o(.bss)



==============================================================================

Memory Map of the image

  Image Entry point : 0x080000ed

  Load Region LR_IROM1 (Base: 0x08000000, Size: 0x00009eec, Max: 0x00010000, ABSOLUTE, COMPRESSED[0x00009d7c])

    Execution Region ER_IROM1 (Exec base: 0x08000000, Load base: 0x08000000, Size: 0x00009d38, Max: 0x00010000, ABSOLUTE)

    Exec Addr    Load Addr    Size         Type   Attr      Idx    E Section Name        Object

    0x08000000   0x08000000   0x000000ec   Data   RO            3    RESET               startup_stm32f10x_md.o
    0x080000ec   0x080000ec   0x00000008   Code   RO         5570  * !!!main             c_w.l(__main.o)
    0x080000f4   0x080000f4   0x00000034   Code   RO         5840    !!!scatter          c_w.l(__scatter.o)
    0x08000128   0x08000128   0x0000005a   Code   RO         5838    !!dczerorl2         c_w.l(__dczerorl2.o)
    0x08000182   0x08000182   0x00000002   PAD
    0x08000184   0x08000184   0x0000001c   Code   RO         5842    !!handler_zi        c_w.l(__scatter_zi.o)
    0x080001a0   0x080001a0   0x00000000   Code   RO         5559    .ARM.Collect$$_printf_percent$$00000000  c_w.l(_printf_percent.o)
    0x080001a0   0x080001a0   0x00000006   Code   RO         5558    .ARM.Collect$$_printf_percent$$00000003  c_w.l(_printf_f.o)
    0x080001a6   0x080001a6   0x00000006   Code   RO         5557    .ARM.Collect$$_printf_percent$$00000009  c_w.l(_printf_d.o)
    0x080001ac   0x080001ac   0x00000006   Code   RO         5556    .ARM.Collect$$_printf_percent$$00000014  c_w.l(_printf_s.o)
    0x080001b2   0x080001b2   0x00000004   Code   RO         5619    .ARM.Collect$$_printf_percent$$00000017  c_w.l(_printf_percent_end.o)
    0x080001b6   0x080001b6   0x00000002   Code   RO         5711    .ARM.Collect$$libinit$$00000000  c_w.l(libinit.o)
    0x080001b8   0x080001b8   0x00000000   Code   RO         5713    .ARM.Collect$$libinit$$00000002  c_w.l(libinit2.o)
    0x080001b8   0x080001b8   0x00000000   Code   RO         5715    .ARM.Collect$$libinit$$00000004  c_w.l(libinit2.o)
    0x080001b8   0x080001b8   0x00000000   Code   RO         5718    .ARM.Collect$$libinit$$0000000A  c_w.l(libinit2.o)
    0x080001b8   0x080001b8   0x00000000   Code   RO         5720    .ARM.Collect$$libinit$$0000000C  c_w.l(libinit2.o)
    0x080001b8   0x080001b8   0x00000000   Code   RO         5722    .ARM.Collect$$libinit$$0000000E  c_w.l(libinit2.o)
    0x080001b8   0x080001b8   0x00000006   Code   RO         5723    .ARM.Collect$$libinit$$0000000F  c_w.l(libinit2.o)
    0x080001be   0x080001be   0x00000000   Code   RO         5725    .ARM.Collect$$libinit$$00000011  c_w.l(libinit2.o)
    0x080001be   0x080001be   0x00000000   Code   RO         5727    .ARM.Collect$$libinit$$00000013  c_w.l(libinit2.o)
    0x080001be   0x080001be   0x00000000   Code   RO         5729    .ARM.Collect$$libinit$$00000015  c_w.l(libinit2.o)
    0x080001be   0x080001be   0x0000000a   Code   RO         5730    .ARM.Collect$$libinit$$00000016  c_w.l(libinit2.o)
    0x080001c8   0x080001c8   0x00000000   Code   RO         5731    .ARM.Collect$$libinit$$00000017  c_w.l(libinit2.o)
    0x080001c8   0x080001c8   0x00000000   Code   RO         5733    .ARM.Collect$$libinit$$00000019  c_w.l(libinit2.o)
    0x080001c8   0x080001c8   0x00000000   Code   RO         5735    .ARM.Collect$$libinit$$0000001B  c_w.l(libinit2.o)
    0x080001c8   0x080001c8   0x00000000   Code   RO         5737    .ARM.Collect$$libinit$$0000001D  c_w.l(libinit2.o)
    0x080001c8   0x080001c8   0x00000000   Code   RO         5739    .ARM.Collect$$libinit$$0000001F  c_w.l(libinit2.o)
    0x080001c8   0x080001c8   0x00000000   Code   RO         5741    .ARM.Collect$$libinit$$00000021  c_w.l(libinit2.o)
    0x080001c8   0x080001c8   0x00000000   Code   RO         5743    .ARM.Collect$$libinit$$00000023  c_w.l(libinit2.o)
    0x080001c8   0x080001c8   0x00000000   Code   RO         5745    .ARM.Collect$$libinit$$00000025  c_w.l(libinit2.o)
    0x080001c8   0x080001c8   0x00000000   Code   RO         5749    .ARM.Collect$$libinit$$0000002C  c_w.l(libinit2.o)
    0x080001c8   0x080001c8   0x00000000   Code   RO         5751    .ARM.Collect$$libinit$$0000002E  c_w.l(libinit2.o)
    0x080001c8   0x080001c8   0x00000000   Code   RO         5753    .ARM.Collect$$libinit$$00000030  c_w.l(libinit2.o)
    0x080001c8   0x080001c8   0x00000000   Code   RO         5755    .ARM.Collect$$libinit$$00000032  c_w.l(libinit2.o)
    0x080001c8   0x080001c8   0x00000002   Code   RO         5756    .ARM.Collect$$libinit$$00000033  c_w.l(libinit2.o)
    0x080001ca   0x080001ca   0x00000002   Code   RO         5786    .ARM.Collect$$libshutdown$$00000000  c_w.l(libshutdown.o)
    0x080001cc   0x080001cc   0x00000000   Code   RO         5797    .ARM.Collect$$libshutdown$$00000002  c_w.l(libshutdown2.o)
    0x080001cc   0x080001cc   0x00000000   Code   RO         5799    .ARM.Collect$$libshutdown$$00000004  c_w.l(libshutdown2.o)
    0x080001cc   0x080001cc   0x00000000   Code   RO         5802    .ARM.Collect$$libshutdown$$00000007  c_w.l(libshutdown2.o)
    0x080001cc   0x080001cc   0x00000000   Code   RO         5805    .ARM.Collect$$libshutdown$$0000000A  c_w.l(libshutdown2.o)
    0x080001cc   0x080001cc   0x00000000   Code   RO         5807    .ARM.Collect$$libshutdown$$0000000C  c_w.l(libshutdown2.o)
    0x080001cc   0x080001cc   0x00000000   Code   RO         5810    .ARM.Collect$$libshutdown$$0000000F  c_w.l(libshutdown2.o)
    0x080001cc   0x080001cc   0x00000002   Code   RO         5811    .ARM.Collect$$libshutdown$$00000010  c_w.l(libshutdown2.o)
    0x080001ce   0x080001ce   0x00000000   Code   RO         5608    .ARM.Collect$$rtentry$$00000000  c_w.l(__rtentry.o)
    0x080001ce   0x080001ce   0x00000000   Code   RO         5636    .ARM.Collect$$rtentry$$00000002  c_w.l(__rtentry2.o)
    0x080001ce   0x080001ce   0x00000006   Code   RO         5648    .ARM.Collect$$rtentry$$00000004  c_w.l(__rtentry4.o)
    0x080001d4   0x080001d4   0x00000000   Code   RO         5638    .ARM.Collect$$rtentry$$00000009  c_w.l(__rtentry2.o)
    0x080001d4   0x080001d4   0x00000004   Code   RO         5639    .ARM.Collect$$rtentry$$0000000A  c_w.l(__rtentry2.o)
    0x080001d8   0x080001d8   0x00000000   Code   RO         5641    .ARM.Collect$$rtentry$$0000000C  c_w.l(__rtentry2.o)
    0x080001d8   0x080001d8   0x00000008   Code   RO         5642    .ARM.Collect$$rtentry$$0000000D  c_w.l(__rtentry2.o)
    0x080001e0   0x080001e0   0x00000002   Code   RO         5757    .ARM.Collect$$rtexit$$00000000  c_w.l(rtexit.o)
    0x080001e2   0x080001e2   0x00000000   Code   RO         5764    .ARM.Collect$$rtexit$$00000002  c_w.l(rtexit2.o)
    0x080001e2   0x080001e2   0x00000004   Code   RO         5765    .ARM.Collect$$rtexit$$00000003  c_w.l(rtexit2.o)
    0x080001e6   0x080001e6   0x00000006   Code   RO         5766    .ARM.Collect$$rtexit$$00000004  c_w.l(rtexit2.o)
    0x080001ec   0x080001ec   0x00000096   Code   RO         5453    .emb_text           port.o
    0x08000282   0x08000282   0x00000002   PAD
    0x08000284   0x08000284   0x00000040   Code   RO            4    .text               startup_stm32f10x_md.o
    0x080002c4   0x080002c4   0x00000028   Code   RO         5528    .text               c_w.l(noretval__2sprintf.o)
    0x080002ec   0x080002ec   0x00000052   Code   RO         5532    .text               c_w.l(_printf_str.o)
    0x0800033e   0x0800033e   0x00000002   PAD
    0x08000340   0x08000340   0x00000078   Code   RO         5534    .text               c_w.l(_printf_dec.o)
    0x080003b8   0x080003b8   0x0000010e   Code   RO         5544    .text               c_w.l(__printf_wp.o)
    0x080004c6   0x080004c6   0x00000024   Code   RO         5560    .text               c_w.l(strstr.o)
    0x080004ea   0x080004ea   0x0000003e   Code   RO         5562    .text               c_w.l(strlen.o)
    0x08000528   0x08000528   0x0000008a   Code   RO         5564    .text               c_w.l(rt_memcpy_v6.o)
    0x080005b2   0x080005b2   0x00000044   Code   RO         5566    .text               c_w.l(rt_memclr.o)
    0x080005f6   0x080005f6   0x00000006   Code   RO         5568    .text               c_w.l(heapauxi.o)
    0x080005fc   0x080005fc   0x000000b2   Code   RO         5609    .text               c_w.l(_printf_intcommon.o)
    0x080006ae   0x080006ae   0x0000041e   Code   RO         5611    .text               c_w.l(_printf_fp_dec.o)
    0x08000acc   0x08000acc   0x00000030   Code   RO         5613    .text               c_w.l(_printf_char_common.o)
    0x08000afc   0x08000afc   0x0000000a   Code   RO         5615    .text               c_w.l(_sputc.o)
    0x08000b06   0x08000b06   0x0000002c   Code   RO         5617    .text               c_w.l(_printf_char.o)
    0x08000b32   0x08000b32   0x00000064   Code   RO         5620    .text               c_w.l(rt_memcpy_w.o)
    0x08000b96   0x08000b96   0x0000004e   Code   RO         5622    .text               c_w.l(rt_memclr_w.o)
    0x08000be4   0x08000be4   0x00000008   Code   RO         5653    .text               c_w.l(rt_locale_intlibspace.o)
    0x08000bec   0x08000bec   0x0000008a   Code   RO         5655    .text               c_w.l(lludiv10.o)
    0x08000c76   0x08000c76   0x00000002   PAD
    0x08000c78   0x08000c78   0x00000080   Code   RO         5657    .text               c_w.l(_printf_fp_infnan.o)
    0x08000cf8   0x08000cf8   0x000000e4   Code   RO         5661    .text               c_w.l(bigflt0.o)
    0x08000ddc   0x08000ddc   0x00000008   Code   RO         5697    .text               c_w.l(libspace.o)
    0x08000de4   0x08000de4   0x0000004a   Code   RO         5700    .text               c_w.l(sys_stackheap_outer.o)
    0x08000e2e   0x08000e2e   0x00000012   Code   RO         5702    .text               c_w.l(exit.o)
    0x08000e40   0x08000e40   0x00000080   Code   RO         5704    .text               c_w.l(strcmpv7m.o)
    0x08000ec0   0x08000ec0   0x0000000c   Code   RO         5776    .text               c_w.l(sys_exit.o)
    0x08000ecc   0x08000ecc   0x00000002   Code   RO         5787    .text               c_w.l(use_no_semi.o)
    0x08000ece   0x08000ece   0x00000000   Code   RO         5789    .text               c_w.l(indicate_semi.o)
    0x08000ece   0x08000ece   0x0000003e   Code   RO         5664    CL$$btod_d2e        c_w.l(btod.o)
    0x08000f0c   0x08000f0c   0x00000046   Code   RO         5666    CL$$btod_d2e_denorm_low  c_w.l(btod.o)
    0x08000f52   0x08000f52   0x00000060   Code   RO         5665    CL$$btod_d2e_norm_op1  c_w.l(btod.o)
    0x08000fb2   0x08000fb2   0x00000338   Code   RO         5674    CL$$btod_div_common  c_w.l(btod.o)
    0x080012ea   0x080012ea   0x000000dc   Code   RO         5671    CL$$btod_e2e        c_w.l(btod.o)
    0x080013c6   0x080013c6   0x0000002a   Code   RO         5668    CL$$btod_ediv       c_w.l(btod.o)
    0x080013f0   0x080013f0   0x0000002a   Code   RO         5667    CL$$btod_emul       c_w.l(btod.o)
    0x0800141a   0x0800141a   0x00000244   Code   RO         5673    CL$$btod_mult_common  c_w.l(btod.o)
    0x0800165e   0x0800165e   0x00000002   PAD
    0x08001660   0x08001660   0x00000164   Code   RO         4367    i.AppTaskCreate     app_tasks.o
    0x080017c4   0x080017c4   0x00000004   Code   RO         4316    i.BusFault_Handler  stm32f10x_it.o
    0x080017c8   0x080017c8   0x0000001e   Code   RO         4243    i.CalculateChecksum  flash_storage.o
    0x080017e6   0x080017e6   0x00000002   PAD
    0x080017e8   0x080017e8   0x000000fc   Code   RO         4368    i.Calibrate_Time    app_tasks.o
    0x080018e4   0x080018e4   0x000000b8   Code   RO         4369    i.CheckAndTriggerUpload  app_tasks.o
    0x0800199c   0x0800199c   0x000000bc   Code   RO         4370    i.CheckAndTriggerUpload_Status  app_tasks.o
    0x08001a58   0x08001a58   0x00000068   Code   RO         4371    i.CheckAndTriggerUpload_Weight  app_tasks.o
    0x08001ac0   0x08001ac0   0x00000028   Code   RO         3967    i.CheckSelfSentTimeout  xrvoice.o
    0x08001ae8   0x08001ae8   0x00000048   Code   RO         3968    i.CheckWakeupTimeout  xrvoice.o
    0x08001b30   0x08001b30   0x0000008c   Code   RO         4372    i.Check_Alarm_Time  app_tasks.o
    0x08001bbc   0x08001bbc   0x0000002c   Code   RO         3717    i.DH11_GPIO_Init_IN  dht11.o
    0x08001be8   0x08001be8   0x0000002c   Code   RO         3718    i.DH11_GPIO_Init_OUT  dht11.o
    0x08001c14   0x08001c14   0x00000084   Code   RO         3719    i.DHT11_REC_Data    dht11.o
    0x08001c98   0x08001c98   0x00000050   Code   RO         3720    i.DHT11_Rec_Byte    dht11.o
    0x08001ce8   0x08001ce8   0x0000003c   Code   RO         3721    i.DHT11_Start       dht11.o
    0x08001d24   0x08001d24   0x000000e4   Code   RO         4373    i.DHT11_Task        app_tasks.o
    0x08001e08   0x08001e08   0x00000002   Code   RO         4317    i.DebugMon_Handler  stm32f10x_it.o
    0x08001e0a   0x08001e0a   0x00000018   Code   RO         3196    i.Delay_ms          delay.o
    0x08001e22   0x08001e22   0x00000002   PAD
    0x08001e24   0x08001e24   0x00000028   Code   RO         3200    i.Delay_us          delay.o
    0x08001e4c   0x08001e4c   0x00000bb8   Code   RO         4374    i.Display_Task      app_tasks.o
    0x08002a04   0x08002a04   0x0000001c   Code   RO         3519    i.ESP8266_Clear     esp8266.o
    0x08002a20   0x08002a20   0x000000d8   Code   RO         3520    i.ESP8266_Init      esp8266.o
    0x08002af8   0x08002af8   0x00000054   Code   RO         3521    i.ESP8266_SendCmd   esp8266.o
    0x08002b4c   0x08002b4c   0x00000034   Code   RO         3523    i.ESP8266_WaitRecive  esp8266.o
    0x08002b80   0x08002b80   0x000000cc   Code   RO         3524    i.ESP_ConnectMQTT   esp8266.o
    0x08002c4c   0x08002c4c   0x000000bc   Code   RO         3525    i.ESP_MQTTPublish   esp8266.o
    0x08002d08   0x08002d08   0x0000000c   Code   RO         1041    i.FLASH_ClearFlag   stm32f10x_flash.o
    0x08002d14   0x08002d14   0x0000004c   Code   RO         1046    i.FLASH_ErasePage   stm32f10x_flash.o
    0x08002d60   0x08002d60   0x00000034   Code   RO         1047    i.FLASH_GetBank1Status  stm32f10x_flash.o
    0x08002d94   0x08002d94   0x00000014   Code   RO         1056    i.FLASH_Lock        stm32f10x_flash.o
    0x08002da8   0x08002da8   0x00000040   Code   RO         1059    i.FLASH_ProgramHalfWord  stm32f10x_flash.o
    0x08002de8   0x08002de8   0x00000018   Code   RO         1064    i.FLASH_Unlock      stm32f10x_flash.o
    0x08002e00   0x08002e00   0x00000026   Code   RO         1068    i.FLASH_WaitForLastOperation  stm32f10x_flash.o
    0x08002e26   0x08002e26   0x0000000e   Code   RO         4244    i.FlashStorage_Init  flash_storage.o
    0x08002e34   0x08002e34   0x00000030   Code   RO         4245    i.FlashStorage_IsValid  flash_storage.o
    0x08002e64   0x08002e64   0x00000038   Code   RO         4246    i.FlashStorage_LoadAlarms  flash_storage.o
    0x08002e9c   0x08002e9c   0x0000008c   Code   RO         4247    i.FlashStorage_SaveAlarms  flash_storage.o
    0x08002f28   0x08002f28   0x00000116   Code   RO         1347    i.GPIO_Init         stm32f10x_gpio.o
    0x0800303e   0x0800303e   0x00000002   PAD
    0x08003040   0x08003040   0x00000090   Code   RO         1349    i.GPIO_PinRemapConfig  stm32f10x_gpio.o
    0x080030d0   0x080030d0   0x00000012   Code   RO         1351    i.GPIO_ReadInputDataBit  stm32f10x_gpio.o
    0x080030e2   0x080030e2   0x00000012   Code   RO         1353    i.GPIO_ReadOutputDataBit  stm32f10x_gpio.o
    0x080030f4   0x080030f4   0x00000004   Code   RO         1354    i.GPIO_ResetBits    stm32f10x_gpio.o
    0x080030f8   0x080030f8   0x00000004   Code   RO         1355    i.GPIO_SetBits      stm32f10x_gpio.o
    0x080030fc   0x080030fc   0x0000000a   Code   RO         1358    i.GPIO_WriteBit     stm32f10x_gpio.o
    0x08003106   0x08003106   0x00000002   PAD
    0x08003108   0x08003108   0x00000054   Code   RO         4376    i.Get_Current_Time  app_tasks.o
    0x0800315c   0x0800315c   0x0000002c   Code   RO         3762    i.Get_Maopi         hx711.o
    0x08003188   0x08003188   0x00000144   Code   RO         3763    i.Get_Weight        hx711.o
    0x080032cc   0x080032cc   0x00000070   Code   RO         4104    i.HC06_Init         hc06.o
    0x0800333c   0x0800333c   0x0000005c   Code   RO         4105    i.HC06_LoadFromFlash  hc06.o
    0x08003398   0x08003398   0x00000150   Code   RO         4106    i.HC06_ProcessByte  hc06.o
    0x080034e8   0x080034e8   0x00000058   Code   RO         4107    i.HC06_SaveToFlash  hc06.o
    0x08003540   0x08003540   0x00000088   Code   RO         3764    i.HX711_Read        hx711.o
    0x080035c8   0x080035c8   0x00000254   Code   RO         4377    i.HX711_Task        app_tasks.o
    0x0800381c   0x0800381c   0x00001408   Code   RO         4595    i.HandleVoiceCommand  voice_command_handler.o
    0x08004c24   0x08004c24   0x00000004   Code   RO         4318    i.HardFault_Handler  stm32f10x_it.o
    0x08004c28   0x08004c28   0x0000004c   Code   RO         3765    i.Init_HX711pin     hx711.o
    0x08004c74   0x08004c74   0x00000048   Code   RO         3969    i.IsSelfLoopback    xrvoice.o
    0x08004cbc   0x08004cbc   0x00000034   Code   RO         4378    i.Is_Sync_Valid     app_tasks.o
    0x08004cf0   0x08004cf0   0x0000002c   Code   RO         3891    i.Key_GetPress      key.o
    0x08004d1c   0x08004d1c   0x000000b0   Code   RO         3892    i.Key_Init          key.o
    0x08004dcc   0x08004dcc   0x00000030   Code   RO         3893    i.Key_ReadPin       key.o
    0x08004dfc   0x08004dfc   0x0000009c   Code   RO         3894    i.Key_Scan          key.o
    0x08004e98   0x08004e98   0x00000454   Code   RO         4379    i.Key_Task          app_tasks.o
    0x080052ec   0x080052ec   0x00000010   Code   RO         3311    i.LED0_OFF          led.o
    0x080052fc   0x080052fc   0x00000010   Code   RO         3312    i.LED0_ON           led.o
    0x0800530c   0x0800530c   0x00000024   Code   RO         3313    i.LED0_Turn         led.o
    0x08005330   0x08005330   0x00000034   Code   RO         3314    i.LED_Init          led.o
    0x08005364   0x08005364   0x00000010   Code   RO         3931    i.LightSenor_Get    light.o
    0x08005374   0x08005374   0x0000002c   Code   RO         3932    i.LightSenor_Init   light.o
    0x080053a0   0x080053a0   0x00000004   Code   RO         4319    i.MemManage_Handler  stm32f10x_it.o
    0x080053a4   0x080053a4   0x00000002   Code   RO         4320    i.NMI_Handler       stm32f10x_it.o
    0x080053a6   0x080053a6   0x00000002   PAD
    0x080053a8   0x080053a8   0x00000070   Code   RO          137    i.NVIC_Init         misc.o
    0x08005418   0x08005418   0x00000014   Code   RO          138    i.NVIC_PriorityGroupConfig  misc.o
    0x0800542c   0x0800542c   0x00000058   Code   RO         3341    i.OLED_Clear        oled.o
    0x08005484   0x08005484   0x00000050   Code   RO         3342    i.OLED_I2C_Init     oled.o
    0x080054d4   0x080054d4   0x0000005c   Code   RO         3343    i.OLED_I2C_SendByte  oled.o
    0x08005530   0x08005530   0x00000034   Code   RO         3344    i.OLED_I2C_Start    oled.o
    0x08005564   0x08005564   0x00000028   Code   RO         3345    i.OLED_I2C_Stop     oled.o
    0x0800558c   0x0800558c   0x000000ae   Code   RO         3346    i.OLED_Init         oled.o
    0x0800563a   0x0800563a   0x00000014   Code   RO         3347    i.OLED_Pow          oled.o
    0x0800564e   0x0800564e   0x00000028   Code   RO         3348    i.OLED_SetCursor    oled.o
    0x08005676   0x08005676   0x00000002   PAD
    0x08005678   0x08005678   0x000000b8   Code   RO         3349    i.OLED_Show16x32Char  oled.o
    0x08005730   0x08005730   0x000000a0   Code   RO         3353    i.OLED_ShowChar     oled.o
    0x080057d0   0x080057d0   0x000000d0   Code   RO         3356    i.OLED_ShowNum      oled.o
    0x080058a0   0x080058a0   0x000000b8   Code   RO         3358    i.OLED_ShowString   oled.o
    0x08005958   0x08005958   0x00000020   Code   RO         3361    i.OLED_WriteCommand  oled.o
    0x08005978   0x08005978   0x00000020   Code   RO         3362    i.OLED_WriteData    oled.o
    0x08005998   0x08005998   0x000000c8   Code   RO         3949    i.PWM_Init          pwm.o
    0x08005a60   0x08005a60   0x00000010   Code   RO         3950    i.PWM_SetCompare2   pwm.o
    0x08005a70   0x08005a70   0x00000198   Code   RO         4380    i.ProcessUploadQueue  app_tasks.o
    0x08005c08   0x08005c08   0x00000020   Code   RO         1775    i.RCC_APB1PeriphClockCmd  stm32f10x_rcc.o
    0x08005c28   0x08005c28   0x00000020   Code   RO         1777    i.RCC_APB2PeriphClockCmd  stm32f10x_rcc.o
    0x08005c48   0x08005c48   0x000000d4   Code   RO         1785    i.RCC_GetClocksFreq  stm32f10x_rcc.o
    0x08005d1c   0x08005d1c   0x000000a8   Code   RO         4381    i.ReadDHT11Data     app_tasks.o
    0x08005dc4   0x08005dc4   0x00000030   Code   RO         3970    i.RecordSelfSent    xrvoice.o
    0x08005df4   0x08005df4   0x000000c8   Code   RO         4596    i.RefreshAlarmDisplay  voice_command_handler.o
    0x08005ebc   0x08005ebc   0x0000000a   Code   RO         4382    i.Servo_Close       app_tasks.o
    0x08005ec6   0x08005ec6   0x0000000a   Code   RO         4383    i.Servo_Open        app_tasks.o
    0x08005ed0   0x08005ed0   0x00000018   Code   RO         4384    i.Servo_SendCommand  app_tasks.o
    0x08005ee8   0x08005ee8   0x00000088   Code   RO         4385    i.Servo_Task        app_tasks.o
    0x08005f70   0x08005f70   0x00000008   Code   RO           24    i.SetSysClock       system_stm32f10x.o
    0x08005f78   0x08005f78   0x000000e0   Code   RO           25    i.SetSysClockTo72   system_stm32f10x.o
    0x08006058   0x08006058   0x00000010   Code   RO         4321    i.SysTick_Handler   stm32f10x_it.o
    0x08006068   0x08006068   0x00000060   Code   RO           27    i.SystemInit        system_stm32f10x.o
    0x080060c8   0x080060c8   0x00000044   Code   RO         3238    i.TIM4_Init         timer.o
    0x0800610c   0x0800610c   0x00000018   Code   RO         2409    i.TIM_ARRPreloadConfig  stm32f10x_tim.o
    0x08006124   0x08006124   0x00000018   Code   RO         2421    i.TIM_Cmd           stm32f10x_tim.o
    0x0800613c   0x0800613c   0x00000006   Code   RO         2440    i.TIM_GetCounter    stm32f10x_tim.o
    0x08006142   0x08006142   0x0000000c   Code   RO         2448    i.TIM_InternalClockConfig  stm32f10x_tim.o
    0x0800614e   0x0800614e   0x00000002   PAD
    0x08006150   0x08006150   0x000000a4   Code   RO         2455    i.TIM_OC2Init       stm32f10x_tim.o
    0x080061f4   0x080061f4   0x0000001a   Code   RO         2458    i.TIM_OC2PreloadConfig  stm32f10x_tim.o
    0x0800620e   0x0800620e   0x00000014   Code   RO         2468    i.TIM_OCStructInit  stm32f10x_tim.o
    0x08006222   0x08006222   0x00000004   Code   RO         2483    i.TIM_SetCompare2   stm32f10x_tim.o
    0x08006226   0x08006226   0x00000004   Code   RO         2486    i.TIM_SetCounter    stm32f10x_tim.o
    0x0800622a   0x0800622a   0x00000002   PAD
    0x0800622c   0x0800622c   0x000000a4   Code   RO         2492    i.TIM_TimeBaseInit  stm32f10x_tim.o
    0x080062d0   0x080062d0   0x00000248   Code   RO         4386    i.Time_Task         app_tasks.o
    0x08006518   0x08006518   0x00000030   Code   RO         3597    i.USART1_IRQHandler  usart.o
    0x08006548   0x08006548   0x000000a8   Code   RO         3598    i.USART1_Init       usart.o
    0x080065f0   0x080065f0   0x0000004c   Code   RO         3526    i.USART2_IRQHandler  esp8266.o
    0x0800663c   0x0800663c   0x000000a0   Code   RO         3599    i.USART2_Init       usart.o
    0x080066dc   0x080066dc   0x0000008c   Code   RO         3971    i.USART3_IRQHandler  xrvoice.o
    0x08006768   0x08006768   0x00000012   Code   RO         2956    i.USART_ClearFlag   stm32f10x_usart.o
    0x0800677a   0x0800677a   0x0000001e   Code   RO         2957    i.USART_ClearITPendingBit  stm32f10x_usart.o
    0x08006798   0x08006798   0x00000018   Code   RO         2960    i.USART_Cmd         stm32f10x_usart.o
    0x080067b0   0x080067b0   0x0000001a   Code   RO         2963    i.USART_GetFlagStatus  stm32f10x_usart.o
    0x080067ca   0x080067ca   0x00000054   Code   RO         2964    i.USART_GetITStatus  stm32f10x_usart.o
    0x0800681e   0x0800681e   0x0000004a   Code   RO         2966    i.USART_ITConfig    stm32f10x_usart.o
    0x08006868   0x08006868   0x000000d8   Code   RO         2967    i.USART_Init        stm32f10x_usart.o
    0x08006940   0x08006940   0x0000000a   Code   RO         2974    i.USART_ReceiveData  stm32f10x_usart.o
    0x0800694a   0x0800694a   0x00000008   Code   RO         2977    i.USART_SendData    stm32f10x_usart.o
    0x08006952   0x08006952   0x00000002   PAD
    0x08006954   0x08006954   0x00000044   Code   RO         4597    i.UpdateAlarmTime   voice_command_handler.o
    0x08006998   0x08006998   0x00000008   Code   RO         4387    i.UpdateDisplay     app_tasks.o
    0x080069a0   0x080069a0   0x00000080   Code   RO         4388    i.Update_Time       app_tasks.o
    0x08006a20   0x08006a20   0x0000000e   Code   RO         4389    i.Upload_Task       app_tasks.o
    0x08006a2e   0x08006a2e   0x00000004   Code   RO         4322    i.UsageFault_Handler  stm32f10x_it.o
    0x08006a32   0x08006a32   0x00000030   Code   RO         3600    i.Usart_SendString  usart.o
    0x08006a62   0x08006a62   0x00000010   Code   RO         4390    i.Voice_Command_Callback  app_tasks.o
    0x08006a72   0x08006a72   0x0000003c   Code   RO         4392    i.Voice_Play_Current_Time  app_tasks.o
    0x08006aae   0x08006aae   0x00000002   PAD
    0x08006ab0   0x08006ab0   0x0000002c   Code   RO         4393    i.Voice_Play_Current_Time_With_Period  app_tasks.o
    0x08006adc   0x08006adc   0x0000000c   Code   RO         4394    i.Voice_Play_Dot    app_tasks.o
    0x08006ae8   0x08006ae8   0x00000048   Code   RO         4396    i.Voice_Play_Number_Full  app_tasks.o
    0x08006b30   0x08006b30   0x00000058   Code   RO         4397    i.Voice_Play_Period  app_tasks.o
    0x08006b88   0x08006b88   0x00000058   Code   RO         4398    i.Voice_Task        app_tasks.o
    0x08006be0   0x08006be0   0x00000144   Code   RO         3972    i.XRVoice_Init      xrvoice.o
    0x08006d24   0x08006d24   0x000000c0   Code   RO         3974    i.XRVoice_ParseCommand  xrvoice.o
    0x08006de4   0x08006de4   0x00000090   Code   RO         3976    i.XRVoice_PlayRaw   xrvoice.o
    0x08006e74   0x08006e74   0x00000038   Code   RO         3977    i.XRVoice_Send      xrvoice.o
    0x08006eac   0x08006eac   0x00000034   Code   RO         3978    i.XRVoice_SetVolume  xrvoice.o
    0x08006ee0   0x08006ee0   0x0000001c   Code   RO         3979    i.XRVoice_Stop      xrvoice.o
    0x08006efc   0x08006efc   0x00000074   Code   RO         3980    i.XRVoice_Task      xrvoice.o
    0x08006f70   0x08006f70   0x00000002   Code   RO         3981    i.XRVoice_VolumeDown  xrvoice.o
    0x08006f72   0x08006f72   0x00000002   Code   RO         3985    i.XRVoice_VolumeUp  xrvoice.o
    0x08006f74   0x08006f74   0x00000028   Code   RO         5695    i.__ARM_fpclassify  m_ws.l(fpclassify.o)
    0x08006f9c   0x08006f9c   0x0000000e   Code   RO         5546    i._is_digit         c_w.l(__printf_wp.o)
    0x08006faa   0x08006faa   0x00000002   PAD
    0x08006fac   0x08006fac   0x00000194   Code   RO         4278    i.main              main.o
    0x08007140   0x08007140   0x00000098   Code   RO         4964    i.prvAddCurrentTaskToDelayedList  tasks.o
    0x080071d8   0x080071d8   0x000000b4   Code   RO         4965    i.prvAddNewTaskToReadyList  tasks.o
    0x0800728c   0x0800728c   0x00000074   Code   RO         5280    i.prvCheckForValidListAndQueue  timers.o
    0x08007300   0x08007300   0x00000064   Code   RO         4966    i.prvCheckTasksWaitingTermination  tasks.o
    0x08007364   0x08007364   0x0000002a   Code   RO         4767    i.prvCopyDataFromQueue  queue.o
    0x0800738e   0x0800738e   0x0000007c   Code   RO         4768    i.prvCopyDataToQueue  queue.o
    0x0800740a   0x0800740a   0x00000028   Code   RO         4967    i.prvDeleteTCB      tasks.o
    0x08007432   0x08007432   0x00000002   PAD
    0x08007434   0x08007434   0x00000028   Code   RO         5281    i.prvGetNextExpireTime  timers.o
    0x0800745c   0x0800745c   0x0000007c   Code   RO         5404    i.prvHeapInit       heap_4.o
    0x080074d8   0x080074d8   0x00000028   Code   RO         4968    i.prvIdleTask       tasks.o
    0x08007500   0x08007500   0x0000001c   Code   RO         4769    i.prvInitialiseMutex  queue.o
    0x0800751c   0x0800751c   0x00000026   Code   RO         4770    i.prvInitialiseNewQueue  queue.o
    0x08007542   0x08007542   0x00000086   Code   RO         4969    i.prvInitialiseNewTask  tasks.o
    0x080075c8   0x080075c8   0x00000068   Code   RO         4970    i.prvInitialiseTaskLists  tasks.o
    0x08007630   0x08007630   0x00000068   Code   RO         5405    i.prvInsertBlockIntoFreeList  heap_4.o
    0x08007698   0x08007698   0x00000058   Code   RO         5283    i.prvInsertTimerInActiveList  timers.o
    0x080076f0   0x080076f0   0x0000001a   Code   RO         4771    i.prvIsQueueEmpty   queue.o
    0x0800770a   0x0800770a   0x0000001e   Code   RO         4772    i.prvIsQueueFull    queue.o
    0x08007728   0x08007728   0x0000004c   Code   RO         5284    i.prvProcessExpiredTimer  timers.o
    0x08007774   0x08007774   0x000000c4   Code   RO         5285    i.prvProcessReceivedCommands  timers.o
    0x08007838   0x08007838   0x00000074   Code   RO         5286    i.prvProcessTimerOrBlockTask  timers.o
    0x080078ac   0x080078ac   0x00000034   Code   RO         4971    i.prvResetNextTaskUnblockTime  tasks.o
    0x080078e0   0x080078e0   0x0000002c   Code   RO         5287    i.prvSampleTimeNow  timers.o
    0x0800790c   0x0800790c   0x00000084   Code   RO         5288    i.prvSwitchTimerLists  timers.o
    0x08007990   0x08007990   0x00000016   Code   RO         5454    i.prvTaskExitError  port.o
    0x080079a6   0x080079a6   0x0000001a   Code   RO         5289    i.prvTimerTask      timers.o
    0x080079c0   0x080079c0   0x0000007e   Code   RO         4773    i.prvUnlockQueue    queue.o
    0x08007a3e   0x08007a3e   0x00000002   PAD
    0x08007a40   0x08007a40   0x000000d0   Code   RO         5406    i.pvPortMalloc      heap_4.o
    0x08007b10   0x08007b10   0x00000020   Code   RO         4973    i.pvTaskIncrementMutexHeldCount  tasks.o
    0x08007b30   0x08007b30   0x00000024   Code   RO         5455    i.pxPortInitialiseStack  port.o
    0x08007b54   0x08007b54   0x00000028   Code   RO         4730    i.uxListRemove      list.o
    0x08007b7c   0x08007b7c   0x00000018   Code   RO         4399    i.vApplicationGetIdleTaskMemory  app_tasks.o
    0x08007b94   0x08007b94   0x00000018   Code   RO         4400    i.vApplicationGetTimerTaskMemory  app_tasks.o
    0x08007bac   0x08007bac   0x0000001a   Code   RO         4731    i.vListInitialise   list.o
    0x08007bc6   0x08007bc6   0x00000006   Code   RO         4732    i.vListInitialiseItem  list.o
    0x08007bcc   0x08007bcc   0x00000034   Code   RO         4733    i.vListInsert       list.o
    0x08007c00   0x08007c00   0x00000018   Code   RO         4734    i.vListInsertEnd    list.o
    0x08007c18   0x08007c18   0x00000024   Code   RO         5457    i.vPortEnterCritical  port.o
    0x08007c3c   0x08007c3c   0x00000020   Code   RO         5458    i.vPortExitCritical  port.o
    0x08007c5c   0x08007c5c   0x00000048   Code   RO         5407    i.vPortFree         heap_4.o
    0x08007ca4   0x08007ca4   0x00000014   Code   RO         5459    i.vPortSetupTimerInterrupt  port.o
    0x08007cb8   0x08007cb8   0x0000002c   Code   RO         4777    i.vQueueAddToRegistry  queue.o
    0x08007ce4   0x08007ce4   0x0000004a   Code   RO         4780    i.vQueueWaitForMessageRestricted  queue.o
    0x08007d2e   0x08007d2e   0x00000002   PAD
    0x08007d30   0x08007d30   0x00000034   Code   RO         4979    i.vTaskDelay        tasks.o
    0x08007d64   0x08007d64   0x00000074   Code   RO         4980    i.vTaskDelayUntil   tasks.o
    0x08007dd8   0x08007dd8   0x000000cc   Code   RO         4981    i.vTaskDelete       tasks.o
    0x08007ea4   0x08007ea4   0x0000000c   Code   RO         4983    i.vTaskMissedYield  tasks.o
    0x08007eb0   0x08007eb0   0x00000020   Code   RO         4985    i.vTaskPlaceOnEventList  tasks.o
    0x08007ed0   0x08007ed0   0x00000028   Code   RO         4986    i.vTaskPlaceOnEventListRestricted  tasks.o
    0x08007ef8   0x08007ef8   0x000000b0   Code   RO         4988    i.vTaskPriorityInherit  tasks.o
    0x08007fa8   0x08007fa8   0x00000018   Code   RO         4991    i.vTaskSetTimeOutState  tasks.o
    0x08007fc0   0x08007fc0   0x00000094   Code   RO         4992    i.vTaskStartScheduler  tasks.o
    0x08008054   0x08008054   0x00000010   Code   RO         4994    i.vTaskSuspendAll   tasks.o
    0x08008064   0x08008064   0x00000060   Code   RO         4995    i.vTaskSwitchContext  tasks.o
    0x080080c4   0x080080c4   0x00000034   Code   RO         5460    i.xPortStartScheduler  port.o
    0x080080f8   0x080080f8   0x00000034   Code   RO         5461    i.xPortSysTickHandler  port.o
    0x0800812c   0x0800812c   0x00000022   Code   RO         4783    i.xQueueCreateMutex  queue.o
    0x0800814e   0x0800814e   0x0000003e   Code   RO         4785    i.xQueueGenericCreate  queue.o
    0x0800818c   0x0800818c   0x0000002e   Code   RO         4786    i.xQueueGenericCreateStatic  queue.o
    0x080081ba   0x080081ba   0x00000002   PAD
    0x080081bc   0x080081bc   0x0000015c   Code   RO         4787    i.xQueueGenericReceive  queue.o
    0x08008318   0x08008318   0x00000080   Code   RO         4788    i.xQueueGenericReset  queue.o
    0x08008398   0x08008398   0x00000118   Code   RO         4789    i.xQueueGenericSend  queue.o
    0x080084b0   0x080084b0   0x00000086   Code   RO         4790    i.xQueueGenericSendFromISR  queue.o
    0x08008536   0x08008536   0x00000002   PAD
    0x08008538   0x08008538   0x0000005c   Code   RO         4996    i.xTaskCheckForTimeOut  tasks.o
    0x08008594   0x08008594   0x00000064   Code   RO         4997    i.xTaskCreate       tasks.o
    0x080085f8   0x080085f8   0x0000004e   Code   RO         4998    i.xTaskCreateStatic  tasks.o
    0x08008646   0x08008646   0x00000002   PAD
    0x08008648   0x08008648   0x00000020   Code   RO         5002    i.xTaskGetSchedulerState  tasks.o
    0x08008668   0x08008668   0x0000000c   Code   RO         5003    i.xTaskGetTickCount  tasks.o
    0x08008674   0x08008674   0x0000011c   Code   RO         5005    i.xTaskIncrementTick  tasks.o
    0x08008790   0x08008790   0x00000084   Code   RO         5008    i.xTaskPriorityDisinherit  tasks.o
    0x08008814   0x08008814   0x00000080   Code   RO         5009    i.xTaskRemoveFromEventList  tasks.o
    0x08008894   0x08008894   0x000000e8   Code   RO         5011    i.xTaskResumeAll    tasks.o
    0x0800897c   0x0800897c   0x00000060   Code   RO         5294    i.xTimerCreateTimerTask  timers.o
    0x080089dc   0x080089dc   0x0000006c   Code   RO         5295    i.xTimerGenericCommand  timers.o
    0x08008a48   0x08008a48   0x0000002c   Code   RO         5687    locale$$code        c_w.l(lc_numeric_c.o)
    0x08008a74   0x08008a74   0x00000018   Code   RO         5689    x$fpl$dcmpinf       fz_ws.l(dcmpi.o)
    0x08008a8c   0x08008a8c   0x00000078   Code   RO         5624    x$fpl$dleqf         fz_ws.l(dleqf.o)
    0x08008b04   0x08008b04   0x0000009c   Code   RO         5691    x$fpl$dnaninf       fz_ws.l(dnaninf.o)
    0x08008ba0   0x08008ba0   0x0000000c   Code   RO         5626    x$fpl$dretinf       fz_ws.l(dretinf.o)
    0x08008bac   0x08008bac   0x0000006c   Code   RO         5572    x$fpl$drleqf        fz_ws.l(drleqf.o)
    0x08008c18   0x08008c18   0x00000056   Code   RO         5574    x$fpl$f2d           fz_ws.l(f2d.o)
    0x08008c6e   0x08008c6e   0x00000002   PAD
    0x08008c70   0x08008c70   0x000000c4   Code   RO         5576    x$fpl$fadd          fz_ws.l(faddsub_clz.o)
    0x08008d34   0x08008d34   0x00000018   Code   RO         5628    x$fpl$fcmpinf       fz_ws.l(fcmpi.o)
    0x08008d4c   0x08008d4c   0x00000184   Code   RO         5583    x$fpl$fdiv          fz_ws.l(fdiv.o)
    0x08008ed0   0x08008ed0   0x00000036   Code   RO         5586    x$fpl$ffix          fz_ws.l(ffix.o)
    0x08008f06   0x08008f06   0x00000002   PAD
    0x08008f08   0x08008f08   0x0000003e   Code   RO         5590    x$fpl$ffixu         fz_ws.l(ffixu.o)
    0x08008f46   0x08008f46   0x00000002   PAD
    0x08008f48   0x08008f48   0x00000030   Code   RO         5595    x$fpl$fflt          fz_ws.l(fflt_clz.o)
    0x08008f78   0x08008f78   0x00000026   Code   RO         5594    x$fpl$ffltu         fz_ws.l(fflt_clz.o)
    0x08008f9e   0x08008f9e   0x00000002   PAD
    0x08008fa0   0x08008fa0   0x00000068   Code   RO         5600    x$fpl$fleqf         fz_ws.l(fleqf.o)
    0x08009008   0x08009008   0x00000102   Code   RO         5602    x$fpl$fmul          fz_ws.l(fmul.o)
    0x0800910a   0x0800910a   0x0000008c   Code   RO         5630    x$fpl$fnaninf       fz_ws.l(fnaninf.o)
    0x08009196   0x08009196   0x0000000a   Code   RO         5632    x$fpl$fretinf       fz_ws.l(fretinf.o)
    0x080091a0   0x080091a0   0x00000062   Code   RO         5604    x$fpl$frleqf        fz_ws.l(frleqf.o)
    0x08009202   0x08009202   0x00000002   PAD
    0x08009204   0x08009204   0x000000ea   Code   RO         5578    x$fpl$fsub          fz_ws.l(faddsub_clz.o)
    0x080092ee   0x080092ee   0x00000004   Code   RO         5606    x$fpl$printf1       fz_ws.l(printf1.o)
    0x080092f2   0x080092f2   0x00000000   Code   RO         5634    x$fpl$usenofp       fz_ws.l(usenofp.o)
    0x080092f2   0x080092f2   0x000008f0   Data   RO         3363    .constdata          oled.o
    0x08009be2   0x08009be2   0x00000086   Data   RO         4402    .constdata          app_tasks.o
    0x08009c68   0x08009c68   0x00000094   Data   RO         5662    .constdata          c_w.l(bigflt0.o)
    0x08009cfc   0x08009cfc   0x00000020   Data   RO         5836    Region$$Table       anon$$obj.o
    0x08009d1c   0x08009d1c   0x0000001c   Data   RO         5686    locale$$data        c_w.l(lc_numeric_c.o)


    Execution Region RW_IRAM1 (Exec base: 0x20000000, Load base: 0x08009d38, Size: 0x00005000, Max: 0x00005000, ABSOLUTE, COMPRESSED[0x00000044])

    Exec Addr    Load Addr    Size         Type   Attr      Idx    E Section Name        Object

    0x20000000   COMPRESSED   0x00000014   Data   RW         1805    .data               stm32f10x_rcc.o
    0x20000014   COMPRESSED   0x00000004   Data   RW         3364    .data               oled.o
    0x20000018   COMPRESSED   0x00000004   Data   RW         3528    .data               esp8266.o
    0x2000001c   COMPRESSED   0x00000015   Data   RW         3766    .data               hx711.o
    0x20000031   COMPRESSED   0x00000003   PAD
    0x20000034   COMPRESSED   0x00000032   Data   RW         3988    .data               xrvoice.o
    0x20000066   COMPRESSED   0x00000002   PAD
    0x20000068   COMPRESSED   0x00000020   Data   RW         4109    .data               hc06.o
    0x20000088   COMPRESSED   0x000000bc   Data   RW         4403    .data               app_tasks.o
    0x20000144   COMPRESSED   0x00000004   Data   RW         4598    .data               voice_command_handler.o
    0x20000148   COMPRESSED   0x0000003c   Data   RW         5014    .data               tasks.o
    0x20000184   COMPRESSED   0x00000014   Data   RW         5301    .data               timers.o
    0x20000198   COMPRESSED   0x00000018   Data   RW         5412    .data               heap_4.o
    0x200001b0   COMPRESSED   0x00000004   Data   RW         5462    .data               port.o
    0x200001b4        -       0x00000500   Zero   RW         3527    .bss                esp8266.o
    0x200006b4        -       0x00000010   Zero   RW         3722    .bss                dht11.o
    0x200006c4        -       0x00000040   Zero   RW         3895    .bss                key.o
    0x20000704        -       0x00000040   Zero   RW         3987    .bss                xrvoice.o
    0x20000744        -       0x000004a8   Zero   RW         4401    .bss                app_tasks.o
    0x20000bec        -       0x00000040   Zero   RW         4798    .bss                queue.o
    0x20000c2c        -       0x000000c8   Zero   RW         5013    .bss                tasks.o
    0x20000cf4        -       0x000000ac   Zero   RW         5300    .bss                timers.o
    0x20000da0        -       0x00003c00   Zero   RW         5411    .bss                heap_4.o
    0x200049a0        -       0x00000060   Zero   RW         5698    .bss                c_w.l(libspace.o)
    0x20004a00        -       0x00000200   Zero   RW            2    HEAP                startup_stm32f10x_md.o
    0x20004c00        -       0x00000400   Zero   RW            1    STACK               startup_stm32f10x_md.o


==============================================================================

Image component sizes


      Code (inc. data)   RO Data    RW Data    ZI Data      Debug   Object Name

      8210       1296        134        188       1192      31452   app_tasks.o
         0          0          0          0          0       4516   core_cm3.o
        64          4          0          0          0       1062   delay.o
       360         30          0          0         16       3760   dht11.o
       848        294          0          4       1280       5543   esp8266.o
         0          0          0          0          0      17672   event_groups.o
       288         22          0          0          0       4131   flash_storage.o
       628         88          0         32          0      25511   hc06.o
       508         62          0         24      15360       4067   heap_4.o
       580         48          0         21          0     225853   hx711.o
       424         28          0          0         64       9465   key.o
       120         18          0          0          0       1896   led.o
        60         10          0          0          0       1023   light.o
       148          0          0          0          0       3402   list.o
       404        144          0          0          0       1571   main.o
       132         22          0          0          0     205103   misc.o
      1386         62       2288          4          0      27161   oled.o
       400         50          0          4          0       9516   port.o
       216         12          0          0          0       1209   pwm.o
      1564         22          0          0         64      14677   queue.o
        64         26        236          0       1536        844   startup_stm32f10x_md.o
         0          0          0          0          0       1700   stm32f10x_adc.o
       286         36          0          0          0      10348   stm32f10x_flash.o
       476          6          0          0          0      14239   stm32f10x_gpio.o
        36          0          0          0          0       3263   stm32f10x_it.o
       276         32          0         20          0      13362   stm32f10x_rcc.o
       448         52          0          0          0      26818   stm32f10x_tim.o
       490          6          0          0          0      13601   stm32f10x_usart.o
       328         28          0          0          0      45685   system_stm32f10x.o
      2840        408          0         60        200      38941   tasks.o
        68          4          0          0          0        532   timer.o
      1038        126          0         20        172       9195   timers.o
       424         24          0          0          0     221371   usart.o
      5396        366          0          4          0       7960   voice_command_handler.o
      1288        272          0         50         64      10996   xrvoice.o

    ----------------------------------------------------------------------
     29832       3598       2690        436      19948    1017445   Object Totals
         0          0         32          0          0          0   (incl. Generated)
        34          0          0          5          0          0   (incl. Padding)

    ----------------------------------------------------------------------

      Code (inc. data)   RO Data    RW Data    ZI Data      Debug   Library Member Name

        90          0          0          0          0          0   __dczerorl2.o
         8          0          0          0          0         68   __main.o
       284          0          0          0          0        156   __printf_wp.o
         0          0          0          0          0          0   __rtentry.o
        12          0          0          0          0          0   __rtentry2.o
         6          0          0          0          0          0   __rtentry4.o
        52          8          0          0          0          0   __scatter.o
        28          0          0          0          0          0   __scatter_zi.o
        44          0          0          0          0        108   _printf_char.o
        48          6          0          0          0         96   _printf_char_common.o
         6          0          0          0          0          0   _printf_d.o
       120         16          0          0          0         92   _printf_dec.o
         6          0          0          0          0          0   _printf_f.o
      1054          0          0          0          0        216   _printf_fp_dec.o
       128         16          0          0          0         84   _printf_fp_infnan.o
       178          0          0          0          0         88   _printf_intcommon.o
         0          0          0          0          0          0   _printf_percent.o
         4          0          0          0          0          0   _printf_percent_end.o
         6          0          0          0          0          0   _printf_s.o
        82          0          0          0          0         80   _printf_str.o
        10          0          0          0          0         68   _sputc.o
       228          4        148          0          0         96   bigflt0.o
      1936        128          0          0          0        672   btod.o
        18          0          0          0          0         80   exit.o
         6          0          0          0          0        152   heapauxi.o
         0          0          0          0          0          0   indicate_semi.o
        44         10         28          0          0         76   lc_numeric_c.o
         2          0          0          0          0          0   libinit.o
        18          0          0          0          0          0   libinit2.o
         2          0          0          0          0          0   libshutdown.o
         2          0          0          0          0          0   libshutdown2.o
         8          4          0          0         96         68   libspace.o
       138          0          0          0          0         80   lludiv10.o
        40          6          0          0          0         84   noretval__2sprintf.o
         8          4          0          0          0         68   rt_locale_intlibspace.o
        68          0          0          0          0         68   rt_memclr.o
        78          0          0          0          0         80   rt_memclr_w.o
       138          0          0          0          0         68   rt_memcpy_v6.o
       100          0          0          0          0         80   rt_memcpy_w.o
         2          0          0          0          0          0   rtexit.o
        10          0          0          0          0          0   rtexit2.o
       128          0          0          0          0         68   strcmpv7m.o
        62          0          0          0          0         76   strlen.o
        36          0          0          0          0         80   strstr.o
        12          4          0          0          0         68   sys_exit.o
        74          0          0          0          0         80   sys_stackheap_outer.o
         2          0          0          0          0         68   use_no_semi.o
        24          0          0          0          0         68   dcmpi.o
       120          4          0          0          0         92   dleqf.o
       156          4          0          0          0         92   dnaninf.o
        12          0          0          0          0         68   dretinf.o
       108          0          0          0          0         80   drleqf.o
        86          4          0          0          0         84   f2d.o
       430          8          0          0          0        168   faddsub_clz.o
        24          0          0          0          0         68   fcmpi.o
       388         76          0          0          0         96   fdiv.o
        54          4          0          0          0         84   ffix.o
        62          4          0          0          0         84   ffixu.o
        86          0          0          0          0        136   fflt_clz.o
       104          4          0          0          0         84   fleqf.o
       258          4          0          0          0         84   fmul.o
       140          4          0          0          0         84   fnaninf.o
        10          0          0          0          0         68   fretinf.o
        98          0          0          0          0         68   frleqf.o
         4          0          0          0          0         68   printf1.o
         0          0          0          0          0          0   usenofp.o
        40          0          0          0          0         68   fpclassify.o

    ----------------------------------------------------------------------
      7550        322        176          0         96       4812   Library Totals
        20          0          0          0          0          0   (incl. Padding)

    ----------------------------------------------------------------------

      Code (inc. data)   RO Data    RW Data    ZI Data      Debug   Library Name

      5326        206        176          0         96       3168   c_w.l
      2164        116          0          0          0       1576   fz_ws.l
        40          0          0          0          0         68   m_ws.l

    ----------------------------------------------------------------------
      7550        322        176          0         96       4812   Library Totals

    ----------------------------------------------------------------------

==============================================================================


      Code (inc. data)   RO Data    RW Data    ZI Data      Debug   

     37382       3920       2866        436      20044    1007745   Grand Totals
     37382       3920       2866         68      20044    1007745   ELF Image Totals (compressed)
     37382       3920       2866         68          0          0   ROM Totals

==============================================================================

    Total RO  Size (Code + RO Data)                40248 (  39.30kB)
    Total RW  Size (RW Data + ZI Data)             20480 (  20.00kB)
    Total ROM Size (Code + RO Data + RW Data)      40316 (  39.37kB)

==============================================================================

