Component: ARM Compiler 5.06 update 6 (build 750) Tool: armlink [4d35ed]

==============================================================================

Section Cross References

    startup_stm32f10x_md.o(STACK) refers (Special) to heapauxi.o(.text) for __use_two_region_memory
    startup_stm32f10x_md.o(HEAP) refers (Special) to heapauxi.o(.text) for __use_two_region_memory
    startup_stm32f10x_md.o(RESET) refers (Special) to heapauxi.o(.text) for __use_two_region_memory
    startup_stm32f10x_md.o(RESET) refers to startup_stm32f10x_md.o(STACK) for __initial_sp
    startup_stm32f10x_md.o(RESET) refers to startup_stm32f10x_md.o(.text) for Reset_Handler
    startup_stm32f10x_md.o(RESET) refers to stm32f10x_it.o(i.NMI_Handler) for NMI_Handler
    startup_stm32f10x_md.o(RESET) refers to stm32f10x_it.o(i.HardFault_Handler) for HardFault_Handler
    startup_stm32f10x_md.o(RESET) refers to stm32f10x_it.o(i.MemManage_Handler) for MemManage_Handler
    startup_stm32f10x_md.o(RESET) refers to stm32f10x_it.o(i.BusFault_Handler) for BusFault_Handler
    startup_stm32f10x_md.o(RESET) refers to stm32f10x_it.o(i.UsageFault_Handler) for UsageFault_Handler
    startup_stm32f10x_md.o(RESET) refers to port.o(.emb_text) for SVC_Handler
    startup_stm32f10x_md.o(RESET) refers to stm32f10x_it.o(i.DebugMon_Handler) for DebugMon_Handler
    startup_stm32f10x_md.o(RESET) refers to stm32f10x_it.o(i.SysTick_Handler) for SysTick_Handler
    startup_stm32f10x_md.o(RESET) refers to usart.o(i.USART1_IRQHandler) for USART1_IRQHandler
    startup_stm32f10x_md.o(RESET) refers to esp8266.o(i.USART2_IRQHandler) for USART2_IRQHandler
    startup_stm32f10x_md.o(RESET) refers to xrvoice.o(i.USART3_IRQHandler) for USART3_IRQHandler
    startup_stm32f10x_md.o(.text) refers (Special) to heapauxi.o(.text) for __use_two_region_memory
    startup_stm32f10x_md.o(.text) refers to system_stm32f10x.o(i.SystemInit) for SystemInit
    startup_stm32f10x_md.o(.text) refers to __main.o(!!!main) for __main
    startup_stm32f10x_md.o(.text) refers to startup_stm32f10x_md.o(HEAP) for Heap_Mem
    startup_stm32f10x_md.o(.text) refers to startup_stm32f10x_md.o(STACK) for Stack_Mem
    system_stm32f10x.o(i.SetSysClock) refers to system_stm32f10x.o(i.SetSysClockTo72) for SetSysClockTo72
    system_stm32f10x.o(i.SystemCoreClockUpdate) refers to system_stm32f10x.o(.data) for SystemCoreClock
    system_stm32f10x.o(i.SystemInit) refers to system_stm32f10x.o(i.SetSysClock) for SetSysClock
    stm32f10x_adc.o(i.ADC_DeInit) refers to stm32f10x_rcc.o(i.RCC_APB2PeriphResetCmd) for RCC_APB2PeriphResetCmd
    stm32f10x_bkp.o(i.BKP_DeInit) refers to stm32f10x_rcc.o(i.RCC_BackupResetCmd) for RCC_BackupResetCmd
    stm32f10x_can.o(i.CAN_DeInit) refers to stm32f10x_rcc.o(i.RCC_APB1PeriphResetCmd) for RCC_APB1PeriphResetCmd
    stm32f10x_can.o(i.CAN_GetITStatus) refers to stm32f10x_can.o(i.CheckITStatus) for CheckITStatus
    stm32f10x_cec.o(i.CEC_DeInit) refers to stm32f10x_rcc.o(i.RCC_APB1PeriphResetCmd) for RCC_APB1PeriphResetCmd
    stm32f10x_dac.o(i.DAC_DeInit) refers to stm32f10x_rcc.o(i.RCC_APB1PeriphResetCmd) for RCC_APB1PeriphResetCmd
    stm32f10x_flash.o(i.FLASH_EnableWriteProtection) refers to stm32f10x_flash.o(i.FLASH_WaitForLastOperation) for FLASH_WaitForLastOperation
    stm32f10x_flash.o(i.FLASH_EraseAllBank1Pages) refers to stm32f10x_flash.o(i.FLASH_WaitForLastBank1Operation) for FLASH_WaitForLastBank1Operation
    stm32f10x_flash.o(i.FLASH_EraseAllPages) refers to stm32f10x_flash.o(i.FLASH_WaitForLastOperation) for FLASH_WaitForLastOperation
    stm32f10x_flash.o(i.FLASH_EraseOptionBytes) refers to stm32f10x_flash.o(i.FLASH_GetReadOutProtectionStatus) for FLASH_GetReadOutProtectionStatus
    stm32f10x_flash.o(i.FLASH_EraseOptionBytes) refers to stm32f10x_flash.o(i.FLASH_WaitForLastOperation) for FLASH_WaitForLastOperation
    stm32f10x_flash.o(i.FLASH_ErasePage) refers to stm32f10x_flash.o(i.FLASH_WaitForLastOperation) for FLASH_WaitForLastOperation
    stm32f10x_flash.o(i.FLASH_ProgramHalfWord) refers to stm32f10x_flash.o(i.FLASH_WaitForLastOperation) for FLASH_WaitForLastOperation
    stm32f10x_flash.o(i.FLASH_ProgramOptionByteData) refers to stm32f10x_flash.o(i.FLASH_WaitForLastOperation) for FLASH_WaitForLastOperation
    stm32f10x_flash.o(i.FLASH_ProgramWord) refers to stm32f10x_flash.o(i.FLASH_WaitForLastOperation) for FLASH_WaitForLastOperation
    stm32f10x_flash.o(i.FLASH_ReadOutProtection) refers to stm32f10x_flash.o(i.FLASH_WaitForLastOperation) for FLASH_WaitForLastOperation
    stm32f10x_flash.o(i.FLASH_UserOptionByteConfig) refers to stm32f10x_flash.o(i.FLASH_WaitForLastOperation) for FLASH_WaitForLastOperation
    stm32f10x_flash.o(i.FLASH_WaitForLastBank1Operation) refers to stm32f10x_flash.o(i.FLASH_GetBank1Status) for FLASH_GetBank1Status
    stm32f10x_flash.o(i.FLASH_WaitForLastOperation) refers to stm32f10x_flash.o(i.FLASH_GetBank1Status) for FLASH_GetBank1Status
[...]
    __rt_lib_init_exceptions_1               0x080001c9   Thumb Code     0  libinit2.o(.ARM.Collect$$libinit$$00000030)
    __rt_lib_init_fp_trap_1                  0x080001c9   Thumb Code     0  libinit2.o(.ARM.Collect$$libinit$$0000001F)
    __rt_lib_init_getenv_1                   0x080001c9   Thumb Code     0  libinit2.o(.ARM.Collect$$libinit$$00000023)
    __rt_lib_init_lc_numeric_1               0x080001c9   Thumb Code     0  libinit2.o(.ARM.Collect$$libinit$$00000017)
    __rt_lib_init_lc_time_1                  0x080001c9   Thumb Code     0  libinit2.o(.ARM.Collect$$libinit$$00000019)
    __rt_lib_init_return                     0x080001c9   Thumb Code     0  libinit2.o(.ARM.Collect$$libinit$$00000033)
    __rt_lib_init_signal_1                   0x080001c9   Thumb Code     0  libinit2.o(.ARM.Collect$$libinit$$0000001D)
    __rt_lib_init_stdio_1                    0x080001c9   Thumb Code     0  libinit2.o(.ARM.Collect$$libinit$$00000025)
    __rt_lib_shutdown                        0x080001cb   Thumb Code     0  libshutdown.o(.ARM.Collect$$libshutdown$$00000000)
    __rt_lib_shutdown_cpp_1                  0x080001cd   Thumb Code     0  libshutdown2.o(.ARM.Collect$$libshutdown$$00000002)
    __rt_lib_shutdown_fp_trap_1              0x080001cd   Thumb Code     0  libshutdown2.o(.ARM.Collect$$libshutdown$$00000007)
    __rt_lib_shutdown_heap_1                 0x080001cd   Thumb Code     0  libshutdown2.o(.ARM.Collect$$libshutdown$$0000000F)
    __rt_lib_shutdown_return                 0x080001cd   Thumb Code     0  libshutdown2.o(.ARM.Collect$$libshutdown$$00000010)
    __rt_lib_shutdown_signal_1               0x080001cd   Thumb Code     0  libshutdown2.o(.ARM.Collect$$libshutdown$$0000000A)
    __rt_lib_shutdown_stdio_1                0x080001cd   Thumb Code     0  libshutdown2.o(.ARM.Collect$$libshutdown$$00000004)
    __rt_lib_shutdown_user_alloc_1           0x080001cd   Thumb Code     0  libshutdown2.o(.ARM.Collect$$libshutdown$$0000000C)
    __rt_entry                               0x080001cf   Thumb Code     0  __rtentry.o(.ARM.Collect$$rtentry$$00000000)
    __rt_entry_presh_1                       0x080001cf   Thumb Code     0  __rtentry2.o(.ARM.Collect$$rtentry$$00000002)
    __rt_entry_sh                            0x080001cf   Thumb Code     0  __rtentry4.o(.ARM.Collect$$rtentry$$00000004)
    __rt_entry_li                            0x080001d5   Thumb Code     0  __rtentry2.o(.ARM.Collect$$rtentry$$0000000A)
    __rt_entry_postsh_1                      0x080001d5   Thumb Code     0  __rtentry2.o(.ARM.Collect$$rtentry$$00000009)
    __rt_entry_main                          0x080001d9   Thumb Code     0  __rtentry2.o(.ARM.Collect$$rtentry$$0000000D)
    __rt_entry_postli_1                      0x080001d9   Thumb Code     0  __rtentry2.o(.ARM.Collect$$rtentry$$0000000C)
    __rt_exit                                0x080001e1   Thumb Code     0  rtexit.o(.ARM.Collect$$rtexit$$00000000)
    __rt_exit_ls                             0x080001e3   Thumb Code     0  rtexit2.o(.ARM.Collect$$rtexit$$00000003)
    __rt_exit_prels_1                        0x080001e3   Thumb Code     0  rtexit2.o(.ARM.Collect$$rtexit$$00000002)
    __rt_exit_exit                           0x080001e7   Thumb Code     0  rtexit2.o(.ARM.Collect$$rtexit$$00000004)
    SVC_Handler                              0x080001ed   Thumb Code    32  port.o(.emb_text)
    __asm___6_port_c_39a90d8d__prvStartFirstTask 0x08000211   Thumb Code    28  port.o(.emb_text)
    PendSV_Handler                           0x08000231   Thumb Code    72  port.o(.emb_text)
    vPortGetIPSR                             0x0800027d   Thumb Code     6  port.o(.emb_text)
    Reset_Handler                            0x08000285   Thumb Code     8  startup_stm32f10x_md.o(.text)
    ADC1_2_IRQHandler                        0x0800029f   Thumb Code     0  startup_stm32f10x_md.o(.text)
    CAN1_RX1_IRQHandler                      0x0800029f   Thumb Code     0  startup_stm32f10x_md.o(.text)
    CAN1_SCE_IRQHandler                      0x0800029f   Thumb Code     0  startup_stm32f10x_md.o(.text)
    DMA1_Channel1_IRQHandler                 0x0800029f   Thumb Code     0  startup_stm32f10x_md.o(.text)
    DMA1_Channel2_IRQHandler                 0x0800029f   Thumb Code     0  startup_stm32f10x_md.o(.text)
    DMA1_Channel3_IRQHandler                 0x0800029f   Thumb Code     0  startup_stm32f10x_md.o(.text)
    DMA1_Channel4_IRQHandler                 0x0800029f   Thumb Code     0  startup_stm32f10x_md.o(.text)
    DMA1_Channel5_IRQHandler                 0x0800029f   Thumb Code     0  startup_stm32f10x_md.o(.text)
    DMA1_Channel6_IRQHandler                 0x0800029f   Thumb Code     0  startup_stm32f10x_md.o(.text)
    DMA1_Channel7_IRQHandler                 0x0800029f   Thumb Code     0  startup_stm32f10x_md.o(.text)
    EXTI0_IRQHandler                         0x0800029f   Thumb Code     0  startup_stm32f10x_md.o(.text)
    EXTI15_10_IRQHandler                     0x0800029f   Thumb Code     0  startup_stm32f10x_md.o(.text)
    EXTI1_IRQHandler                         0x0800029f   Thumb Code     0  startup_stm32f10x_md.o(.text)
    EXTI2_IRQHandler                         0x0800029f   Thumb Code     0  startup_stm32f10x_md.o(.text)
    EXTI3_IRQHandler                         0x0800029f   Thumb Code     0  startup_stm32f10x_md.o(.text)
    EXTI4_IRQHandler                         0x0800029f   Thumb Code     0  startup_stm32f10x_md.o(.text)
    EXTI9_5_IRQHandler                       0x0800029f   Thumb Code     0  startup_stm32f10x_md.o(.text)
    FLASH_IRQHandler                         0x0800029f   Thumb Code     0  startup_stm32f10x_md.o(.text)
    I2C1_ER_IRQHandler                       0x0800029f   Thumb Code     0  startup_stm32f10x_md.o(.text)
    I2C1_EV_IRQHandler                       0x0800029f   Thumb Code     0  startup_stm32f10x_md.o(.text)
    I2C2_ER_IRQHandler                       0x0800029f   Thumb Code     0  startup_stm32f10x_md.o(.text)
    I2C2_EV_IRQHandler                       0x0800029f   Thumb Code     0  startup_stm32f10x_md.o(.text)
    PVD_IRQHandler                           0x0800029f   Thumb Code     0  startup_stm32f10x_md.o(.text)
    RCC_IRQHandler                           0x0800029f   Thumb Code     0  startup_stm32f10x_md.o(.text)
    RTCAlarm_IRQHandler                      0x0800029f   Thumb Code     0  startup_stm32f10x_md.o(.text)
    RTC_IRQHandler                           0x0800029f   Thumb Code     0  startup_stm32f10x_md.o(.text)
    SPI1_IRQHandler                          0x0800029f   Thumb Code     0  startup_stm32f10x_md.o(.text)
    SPI2_IRQHandler                          0x0800029f   Thumb Code     0  startup_stm32f10x_md.o(.text)
    TAMPER_IRQHandler                        0x0800029f   Thumb Code     0  startup_stm32f10x_md.o(.text)
    TIM1_BRK_IRQHandler                      0x0800029f   Thumb Code     0  startup_stm32f10x_md.o(.text)
    TIM1_CC_IRQHandler                       0x0800029f   Thumb Code     0  startup_stm32f10x_md.o(.text)
    TIM1_TRG_COM_IRQHandler                  0x0800029f   Thumb Code     0  startup_stm32f10x_md.o(.text)
    TIM1_UP_IRQHandler                       0x0800029f   Thumb Code     0  startup_stm32f10x_md.o(.text)
    TIM2_IRQHandler                          0x0800029f   Thumb Code     0  startup_stm32f10x_md.o(.text)
    TIM3_IRQHandler                          0x0800029f   Thumb Code     0  startup_stm32f10x_md.o(.text)
    TIM4_IRQHandler                          0x0800029f   Thumb Code     0  startup_stm32f10x_md.o(.text)
    USBWakeUp_IRQHandler                     0x0800029f   Thumb Code     0  startup_stm32f10x_md.o(.text)
    USB_HP_CAN1_TX_IRQHandler                0x0800029f   Thumb Code     0  startup_stm32f10x_md.o(.text)
    USB_LP_CAN1_RX0_IRQHandler               0x0800029f   Thumb Code     0  startup_stm32f10x_md.o(.text)
    WWDG_IRQHandler                          0x0800029f   Thumb Code     0  startup_stm32f10x_md.o(.text)
    __user_initial_stackheap                 0x080002a1   Thumb Code     0  startup_stm32f10x_md.o(.text)
    __2sprintf                               0x080002c5   Thumb Code    34  noretval__2sprintf.o(.text)
    _printf_str                              0x080002ed   Thumb Code    82  _printf_str.o(.text)
    _printf_int_dec                          0x08000341   Thumb Code   104  _printf_dec.o(.text)
    __printf                                 0x080003b9   Thumb Code   270  __printf_wp.o(.text)
    strstr                                   0x080004c7   Thumb Code    36  strstr.o(.text)
    strlen                                   0x080004eb   Thumb Code    62  strlen.o(.text)
    __aeabi_memcpy                           0x08000529   Thumb Code     0  rt_memcpy_v6.o(.text)
    __rt_memcpy                              0x08000529   Thumb Code   138  rt_memcpy_v6.o(.text)
    _memcpy_lastbytes                        0x0800058f   Thumb Code     0  rt_memcpy_v6.o(.text)
    __aeabi_memclr                           0x080005b3   Thumb Code     0  rt_memclr.o(.text)
    __rt_memclr                              0x080005b3   Thumb Code    68  rt_memclr.o(.text)
    _memset                                  0x080005b7   Thumb Code     0  rt_memclr.o(.text)
    __use_two_region_memory                  0x080005f7   Thumb Code     2  heapauxi.o(.text)
    __rt_heap_escrow$2region                 0x080005f9   Thumb Code     2  heapauxi.o(.text)
    __rt_heap_expand$2region                 0x080005fb   Thumb Code     2  heapauxi.o(.text)
    _printf_int_common                       0x080005fd   Thumb Code   178  _printf_intcommon.o(.text)
    __lib_sel_fp_printf                      0x080006af   Thumb Code     2  _printf_fp_dec.o(.text)
    _printf_fp_dec_real                      0x08000861   Thumb Code   620  _printf_fp_dec.o(.text)
    _printf_char_common                      0x08000ad7   Thumb Code    32  _printf_char_common.o(.text)
    _sputc                                   0x08000afd   Thumb Code    10  _sputc.o(.text)
    _printf_cs_common                        0x08000b07   Thumb Code    20  _printf_char.o(.text)
    _printf_char                             0x08000b1b   Thumb Code    16  _printf_char.o(.text)
    _printf_string                           0x08000b2b   Thumb Code     8  _printf_char.o(.text)
    __aeabi_memcpy4                          0x08000b33   Thumb Code     0  rt_memcpy_w.o(.text)
    __aeabi_memcpy8                          0x08000b33   Thumb Code     0  rt_memcpy_w.o(.text)
    __rt_memcpy_w                            0x08000b33   Thumb Code   100  rt_memcpy_w.o(.text)
    _memcpy_lastbytes_aligned                0x08000b7b   Thumb Code     0  rt_memcpy_w.o(.text)
    __aeabi_memclr4                          0x08000b97   Thumb Code     0  rt_memclr_w.o(.text)
    __aeabi_memclr8                          0x08000b97   Thumb Code     0  rt_memclr_w.o(.text)
    __rt_memclr_w                            0x08000b97   Thumb Code    78  rt_memclr_w.o(.text)
    _memset_w                                0x08000b9b   Thumb Code     0  rt_memclr_w.o(.text)
    __rt_locale                              0x08000be5   Thumb Code     8  rt_locale_intlibspace.o(.text)
    _ll_udiv10                               0x08000bed   Thumb Code   138  lludiv10.o(.text)
    _printf_fp_infnan                        0x08000c79   Thumb Code   112  _printf_fp_infnan.o(.text)
    _btod_etento                             0x08000cf9   Thumb Code   224  bigflt0.o(.text)
    __user_libspace                          0x08000ddd   Thumb Code     8  libspace.o(.text)
    __user_perproc_libspace                  0x08000ddd   Thumb Code     0  libspace.o(.text)
    __user_perthread_libspace                0x08000ddd   Thumb Code     0  libspace.o(.text)
    __user_setup_stackheap                   0x08000de5   Thumb Code    74  sys_stackheap_outer.o(.text)
    exit                                     0x08000e2f   Thumb Code    18  exit.o(.text)
    strcmp                                   0x08000e41   Thumb Code   128  strcmpv7m.o(.text)
    _sys_exit                                0x08000ec1   Thumb Code     8  sys_exit.o(.text)
    __I$use$semihosting                      0x08000ecd   Thumb Code     0  use_no_semi.o(.text)
    __use_no_semihosting_swi                 0x08000ecd   Thumb Code     2  use_no_semi.o(.text)
    __semihosting_library_function           0x08000ecf   Thumb Code     0  indicate_semi.o(.text)
    _btod_d2e                                0x08000ecf   Thumb Code    62  btod.o(CL$$btod_d2e)
    _d2e_denorm_low                          0x08000f0d   Thumb Code    70  btod.o(CL$$btod_d2e_denorm_low)
    _d2e_norm_op1                            0x08000f53   Thumb Code    96  btod.o(CL$$btod_d2e_norm_op1)
    __btod_div_common                        0x08000fb3   Thumb Code   696  btod.o(CL$$btod_div_common)
    _e2e                                     0x080012eb   Thumb Code   220  btod.o(CL$$btod_e2e)
    _btod_ediv                               0x080013c7   Thumb Code    42  btod.o(CL$$btod_ediv)
    _btod_emul                               0x080013f1   Thumb Code    42  btod.o(CL$$btod_emul)
    __btod_mult_common                       0x0800141b   Thumb Code   580  btod.o(CL$$btod_mult_common)
    AppTaskCreate                            0x08001661   Thumb Code   188  app_tasks.o(i.AppTaskCreate)
    BusFault_Handler                         0x080017c5   Thumb Code     4  stm32f10x_it.o(i.BusFault_Handler)
    Calibrate_Time                           0x080017c9   Thumb Code   214  app_tasks.o(i.Calibrate_Time)
    CheckAndTriggerUpload                    0x080018c5   Thumb Code   140  app_tasks.o(i.CheckAndTriggerUpload)
    CheckAndTriggerUpload_Status             0x0800197d   Thumb Code   138  app_tasks.o(i.CheckAndTriggerUpload_Status)
    CheckAndTriggerUpload_Weight             0x08001a39   Thumb Code   100  app_tasks.o(i.CheckAndTriggerUpload_Weight)
    Check_Alarm_Time                         0x08001b25   Thumb Code   136  app_tasks.o(i.Check_Alarm_Time)
    DH11_GPIO_Init_IN                        0x08001bb1   Thumb Code    38  dht11.o(i.DH11_GPIO_Init_IN)
    DH11_GPIO_Init_OUT                       0x08001bdd   Thumb Code    38  dht11.o(i.DH11_GPIO_Init_OUT)
    DHT11_REC_Data                           0x08001c09   Thumb Code   124  dht11.o(i.DHT11_REC_Data)
    DHT11_Rec_Byte                           0x08001c8d   Thumb Code    76  dht11.o(i.DHT11_Rec_Byte)
    DHT11_Start                              0x08001cdd   Thumb Code    54  dht11.o(i.DHT11_Start)
    DHT11_Task                               0x08001d19   Thumb Code   202  app_tasks.o(i.DHT11_Task)
    DebugMon_Handler                         0x08001dfd   Thumb Code     2  stm32f10x_it.o(i.DebugMon_Handler)
    Delay_ms                                 0x08001dff   Thumb Code    24  delay.o(i.Delay_ms)
    Delay_us                                 0x08001e19   Thumb Code    36  delay.o(i.Delay_us)
    Display_Task                             0x08001e41   Thumb Code  2802  app_tasks.o(i.Display_Task)
    ESP8266_Clear                            0x0800293d   Thumb Code    20  esp8266.o(i.ESP8266_Clear)
    ESP8266_Init                             0x08002959   Thumb Code   142  esp8266.o(i.ESP8266_Init)
    ESP8266_SendCmd                          0x08002a31   Thumb Code    76  esp8266.o(i.ESP8266_SendCmd)
    ESP8266_WaitRecive                       0x08002a85   Thumb Code    42  esp8266.o(i.ESP8266_WaitRecive)
    ESP_ConnectMQTT                          0x08002ab9   Thumb Code    74  esp8266.o(i.ESP_ConnectMQTT)
    ESP_MQTTPublish                          0x08002b85   Thumb Code   136  esp8266.o(i.ESP_MQTTPublish)
    GPIO_Init                                0x08002c41   Thumb Code   278  stm32f10x_gpio.o(i.GPIO_Init)
    GPIO_PinRemapConfig                      0x08002d59   Thumb Code   138  stm32f10x_gpio.o(i.GPIO_PinRemapConfig)
    GPIO_ReadInputDataBit                    0x08002de9   Thumb Code    18  stm32f10x_gpio.o(i.GPIO_ReadInputDataBit)
    GPIO_ReadOutputDataBit                   0x08002dfb   Thumb Code    18  stm32f10x_gpio.o(i.GPIO_ReadOutputDataBit)
    GPIO_ResetBits                           0x08002e0d   Thumb Code     4  stm32f10x_gpio.o(i.GPIO_ResetBits)
    GPIO_SetBits                             0x08002e11   Thumb Code     4  stm32f10x_gpio.o(i.GPIO_SetBits)
    GPIO_WriteBit                            0x08002e15   Thumb Code    10  stm32f10x_gpio.o(i.GPIO_WriteBit)
    Get_Current_Time                         0x08002e21   Thumb Code    68  app_tasks.o(i.Get_Current_Time)
    Get_Maopi                                0x08002e75   Thumb Code    40  hx711.o(i.Get_Maopi)
    Get_Weight                               0x08002ea1   Thumb Code   282  hx711.o(i.Get_Weight)
    HC06_Init                                0x08002fd9   Thumb Code    72  hc06.o(i.HC06_Init)
    HC06_ProcessByte                         0x0800303d   Thumb Code   282  hc06.o(i.HC06_ProcessByte)
    HX711_Read                               0x08003189   Thumb Code   132  hx711.o(i.HX711_Read)
    HX711_Task                               0x08003211   Thumb Code   310  app_tasks.o(i.HX711_Task)
    HandleVoiceCommand                       0x08003385   Thumb Code  5108  voice_command_handler.o(i.HandleVoiceCommand)
    HardFault_Handler                        0x0800478d   Thumb Code     4  stm32f10x_it.o(i.HardFault_Handler)
    Init_HX711pin                            0x08004791   Thumb Code    72  hx711.o(i.Init_HX711pin)
    Is_Sync_Valid                            0x08004825   Thumb Code    38  app_tasks.o(i.Is_Sync_Valid)
    Key_GetPress                             0x08004859   Thumb Code    38  key.o(i.Key_GetPress)
    Key_Init                                 0x08004885   Thumb Code   166  key.o(i.Key_Init)
    Key_Scan                                 0x08004965   Thumb Code   150  key.o(i.Key_Scan)
    Key_Task                                 0x08004a01   Thumb Code   910  app_tasks.o(i.Key_Task)
    LED0_OFF                                 0x08004db5   Thumb Code    12  led.o(i.LED0_OFF)
    LED0_Turn                                0x08004dc5   Thumb Code    32  led.o(i.LED0_Turn)
    LED_Init                                 0x08004de9   Thumb Code    46  led.o(i.LED_Init)
    LightSenor_Get                           0x08004e1d   Thumb Code    12  light.o(i.LightSenor_Get)
    LightSenor_Init                          0x08004e2d   Thumb Code    38  light.o(i.LightSenor_Init)
    MemManage_Handler                        0x08004e59   Thumb Code     4  stm32f10x_it.o(i.MemManage_Handler)
    NMI_Handler                              0x08004e5d   Thumb Code     2  stm32f10x_it.o(i.NMI_Handler)
    NVIC_Init                                0x08004e61   Thumb Code   100  misc.o(i.NVIC_Init)
    NVIC_PriorityGroupConfig                 0x08004ed1   Thumb Code    10  misc.o(i.NVIC_PriorityGroupConfig)
    OLED_Clear                               0x08004ee5   Thumb Code    82  oled.o(i.OLED_Clear)
    OLED_I2C_Init                            0x08004f3d   Thumb Code    76  oled.o(i.OLED_I2C_Init)
    OLED_I2C_SendByte                        0x08004f8d   Thumb Code    88  oled.o(i.OLED_I2C_SendByte)
    OLED_I2C_Start                           0x08004fe9   Thumb Code    48  oled.o(i.OLED_I2C_Start)
    OLED_I2C_Stop                            0x0800501d   Thumb Code    36  oled.o(i.OLED_I2C_Stop)
    OLED_Init                                0x08005045   Thumb Code   174  oled.o(i.OLED_Init)
    OLED_Pow                                 0x080050f3   Thumb Code    20  oled.o(i.OLED_Pow)
    OLED_SetCursor                           0x08005107   Thumb Code    34  oled.o(i.OLED_SetCursor)
    OLED_Show16x32Char                       0x08005129   Thumb Code   174  oled.o(i.OLED_Show16x32Char)
    OLED_ShowChar                            0x080051e1   Thumb Code   150  oled.o(i.OLED_ShowChar)
    OLED_ShowNum                             0x08005281   Thumb Code   198  oled.o(i.OLED_ShowNum)
    OLED_ShowString                          0x08005351   Thumb Code   174  oled.o(i.OLED_ShowString)
    OLED_WriteCommand                        0x08005409   Thumb Code    32  oled.o(i.OLED_WriteCommand)
    OLED_WriteData                           0x08005429   Thumb Code    32  oled.o(i.OLED_WriteData)
    PWM_Init                                 0x08005449   Thumb Code   188  pwm.o(i.PWM_Init)
    PWM_SetCompare2                          0x08005511   Thumb Code    16  pwm.o(i.PWM_SetCompare2)
    ProcessUploadQueue                       0x08005521   Thumb Code   278  app_tasks.o(i.ProcessUploadQueue)
    RCC_APB1PeriphClockCmd                   0x080056c5   Thumb Code    26  stm32f10x_rcc.o(i.RCC_APB1PeriphClockCmd)
    RCC_APB2PeriphClockCmd                   0x080056e5   Thumb Code    26  stm32f10x_rcc.o(i.RCC_APB2PeriphClockCmd)
    RCC_GetClocksFreq                        0x08005705   Thumb Code   192  stm32f10x_rcc.o(i.RCC_GetClocksFreq)
    ReadDHT11Data                            0x080057d9   Thumb Code   152  app_tasks.o(i.ReadDHT11Data)
    RefreshAlarmDisplay                      0x080058b1   Thumb Code   162  voice_command_handler.o(i.RefreshAlarmDisplay)
    Servo_Close                              0x08005979   Thumb Code    10  app_tasks.o(i.Servo_Close)
    Servo_Open                               0x08005983   Thumb Code    10  app_tasks.o(i.Servo_Open)
    Servo_SendCommand                        0x0800598d   Thumb Code    18  app_tasks.o(i.Servo_SendCommand)
    Servo_Task                               0x080059a5   Thumb Code   128  app_tasks.o(i.Servo_Task)
    SysTick_Handler                          0x08005b15   Thumb Code    16  stm32f10x_it.o(i.SysTick_Handler)
    SystemInit                               0x08005b25   Thumb Code    78  system_stm32f10x.o(i.SystemInit)
    TIM4_Init                                0x08005b85   Thumb Code    64  timer.o(i.TIM4_Init)
    TIM_ARRPreloadConfig                     0x08005bc9   Thumb Code    24  stm32f10x_tim.o(i.TIM_ARRPreloadConfig)
    TIM_Cmd                                  0x08005be1   Thumb Code    24  stm32f10x_tim.o(i.TIM_Cmd)
    TIM_GetCounter                           0x08005bf9   Thumb Code     6  stm32f10x_tim.o(i.TIM_GetCounter)
    TIM_InternalClockConfig                  0x08005bff   Thumb Code    12  stm32f10x_tim.o(i.TIM_InternalClockConfig)
    TIM_OC2Init                              0x08005c0d   Thumb Code   154  stm32f10x_tim.o(i.TIM_OC2Init)
    TIM_OC2PreloadConfig                     0x08005cb1   Thumb Code    26  stm32f10x_tim.o(i.TIM_OC2PreloadConfig)
    TIM_OCStructInit                         0x08005ccb   Thumb Code    20  stm32f10x_tim.o(i.TIM_OCStructInit)
    TIM_SetCompare2                          0x08005cdf   Thumb Code     4  stm32f10x_tim.o(i.TIM_SetCompare2)
    TIM_SetCounter                           0x08005ce3   Thumb Code     4  stm32f10x_tim.o(i.TIM_SetCounter)
    TIM_TimeBaseInit                         0x08005ce9   Thumb Code   122  stm32f10x_tim.o(i.TIM_TimeBaseInit)
    Time_Task                                0x08005d8d   Thumb Code   372  app_tasks.o(i.Time_Task)
    USART1_IRQHandler                        0x08005f75   Thumb Code    42  usart.o(i.USART1_IRQHandler)
    USART1_Init                              0x08005fa5   Thumb Code   158  usart.o(i.USART1_Init)
    USART2_IRQHandler                        0x0800604d   Thumb Code    64  esp8266.o(i.USART2_IRQHandler)
    USART2_Init                              0x08006099   Thumb Code   152  usart.o(i.USART2_Init)
    USART3_IRQHandler                        0x08006139   Thumb Code   114  xrvoice.o(i.USART3_IRQHandler)
    USART_ClearFlag                          0x080061c5   Thumb Code    18  stm32f10x_usart.o(i.USART_ClearFlag)
    USART_ClearITPendingBit                  0x080061d7   Thumb Code    30  stm32f10x_usart.o(i.USART_ClearITPendingBit)
    USART_Cmd                                0x080061f5   Thumb Code    24  stm32f10x_usart.o(i.USART_Cmd)
    USART_GetFlagStatus                      0x0800620d   Thumb Code    26  stm32f10x_usart.o(i.USART_GetFlagStatus)
    USART_GetITStatus                        0x08006227   Thumb Code    84  stm32f10x_usart.o(i.USART_GetITStatus)
    USART_ITConfig                           0x0800627b   Thumb Code    74  stm32f10x_usart.o(i.USART_ITConfig)
    USART_Init                               0x080062c5   Thumb Code   210  stm32f10x_usart.o(i.USART_Init)
    USART_ReceiveData                        0x0800639d   Thumb Code    10  stm32f10x_usart.o(i.USART_ReceiveData)
    USART_SendData                           0x080063a7   Thumb Code     8  stm32f10x_usart.o(i.USART_SendData)
    UpdateAlarmTime                          0x080063b1   Thumb Code    64  voice_command_handler.o(i.UpdateAlarmTime)
    UpdateDisplay                            0x080063f5   Thumb Code     8  app_tasks.o(i.UpdateDisplay)
    Update_Time                              0x080063fd   Thumb Code   110  app_tasks.o(i.Update_Time)
    Upload_Task                              0x0800647d   Thumb Code    14  app_tasks.o(i.Upload_Task)
    UsageFault_Handler                       0x0800648b   Thumb Code     4  stm32f10x_it.o(i.UsageFault_Handler)
    Usart_SendString                         0x0800648f   Thumb Code    48  usart.o(i.Usart_SendString)
    Voice_Play_Current_Time                  0x080064cf   Thumb Code   328  app_tasks.o(i.Voice_Play_Current_Time)
    Voice_Play_Current_Time_With_Period      0x08006619   Thumb Code   188  app_tasks.o(i.Voice_Play_Current_Time_With_Period)
    Voice_Play_Dot                           0x080066d9   Thumb Code    12  app_tasks.o(i.Voice_Play_Dot)
    Voice_Play_Number                        0x080066e5   Thumb Code   134  app_tasks.o(i.Voice_Play_Number)
    Voice_Play_Number_Full                   0x0800676b   Thumb Code   856  app_tasks.o(i.Voice_Play_Number_Full)
    Voice_Task                               0x08006ac5   Thumb Code    72  app_tasks.o(i.Voice_Task)
    XRVoice_Init                             0x08006b1d   Thumb Code   254  xrvoice.o(i.XRVoice_Init)
    XRVoice_PlayRaw                          0x08006d21   Thumb Code   118  xrvoice.o(i.XRVoice_PlayRaw)
    XRVoice_SetVolume                        0x08006de9   Thumb Code    40  xrvoice.o(i.XRVoice_SetVolume)
    XRVoice_Stop                             0x08006e1d   Thumb Code    16  xrvoice.o(i.XRVoice_Stop)
    XRVoice_Task                             0x08006e39   Thumb Code   100  xrvoice.o(i.XRVoice_Task)
    XRVoice_VolumeDown                       0x08006ead   Thumb Code     2  xrvoice.o(i.XRVoice_VolumeDown)
    XRVoice_VolumeUp                         0x08006eaf   Thumb Code     2  xrvoice.o(i.XRVoice_VolumeUp)
    __ARM_fpclassify                         0x08006eb1   Thumb Code    40  fpclassify.o(i.__ARM_fpclassify)
    _is_digit                                0x08006ed9   Thumb Code    14  __printf_wp.o(i._is_digit)
    main                                     0x08006ee9   Thumb Code   260  main.o(i.main)
    pvPortMalloc                             0x0800797d   Thumb Code   188  heap_4.o(i.pvPortMalloc)
    pvTaskIncrementMutexHeldCount            0x08007a4d   Thumb Code    26  tasks.o(i.pvTaskIncrementMutexHeldCount)
    pxPortInitialiseStack                    0x08007a6d   Thumb Code    30  port.o(i.pxPortInitialiseStack)
    uxListRemove                             0x08007a91   Thumb Code    40  list.o(i.uxListRemove)
    vApplicationGetIdleTaskMemory            0x08007ab9   Thumb Code    14  app_tasks.o(i.vApplicationGetIdleTaskMemory)
    vApplicationGetTimerTaskMemory           0x08007ad1   Thumb Code    14  app_tasks.o(i.vApplicationGetTimerTaskMemory)
    vListInitialise                          0x08007ae9   Thumb Code    26  list.o(i.vListInitialise)
    vListInitialiseItem                      0x08007b03   Thumb Code     6  list.o(i.vListInitialiseItem)
    vListInsert                              0x08007b09   Thumb Code    52  list.o(i.vListInsert)
    vListInsertEnd                           0x08007b3d   Thumb Code    24  list.o(i.vListInsertEnd)
    vPortEnterCritical                       0x08007b55   Thumb Code    30  port.o(i.vPortEnterCritical)
    vPortExitCritical                        0x08007b79   Thumb Code    28  port.o(i.vPortExitCritical)
    vPortFree                                0x08007b99   Thumb Code    64  heap_4.o(i.vPortFree)
    vPortSetupTimerInterrupt                 0x08007be1   Thumb Code    14  port.o(i.vPortSetupTimerInterrupt)
    vQueueAddToRegistry                      0x08007bf5   Thumb Code    38  queue.o(i.vQueueAddToRegistry)
    vQueueWaitForMessageRestricted           0x08007c21   Thumb Code    74  queue.o(i.vQueueWaitForMessageRestricted)
    vTaskDelay                               0x08007c6d   Thumb Code    46  tasks.o(i.vTaskDelay)
    vTaskDelayUntil                          0x08007ca1   Thumb Code   106  tasks.o(i.vTaskDelayUntil)
    vTaskDelete                              0x08007d15   Thumb Code   166  tasks.o(i.vTaskDelete)
    vTaskMissedYield                         0x08007de1   Thumb Code     8  tasks.o(i.vTaskMissedYield)
    vTaskPlaceOnEventList                    0x08007ded   Thumb Code    28  tasks.o(i.vTaskPlaceOnEventList)
    vTaskPlaceOnEventListRestricted          0x08007e0d   Thumb Code    36  tasks.o(i.vTaskPlaceOnEventListRestricted)
    vTaskPriorityInherit                     0x08007e35   Thumb Code   164  tasks.o(i.vTaskPriorityInherit)
    vTaskSetTimeOutState                     0x08007ee5   Thumb Code    14  tasks.o(i.vTaskSetTimeOutState)
    vTaskStartScheduler                      0x08007efd   Thumb Code   120  tasks.o(i.vTaskStartScheduler)
    vTaskSuspendAll                          0x08007f91   Thumb Code    12  tasks.o(i.vTaskSuspendAll)
    vTaskSwitchContext                       0x08007fa1   Thumb Code    76  tasks.o(i.vTaskSwitchContext)
    xPortStartScheduler                      0x08008001   Thumb Code    42  port.o(i.xPortStartScheduler)
    xPortSysTickHandler                      0x08008035   Thumb Code    46  port.o(i.xPortSysTickHandler)
    xQueueCreateMutex                        0x08008069   Thumb Code    34  queue.o(i.xQueueCreateMutex)
    xQueueGenericCreate                      0x0800808b   Thumb Code    62  queue.o(i.xQueueGenericCreate)
    xQueueGenericCreateStatic                0x080080c9   Thumb Code    46  queue.o(i.xQueueGenericCreateStatic)
    xQueueGenericReceive                     0x080080f9   Thumb Code   342  queue.o(i.xQueueGenericReceive)
    xQueueGenericReset                       0x08008255   Thumb Code   122  queue.o(i.xQueueGenericReset)
    xQueueGenericSend                        0x080082d5   Thumb Code   276  queue.o(i.xQueueGenericSend)
    xQueueGenericSendFromISR                 0x080083ed   Thumb Code   134  queue.o(i.xQueueGenericSendFromISR)
    xTaskCheckForTimeOut                     0x08008475   Thumb Code    84  tasks.o(i.xTaskCheckForTimeOut)
    xTaskCreate                              0x080084d1   Thumb Code   100  tasks.o(i.xTaskCreate)
    xTaskCreateStatic                        0x08008535   Thumb Code    78  tasks.o(i.xTaskCreateStatic)
    xTaskGetSchedulerState                   0x08008585   Thumb Code    24  tasks.o(i.xTaskGetSchedulerState)
    xTaskGetTickCount                        0x080085a5   Thumb Code     6  tasks.o(i.xTaskGetTickCount)
    xTaskIncrementTick                       0x080085b1   Thumb Code   238  tasks.o(i.xTaskIncrementTick)
    xTaskPriorityDisinherit                  0x080086cd   Thumb Code   122  tasks.o(i.xTaskPriorityDisinherit)
    xTaskRemoveFromEventList                 0x08008751   Thumb Code   104  tasks.o(i.xTaskRemoveFromEventList)
    xTaskResumeAll                           0x080087d1   Thumb Code   196  tasks.o(i.xTaskResumeAll)
    xTimerCreateTimerTask                    0x080088b9   Thumb Code    76  timers.o(i.xTimerCreateTimerTask)
    xTimerGenericCommand                     0x08008919   Thumb Code   102  timers.o(i.xTimerGenericCommand)
    _get_lc_numeric                          0x08008985   Thumb Code    44  lc_numeric_c.o(locale$$code)
    __aeabi_d2f                              0x080089b1   Thumb Code     0  d2f.o(x$fpl$d2f)
    _d2f                                     0x080089b1   Thumb Code    98  d2f.o(x$fpl$d2f)
    __fpl_dcmp_Inf                           0x08008a13   Thumb Code    24  dcmpi.o(x$fpl$dcmpinf)
    __aeabi_ddiv                             0x08008a2d   Thumb Code     0  ddiv.o(x$fpl$ddiv)
    _ddiv                                    0x08008a2d   Thumb Code   552  ddiv.o(x$fpl$ddiv)
    __aeabi_d2iz                             0x08008cdd   Thumb Code     0  dfix.o(x$fpl$dfix)
    _dfix                                    0x08008cdd   Thumb Code    94  dfix.o(x$fpl$dfix)
    __aeabi_cdcmple                          0x08008d3d   Thumb Code     0  dleqf.o(x$fpl$dleqf)
    _dcmple                                  0x08008d3d   Thumb Code   120  dleqf.o(x$fpl$dleqf)
    __fpl_dcmple_InfNaN                      0x08008d9f   Thumb Code     0  dleqf.o(x$fpl$dleqf)
    __fpl_dnaninf                            0x08008db5   Thumb Code   156  dnaninf.o(x$fpl$dnaninf)
    __fpl_dretinf                            0x08008e51   Thumb Code    12  dretinf.o(x$fpl$dretinf)
    __aeabi_cdrcmple                         0x08008e5d   Thumb Code     0  drleqf.o(x$fpl$drleqf)
    _drcmple                                 0x08008e5d   Thumb Code   108  drleqf.o(x$fpl$drleqf)
    __aeabi_f2d                              0x08008ec9   Thumb Code     0  f2d.o(x$fpl$f2d)
    _f2d                                     0x08008ec9   Thumb Code    86  f2d.o(x$fpl$f2d)
    __aeabi_fadd                             0x08008f21   Thumb Code     0  faddsub_clz.o(x$fpl$fadd)
    _fadd                                    0x08008f21   Thumb Code   196  faddsub_clz.o(x$fpl$fadd)
    __fpl_fcmp_Inf                           0x08008fe5   Thumb Code    24  fcmpi.o(x$fpl$fcmpinf)
    __aeabi_f2uiz                            0x08008ffd   Thumb Code     0  ffixu.o(x$fpl$ffixu)
    _ffixu                                   0x08008ffd   Thumb Code    62  ffixu.o(x$fpl$ffixu)
    __aeabi_i2f                              0x0800903d   Thumb Code     0  fflt_clz.o(x$fpl$fflt)
    _fflt                                    0x0800903d   Thumb Code    48  fflt_clz.o(x$fpl$fflt)
    __aeabi_ui2f                             0x0800906d   Thumb Code     0  fflt_clz.o(x$fpl$ffltu)
    _ffltu                                   0x0800906d   Thumb Code    38  fflt_clz.o(x$fpl$ffltu)
    __aeabi_cfcmple                          0x08009095   Thumb Code     0  fleqf.o(x$fpl$fleqf)
    _fcmple                                  0x08009095   Thumb Code   104  fleqf.o(x$fpl$fleqf)
    __fpl_fcmple_InfNaN                      0x080090e7   Thumb Code     0  fleqf.o(x$fpl$fleqf)
    __aeabi_fmul                             0x080090fd   Thumb Code     0  fmul.o(x$fpl$fmul)
    _fmul                                    0x080090fd   Thumb Code   258  fmul.o(x$fpl$fmul)
    __fpl_fnaninf                            0x080091ff   Thumb Code   140  fnaninf.o(x$fpl$fnaninf)
    __fpl_fretinf                            0x0800928b   Thumb Code    10  fretinf.o(x$fpl$fretinf)
    __aeabi_cfrcmple                         0x08009295   Thumb Code     0  frleqf.o(x$fpl$frleqf)
    _frcmple                                 0x08009295   Thumb Code    98  frleqf.o(x$fpl$frleqf)
    __aeabi_fsub                             0x080092f9   Thumb Code     0  faddsub_clz.o(x$fpl$fsub)
    _fsub                                    0x080092f9   Thumb Code   234  faddsub_clz.o(x$fpl$fsub)
    _printf_fp_dec                           0x080093e3   Thumb Code     4  printf1.o(x$fpl$printf1)
    OLED_F8x16                               0x080093e6   Data        1520  oled.o(.constdata)
    __I$use$fp                               0x080093e6   Number         0  usenofp.o(x$fpl$usenofp)
    OLED_F16x16                              0x080099d6   Data          64  oled.o(.constdata)
    OLED_F16x32                              0x08009a16   Data         704  oled.o(.constdata)
    Region$$Table$$Base                      0x08009d6c   Number         0  anon$$obj.o(Region$$Table)
    Region$$Table$$Limit                     0x08009d8c   Number         0  anon$$obj.o(Region$$Table)
    xOLEDMutex                               0x20000014   Data           4  oled.o(.data)
    esp8266_cnt                              0x20000018   Data           2  esp8266.o(.data)
    esp8266_cntPre                           0x2000001a   Data           2  esp8266.o(.data)
    HX711_Buffer                             0x2000001c   Data           4  hx711.o(.data)
    Weight_Maopi                             0x20000020   Data           4  hx711.o(.data)
    Weight_Shiwu                             0x20000024   Data           4  hx711.o(.data)
    Flag_Error                               0x20000028   Data           1  hx711.o(.data)
    xVoiceSemaphore                          0x20000044   Data           4  xrvoice.o(.data)
    g_bt_time                                0x20000068   Data           3  hc06.o(.data)
    g_bt_time_valid                          0x2000006b   Data           1  hc06.o(.data)
    g_bt_time_updated                        0x2000006c   Data           1  hc06.o(.data)
    g_bt_debug_buf                           0x2000006d   Data           3  hc06.o(.data)
    g_bt_debug_ready                         0x20000070   Data           1  hc06.o(.data)
    g_bt_rx_count                            0x20000071   Data           1  hc06.o(.data)
    g_bt_alarms                              0x20000072   Data           9  hc06.o(.data)
    g_bt_alarm_updated                       0x2000007b   Data           1  hc06.o(.data)
    g_bt_alarm_index                         0x2000007c   Data           1  hc06.o(.data)
    g_box_state                              0x20000088   Data           1  app_tasks.o(.data)
    g_alarm_state                            0x20000089   Data           1  app_tasks.o(.data)
    g_box_content_state                      0x2000008a   Data           1  app_tasks.o(.data)
    g_last_box_state                         0x2000008b   Data           1  app_tasks.o(.data)
    g_last_alarm_state                       0x2000008c   Data           1  app_tasks.o(.data)
    g_last_box_content_state                 0x2000008d   Data           1  app_tasks.o(.data)
    last_upload_weight                       0x20000090   Data           4  app_tasks.o(.data)
    g_upload_trigger_weight                  0x20000094   Data           1  app_tasks.o(.data)
    g_upload_trigger_status                  0x20000095   Data           1  app_tasks.o(.data)
    g_upload_trigger_temp                    0x20000096   Data           1  app_tasks.o(.data)
    g_upload_trigger_humid                   0x20000097   Data           1  app_tasks.o(.data)
    g_upload_trigger_box                     0x20000098   Data           1  app_tasks.o(.data)
    g_upload_trigger_alarm                   0x20000099   Data           1  app_tasks.o(.data)
    g_upload_trigger_box_content             0x2000009a   Data           1  app_tasks.o(.data)
    g_servo_cmd                              0x2000009b   Data           1  app_tasks.o(.data)
    g_servo_state                            0x2000009c   Data           1  app_tasks.o(.data)
    Servo_Task_Handle                        0x200000a0   Data           4  app_tasks.o(.data)
    g_upload_status                          0x200000a4   Data           1  app_tasks.o(.data)
    g_upload_display_tick                    0x200000a8   Data           4  app_tasks.o(.data)
    g_need_upload                            0x200000ac   Data           1  app_tasks.o(.data)
    g_alarm_ringing                          0x200000ad   Data           1  app_tasks.o(.data)
    g_light_changed                          0x200000ae   Data           1  app_tasks.o(.data)
    g_alarm_start_tick                       0x200000b0   Data           4  app_tasks.o(.data)
    g_last_alarm_play_tick                   0x200000b4   Data           4  app_tasks.o(.data)
    g_last_light_state                       0x200000b8   Data           1  app_tasks.o(.data)
    g_alarm_servo_state                      0x200000b9   Data           1  app_tasks.o(.data)
    display_mode                             0x200000ba   Data           1  app_tasks.o(.data)
    temperature                              0x200000bc   Data           4  app_tasks.o(.data)
    humidity                                 0x200000c0   Data           4  app_tasks.o(.data)
    last_upload_temp                         0x200000c4   Data           4  app_tasks.o(.data)
    last_upload_humid                        0x200000c8   Data           4  app_tasks.o(.data)
    weight                                   0x200000cc   Data           4  app_tasks.o(.data)
    tare_done                                0x200000d0   Data           1  app_tasks.o(.data)
    dht11_last_status                        0x200000d1   Data           1  app_tasks.o(.data)
    g_stop_empty_box_alarm                   0x200000d2   Data           1  app_tasks.o(.data)
    g_empty_box_alarm_active                 0x200000d3   Data           1  app_tasks.o(.data)
    current_hour                             0x200000d4   Data           1  app_tasks.o(.data)
    current_minute                           0x200000d5   Data           1  app_tasks.o(.data)
    current_second                           0x200000d6   Data           1  app_tasks.o(.data)
    g_key1_pressed                           0x200000d7   Data           1  app_tasks.o(.data)
    show_bt_time                             0x200000d8   Data           1  app_tasks.o(.data)
    g_last_hex                               0x200000d9   Data           3  app_tasks.o(.data)
    g_hex_received                           0x200000dc   Data           1  app_tasks.o(.data)
    g_last_sync_tick                         0x200000e0   Data           4  app_tasks.o(.data)
    g_sync_status                            0x200000e4   Data           1  app_tasks.o(.data)
    g_time_task_run_count                    0x200000e8   Data           4  app_tasks.o(.data)
    g_edit_mode                              0x200000ec   Data           1  app_tasks.o(.data)
    g_edit_field                             0x200000ed   Data           1  app_tasks.o(.data)
    g_volume                                 0x200000ee   Data           1  app_tasks.o(.data)
    xTimeMutex                               0x200000f0   Data           4  app_tasks.o(.data)
    AppTaskCreate_Handle                     0x200000f4   Data           4  app_tasks.o(.data)
    HX711_Task_Handle                        0x200000f8   Data           4  app_tasks.o(.data)
    DHT11_Task_Handle                        0x200000fc   Data           4  app_tasks.o(.data)
    Display_Task_Handle                      0x20000100   Data           4  app_tasks.o(.data)
    Upload_Task_Handle                       0x20000104   Data           4  app_tasks.o(.data)
    Key_Task_Handle                          0x20000108   Data           4  app_tasks.o(.data)
    Time_Task_Handle                         0x2000010c   Data           4  app_tasks.o(.data)
    Voice_Task_Handle                        0x20000110   Data           4  app_tasks.o(.data)
    g_voice_alarm_edit                       0x2000013c   Data           1  voice_command_handler.o(.data)
    g_voice_alarm_index                      0x2000013d   Data           1  voice_command_handler.o(.data)
    g_voice_alarm_hour                       0x2000013e   Data           1  voice_command_handler.o(.data)
    g_voice_alarm_minute                     0x2000013f   Data           1  voice_command_handler.o(.data)
    pxCurrentTCB                             0x20000140   Data           4  tasks.o(.data)
    esp8266_buf                              0x200001ac   Data        1280  esp8266.o(.bss)
    rec_data                                 0x200006ac   Data          16  dht11.o(.bss)
    Idle_Task_Stack                          0x2000073c   Data         512  app_tasks.o(.bss)
    Timer_Task_Stack                         0x2000093c   Data         512  app_tasks.o(.bss)
    Idle_Task_TCB                            0x20000b3c   Data          84  app_tasks.o(.bss)
    Timer_Task_TCB                           0x20000b90   Data          84  app_tasks.o(.bss)
    xQueueRegistry                           0x20000be4   Data          64  queue.o(.bss)
    __libspace_start                         0x20004998   Data          96  libspace.o(.bss)
    __temporary_stack_top$libspace           0x200049f8   Data           0  libspace.o(.bss)



==============================================================================

Memory Map of the image

  Image Entry point : 0x080000ed

  Load Region LR_IROM1 (Base: 0x08000000, Size: 0x00009f54, Max: 0x00010000, ABSOLUTE, COMPRESSED[0x00009dec])

    Execution Region ER_IROM1 (Exec base: 0x08000000, Load base: 0x08000000, Size: 0x00009da8, Max: 0x00010000, ABSOLUTE)

    Exec Addr    Load Addr    Size         Type   Attr      Idx    E Section Name        Object

    0x08000000   0x08000000   0x000000ec   Data   RO            3    RESET               startup_stm32f10x_md.o
    0x080000ec   0x080000ec   0x00000008   Code   RO         5480  * !!!main             c_w.l(__main.o)
    0x080000f4   0x080000f4   0x00000034   Code   RO         5756    !!!scatter          c_w.l(__scatter.o)
    0x08000128   0x08000128   0x0000005a   Code   RO         5754    !!dczerorl2         c_w.l(__dczerorl2.o)
    0x08000182   0x08000182   0x00000002   PAD
    0x08000184   0x08000184   0x0000001c   Code   RO         5758    !!handler_zi        c_w.l(__scatter_zi.o)
    0x080001a0   0x080001a0   0x00000000   Code   RO         5469    .ARM.Collect$$_printf_percent$$00000000  c_w.l(_printf_percent.o)
    0x080001a0   0x080001a0   0x00000006   Code   RO         5468    .ARM.Collect$$_printf_percent$$00000003  c_w.l(_printf_f.o)
    0x080001a6   0x080001a6   0x00000006   Code   RO         5467    .ARM.Collect$$_printf_percent$$00000009  c_w.l(_printf_d.o)
    0x080001ac   0x080001ac   0x00000006   Code   RO         5466    .ARM.Collect$$_printf_percent$$00000014  c_w.l(_printf_s.o)
    0x080001b2   0x080001b2   0x00000004   Code   RO         5535    .ARM.Collect$$_printf_percent$$00000017  c_w.l(_printf_percent_end.o)
    0x080001b6   0x080001b6   0x00000002   Code   RO         5627    .ARM.Collect$$libinit$$00000000  c_w.l(libinit.o)
    0x080001b8   0x080001b8   0x00000000   Code   RO         5629    .ARM.Collect$$libinit$$00000002  c_w.l(libinit2.o)
    0x080001b8   0x080001b8   0x00000000   Code   RO         5631    .ARM.Collect$$libinit$$00000004  c_w.l(libinit2.o)
    0x080001b8   0x080001b8   0x00000000   Code   RO         5634    .ARM.Collect$$libinit$$0000000A  c_w.l(libinit2.o)
    0x080001b8   0x080001b8   0x00000000   Code   RO         5636    .ARM.Collect$$libinit$$0000000C  c_w.l(libinit2.o)
    0x080001b8   0x080001b8   0x00000000   Code   RO         5638    .ARM.Collect$$libinit$$0000000E  c_w.l(libinit2.o)
    0x080001b8   0x080001b8   0x00000006   Code   RO         5639    .ARM.Collect$$libinit$$0000000F  c_w.l(libinit2.o)
    0x080001be   0x080001be   0x00000000   Code   RO         5641    .ARM.Collect$$libinit$$00000011  c_w.l(libinit2.o)
    0x080001be   0x080001be   0x00000000   Code   RO         5643    .ARM.Collect$$libinit$$00000013  c_w.l(libinit2.o)
    0x080001be   0x080001be   0x00000000   Code   RO         5645    .ARM.Collect$$libinit$$00000015  c_w.l(libinit2.o)
    0x080001be   0x080001be   0x0000000a   Code   RO         5646    .ARM.Collect$$libinit$$00000016  c_w.l(libinit2.o)
    0x080001c8   0x080001c8   0x00000000   Code   RO         5647    .ARM.Collect$$libinit$$00000017  c_w.l(libinit2.o)
    0x080001c8   0x080001c8   0x00000000   Code   RO         5649    .ARM.Collect$$libinit$$00000019  c_w.l(libinit2.o)
    0x080001c8   0x080001c8   0x00000000   Code   RO         5651    .ARM.Collect$$libinit$$0000001B  c_w.l(libinit2.o)
    0x080001c8   0x080001c8   0x00000000   Code   RO         5653    .ARM.Collect$$libinit$$0000001D  c_w.l(libinit2.o)
    0x080001c8   0x080001c8   0x00000000   Code   RO         5655    .ARM.Collect$$libinit$$0000001F  c_w.l(libinit2.o)
    0x080001c8   0x080001c8   0x00000000   Code   RO         5657    .ARM.Collect$$libinit$$00000021  c_w.l(libinit2.o)
    0x080001c8   0x080001c8   0x00000000   Code   RO         5659    .ARM.Collect$$libinit$$00000023  c_w.l(libinit2.o)
    0x080001c8   0x080001c8   0x00000000   Code   RO         5661    .ARM.Collect$$libinit$$00000025  c_w.l(libinit2.o)
    0x080001c8   0x080001c8   0x00000000   Code   RO         5665    .ARM.Collect$$libinit$$0000002C  c_w.l(libinit2.o)
    0x080001c8   0x080001c8   0x00000000   Code   RO         5667    .ARM.Collect$$libinit$$0000002E  c_w.l(libinit2.o)
    0x080001c8   0x080001c8   0x00000000   Code   RO         5669    .ARM.Collect$$libinit$$00000030  c_w.l(libinit2.o)
    0x080001c8   0x080001c8   0x00000000   Code   RO         5671    .ARM.Collect$$libinit$$00000032  c_w.l(libinit2.o)
    0x080001c8   0x080001c8   0x00000002   Code   RO         5672    .ARM.Collect$$libinit$$00000033  c_w.l(libinit2.o)
    0x080001ca   0x080001ca   0x00000002   Code   RO         5702    .ARM.Collect$$libshutdown$$00000000  c_w.l(libshutdown.o)
    0x080001cc   0x080001cc   0x00000000   Code   RO         5713    .ARM.Collect$$libshutdown$$00000002  c_w.l(libshutdown2.o)
    0x080001cc   0x080001cc   0x00000000   Code   RO         5715    .ARM.Collect$$libshutdown$$00000004  c_w.l(libshutdown2.o)
    0x080001cc   0x080001cc   0x00000000   Code   RO         5718    .ARM.Collect$$libshutdown$$00000007  c_w.l(libshutdown2.o)
    0x080001cc   0x080001cc   0x00000000   Code   RO         5721    .ARM.Collect$$libshutdown$$0000000A  c_w.l(libshutdown2.o)
    0x080001cc   0x080001cc   0x00000000   Code   RO         5723    .ARM.Collect$$libshutdown$$0000000C  c_w.l(libshutdown2.o)
    0x080001cc   0x080001cc   0x00000000   Code   RO         5726    .ARM.Collect$$libshutdown$$0000000F  c_w.l(libshutdown2.o)
    0x080001cc   0x080001cc   0x00000002   Code   RO         5727    .ARM.Collect$$libshutdown$$00000010  c_w.l(libshutdown2.o)
    0x080001ce   0x080001ce   0x00000000   Code   RO         5524    .ARM.Collect$$rtentry$$00000000  c_w.l(__rtentry.o)
    0x080001ce   0x080001ce   0x00000000   Code   RO         5554    .ARM.Collect$$rtentry$$00000002  c_w.l(__rtentry2.o)
    0x080001ce   0x080001ce   0x00000006   Code   RO         5566    .ARM.Collect$$rtentry$$00000004  c_w.l(__rtentry4.o)
    0x080001d4   0x080001d4   0x00000000   Code   RO         5556    .ARM.Collect$$rtentry$$00000009  c_w.l(__rtentry2.o)
    0x080001d4   0x080001d4   0x00000004   Code   RO         5557    .ARM.Collect$$rtentry$$0000000A  c_w.l(__rtentry2.o)
    0x080001d8   0x080001d8   0x00000000   Code   RO         5559    .ARM.Collect$$rtentry$$0000000C  c_w.l(__rtentry2.o)
    0x080001d8   0x080001d8   0x00000008   Code   RO         5560    .ARM.Collect$$rtentry$$0000000D  c_w.l(__rtentry2.o)
    0x080001e0   0x080001e0   0x00000002   Code   RO         5673    .ARM.Collect$$rtexit$$00000000  c_w.l(rtexit.o)
    0x080001e2   0x080001e2   0x00000000   Code   RO         5680    .ARM.Collect$$rtexit$$00000002  c_w.l(rtexit2.o)
    0x080001e2   0x080001e2   0x00000004   Code   RO         5681    .ARM.Collect$$rtexit$$00000003  c_w.l(rtexit2.o)
    0x080001e6   0x080001e6   0x00000006   Code   RO         5682    .ARM.Collect$$rtexit$$00000004  c_w.l(rtexit2.o)
    0x080001ec   0x080001ec   0x00000096   Code   RO         5363    .emb_text           port.o
    0x08000282   0x08000282   0x00000002   PAD
    0x08000284   0x08000284   0x00000040   Code   RO            4    .text               startup_stm32f10x_md.o
    0x080002c4   0x080002c4   0x00000028   Code   RO         5438    .text               c_w.l(noretval__2sprintf.o)
    0x080002ec   0x080002ec   0x00000052   Code   RO         5442    .text               c_w.l(_printf_str.o)
    0x0800033e   0x0800033e   0x00000002   PAD
    0x08000340   0x08000340   0x00000078   Code   RO         5444    .text               c_w.l(_printf_dec.o)
    0x080003b8   0x080003b8   0x0000010e   Code   RO         5454    .text               c_w.l(__printf_wp.o)
    0x080004c6   0x080004c6   0x00000024   Code   RO         5470    .text               c_w.l(strstr.o)
    0x080004ea   0x080004ea   0x0000003e   Code   RO         5472    .text               c_w.l(strlen.o)
    0x08000528   0x08000528   0x0000008a   Code   RO         5474    .text               c_w.l(rt_memcpy_v6.o)
    0x080005b2   0x080005b2   0x00000044   Code   RO         5476    .text               c_w.l(rt_memclr.o)
    0x080005f6   0x080005f6   0x00000006   Code   RO         5478    .text               c_w.l(heapauxi.o)
    0x080005fc   0x080005fc   0x000000b2   Code   RO         5525    .text               c_w.l(_printf_intcommon.o)
    0x080006ae   0x080006ae   0x0000041e   Code   RO         5527    .text               c_w.l(_printf_fp_dec.o)
    0x08000acc   0x08000acc   0x00000030   Code   RO         5529    .text               c_w.l(_printf_char_common.o)
    0x08000afc   0x08000afc   0x0000000a   Code   RO         5531    .text               c_w.l(_sputc.o)
    0x08000b06   0x08000b06   0x0000002c   Code   RO         5533    .text               c_w.l(_printf_char.o)
    0x08000b32   0x08000b32   0x00000064   Code   RO         5536    .text               c_w.l(rt_memcpy_w.o)
    0x08000b96   0x08000b96   0x0000004e   Code   RO         5538    .text               c_w.l(rt_memclr_w.o)
    0x08000be4   0x08000be4   0x00000008   Code   RO         5571    .text               c_w.l(rt_locale_intlibspace.o)
    0x08000bec   0x08000bec   0x0000008a   Code   RO         5573    .text               c_w.l(lludiv10.o)
    0x08000c76   0x08000c76   0x00000002   PAD
    0x08000c78   0x08000c78   0x00000080   Code   RO         5575    .text               c_w.l(_printf_fp_infnan.o)
    0x08000cf8   0x08000cf8   0x000000e4   Code   RO         5579    .text               c_w.l(bigflt0.o)
    0x08000ddc   0x08000ddc   0x00000008   Code   RO         5613    .text               c_w.l(libspace.o)
    0x08000de4   0x08000de4   0x0000004a   Code   RO         5616    .text               c_w.l(sys_stackheap_outer.o)
    0x08000e2e   0x08000e2e   0x00000012   Code   RO         5618    .text               c_w.l(exit.o)
    0x08000e40   0x08000e40   0x00000080   Code   RO         5620    .text               c_w.l(strcmpv7m.o)
    0x08000ec0   0x08000ec0   0x0000000c   Code   RO         5692    .text               c_w.l(sys_exit.o)
    0x08000ecc   0x08000ecc   0x00000002   Code   RO         5703    .text               c_w.l(use_no_semi.o)
    0x08000ece   0x08000ece   0x00000000   Code   RO         5705    .text               c_w.l(indicate_semi.o)
    0x08000ece   0x08000ece   0x0000003e   Code   RO         5582    CL$$btod_d2e        c_w.l(btod.o)
    0x08000f0c   0x08000f0c   0x00000046   Code   RO         5584    CL$$btod_d2e_denorm_low  c_w.l(btod.o)
    0x08000f52   0x08000f52   0x00000060   Code   RO         5583    CL$$btod_d2e_norm_op1  c_w.l(btod.o)
    0x08000fb2   0x08000fb2   0x00000338   Code   RO         5592    CL$$btod_div_common  c_w.l(btod.o)
    0x080012ea   0x080012ea   0x000000dc   Code   RO         5589    CL$$btod_e2e        c_w.l(btod.o)
    0x080013c6   0x080013c6   0x0000002a   Code   RO         5586    CL$$btod_ediv       c_w.l(btod.o)
    0x080013f0   0x080013f0   0x0000002a   Code   RO         5585    CL$$btod_emul       c_w.l(btod.o)
    0x0800141a   0x0800141a   0x00000244   Code   RO         5591    CL$$btod_mult_common  c_w.l(btod.o)
    0x0800165e   0x0800165e   0x00000002   PAD
    0x08001660   0x08001660   0x00000164   Code   RO         4280    i.AppTaskCreate     app_tasks.o
    0x080017c4   0x080017c4   0x00000004   Code   RO         4229    i.BusFault_Handler  stm32f10x_it.o
    0x080017c8   0x080017c8   0x000000fc   Code   RO         4281    i.Calibrate_Time    app_tasks.o
    0x080018c4   0x080018c4   0x000000b8   Code   RO         4282    i.CheckAndTriggerUpload  app_tasks.o
    0x0800197c   0x0800197c   0x000000bc   Code   RO         4283    i.CheckAndTriggerUpload_Status  app_tasks.o
    0x08001a38   0x08001a38   0x0000007c   Code   RO         4284    i.CheckAndTriggerUpload_Weight  app_tasks.o
    0x08001ab4   0x08001ab4   0x00000028   Code   RO         3963    i.CheckSelfSentTimeout  xrvoice.o
    0x08001adc   0x08001adc   0x00000048   Code   RO         3964    i.CheckWakeupTimeout  xrvoice.o
    0x08001b24   0x08001b24   0x0000008c   Code   RO         4285    i.Check_Alarm_Time  app_tasks.o
    0x08001bb0   0x08001bb0   0x0000002c   Code   RO         3717    i.DH11_GPIO_Init_IN  dht11.o
    0x08001bdc   0x08001bdc   0x0000002c   Code   RO         3718    i.DH11_GPIO_Init_OUT  dht11.o
    0x08001c08   0x08001c08   0x00000084   Code   RO         3719    i.DHT11_REC_Data    dht11.o
    0x08001c8c   0x08001c8c   0x00000050   Code   RO         3720    i.DHT11_Rec_Byte    dht11.o
    0x08001cdc   0x08001cdc   0x0000003c   Code   RO         3721    i.DHT11_Start       dht11.o
    0x08001d18   0x08001d18   0x000000e4   Code   RO         4286    i.DHT11_Task        app_tasks.o
    0x08001dfc   0x08001dfc   0x00000002   Code   RO         4230    i.DebugMon_Handler  stm32f10x_it.o
    0x08001dfe   0x08001dfe   0x00000018   Code   RO         3256    i.Delay_ms          delay.o
    0x08001e16   0x08001e16   0x00000002   PAD
    0x08001e18   0x08001e18   0x00000028   Code   RO         3260    i.Delay_us          delay.o
    0x08001e40   0x08001e40   0x00000afc   Code   RO         4287    i.Display_Task      app_tasks.o
    0x0800293c   0x0800293c   0x0000001c   Code   RO         3602    i.ESP8266_Clear     esp8266.o
    0x08002958   0x08002958   0x000000d8   Code   RO         3603    i.ESP8266_Init      esp8266.o
    0x08002a30   0x08002a30   0x00000054   Code   RO         3604    i.ESP8266_SendCmd   esp8266.o
    0x08002a84   0x08002a84   0x00000034   Code   RO         3606    i.ESP8266_WaitRecive  esp8266.o
    0x08002ab8   0x08002ab8   0x000000cc   Code   RO         3607    i.ESP_ConnectMQTT   esp8266.o
    0x08002b84   0x08002b84   0x000000bc   Code   RO         3608    i.ESP_MQTTPublish   esp8266.o
    0x08002c40   0x08002c40   0x00000116   Code   RO         1407    i.GPIO_Init         stm32f10x_gpio.o
    0x08002d56   0x08002d56   0x00000002   PAD
    0x08002d58   0x08002d58   0x00000090   Code   RO         1409    i.GPIO_PinRemapConfig  stm32f10x_gpio.o
    0x08002de8   0x08002de8   0x00000012   Code   RO         1411    i.GPIO_ReadInputDataBit  stm32f10x_gpio.o
    0x08002dfa   0x08002dfa   0x00000012   Code   RO         1413    i.GPIO_ReadOutputDataBit  stm32f10x_gpio.o
    0x08002e0c   0x08002e0c   0x00000004   Code   RO         1414    i.GPIO_ResetBits    stm32f10x_gpio.o
    0x08002e10   0x08002e10   0x00000004   Code   RO         1415    i.GPIO_SetBits      stm32f10x_gpio.o
    0x08002e14   0x08002e14   0x0000000a   Code   RO         1418    i.GPIO_WriteBit     stm32f10x_gpio.o
    0x08002e1e   0x08002e1e   0x00000002   PAD
    0x08002e20   0x08002e20   0x00000054   Code   RO         4289    i.Get_Current_Time  app_tasks.o
    0x08002e74   0x08002e74   0x0000002c   Code   RO         3762    i.Get_Maopi         hx711.o
    0x08002ea0   0x08002ea0   0x00000138   Code   RO         3763    i.Get_Weight        hx711.o
    0x08002fd8   0x08002fd8   0x00000064   Code   RO         4103    i.HC06_Init         hc06.o
    0x0800303c   0x0800303c   0x0000014c   Code   RO         4104    i.HC06_ProcessByte  hc06.o
    0x08003188   0x08003188   0x00000088   Code   RO         3764    i.HX711_Read        hx711.o
    0x08003210   0x08003210   0x00000174   Code   RO         4290    i.HX711_Task        app_tasks.o
    0x08003384   0x08003384   0x00001408   Code   RO         4505    i.HandleVoiceCommand  voice_command_handler.o
    0x0800478c   0x0800478c   0x00000004   Code   RO         4231    i.HardFault_Handler  stm32f10x_it.o
    0x08004790   0x08004790   0x0000004c   Code   RO         3765    i.Init_HX711pin     hx711.o
    0x080047dc   0x080047dc   0x00000048   Code   RO         3965    i.IsSelfLoopback    xrvoice.o
    0x08004824   0x08004824   0x00000034   Code   RO         4291    i.Is_Sync_Valid     app_tasks.o
    0x08004858   0x08004858   0x0000002c   Code   RO         3887    i.Key_GetPress      key.o
    0x08004884   0x08004884   0x000000b0   Code   RO         3888    i.Key_Init          key.o
    0x08004934   0x08004934   0x00000030   Code   RO         3889    i.Key_ReadPin       key.o
    0x08004964   0x08004964   0x0000009c   Code   RO         3890    i.Key_Scan          key.o
    0x08004a00   0x08004a00   0x000003b4   Code   RO         4292    i.Key_Task          app_tasks.o
    0x08004db4   0x08004db4   0x00000010   Code   RO         3371    i.LED0_OFF          led.o
    0x08004dc4   0x08004dc4   0x00000024   Code   RO         3373    i.LED0_Turn         led.o
    0x08004de8   0x08004de8   0x00000034   Code   RO         3374    i.LED_Init          led.o
    0x08004e1c   0x08004e1c   0x00000010   Code   RO         3927    i.LightSenor_Get    light.o
    0x08004e2c   0x08004e2c   0x0000002c   Code   RO         3928    i.LightSenor_Init   light.o
    0x08004e58   0x08004e58   0x00000004   Code   RO         4232    i.MemManage_Handler  stm32f10x_it.o
    0x08004e5c   0x08004e5c   0x00000002   Code   RO         4233    i.NMI_Handler       stm32f10x_it.o
    0x08004e5e   0x08004e5e   0x00000002   PAD
    0x08004e60   0x08004e60   0x00000070   Code   RO          137    i.NVIC_Init         misc.o
    0x08004ed0   0x08004ed0   0x00000014   Code   RO          138    i.NVIC_PriorityGroupConfig  misc.o
    0x08004ee4   0x08004ee4   0x00000058   Code   RO         3401    i.OLED_Clear        oled.o
    0x08004f3c   0x08004f3c   0x00000050   Code   RO         3402    i.OLED_I2C_Init     oled.o
    0x08004f8c   0x08004f8c   0x0000005c   Code   RO         3403    i.OLED_I2C_SendByte  oled.o
    0x08004fe8   0x08004fe8   0x00000034   Code   RO         3404    i.OLED_I2C_Start    oled.o
    0x0800501c   0x0800501c   0x00000028   Code   RO         3405    i.OLED_I2C_Stop     oled.o
    0x08005044   0x08005044   0x000000ae   Code   RO         3406    i.OLED_Init         oled.o
    0x080050f2   0x080050f2   0x00000014   Code   RO         3407    i.OLED_Pow          oled.o
    0x08005106   0x08005106   0x00000022   Code   RO         3408    i.OLED_SetCursor    oled.o
    0x08005128   0x08005128   0x000000b8   Code   RO         3409    i.OLED_Show16x32Char  oled.o
    0x080051e0   0x080051e0   0x000000a0   Code   RO         3413    i.OLED_ShowChar     oled.o
    0x08005280   0x08005280   0x000000d0   Code   RO         3416    i.OLED_ShowNum      oled.o
    0x08005350   0x08005350   0x000000b8   Code   RO         3418    i.OLED_ShowString   oled.o
    0x08005408   0x08005408   0x00000020   Code   RO         3421    i.OLED_WriteCommand  oled.o
    0x08005428   0x08005428   0x00000020   Code   RO         3422    i.OLED_WriteData    oled.o
    0x08005448   0x08005448   0x000000c8   Code   RO         3945    i.PWM_Init          pwm.o
    0x08005510   0x08005510   0x00000010   Code   RO         3946    i.PWM_SetCompare2   pwm.o
    0x08005520   0x08005520   0x000001a4   Code   RO         4293    i.ProcessUploadQueue  app_tasks.o
    0x080056c4   0x080056c4   0x00000020   Code   RO         1835    i.RCC_APB1PeriphClockCmd  stm32f10x_rcc.o
    0x080056e4   0x080056e4   0x00000020   Code   RO         1837    i.RCC_APB2PeriphClockCmd  stm32f10x_rcc.o
    0x08005704   0x08005704   0x000000d4   Code   RO         1845    i.RCC_GetClocksFreq  stm32f10x_rcc.o
    0x080057d8   0x080057d8   0x000000a8   Code   RO         4294    i.ReadDHT11Data     app_tasks.o
    0x08005880   0x08005880   0x00000030   Code   RO         3966    i.RecordSelfSent    xrvoice.o
    0x080058b0   0x080058b0   0x000000c8   Code   RO         4506    i.RefreshAlarmDisplay  voice_command_handler.o
    0x08005978   0x08005978   0x0000000a   Code   RO         4295    i.Servo_Close       app_tasks.o
    0x08005982   0x08005982   0x0000000a   Code   RO         4296    i.Servo_Open        app_tasks.o
    0x0800598c   0x0800598c   0x00000018   Code   RO         4297    i.Servo_SendCommand  app_tasks.o
    0x080059a4   0x080059a4   0x00000088   Code   RO         4298    i.Servo_Task        app_tasks.o
    0x08005a2c   0x08005a2c   0x00000008   Code   RO           24    i.SetSysClock       system_stm32f10x.o
    0x08005a34   0x08005a34   0x000000e0   Code   RO           25    i.SetSysClockTo72   system_stm32f10x.o
    0x08005b14   0x08005b14   0x00000010   Code   RO         4234    i.SysTick_Handler   stm32f10x_it.o
    0x08005b24   0x08005b24   0x00000060   Code   RO           27    i.SystemInit        system_stm32f10x.o
    0x08005b84   0x08005b84   0x00000044   Code   RO         3298    i.TIM4_Init         timer.o
    0x08005bc8   0x08005bc8   0x00000018   Code   RO         2469    i.TIM_ARRPreloadConfig  stm32f10x_tim.o
    0x08005be0   0x08005be0   0x00000018   Code   RO         2481    i.TIM_Cmd           stm32f10x_tim.o
    0x08005bf8   0x08005bf8   0x00000006   Code   RO         2500    i.TIM_GetCounter    stm32f10x_tim.o
    0x08005bfe   0x08005bfe   0x0000000c   Code   RO         2508    i.TIM_InternalClockConfig  stm32f10x_tim.o
    0x08005c0a   0x08005c0a   0x00000002   PAD
    0x08005c0c   0x08005c0c   0x000000a4   Code   RO         2515    i.TIM_OC2Init       stm32f10x_tim.o
    0x08005cb0   0x08005cb0   0x0000001a   Code   RO         2518    i.TIM_OC2PreloadConfig  stm32f10x_tim.o
    0x08005cca   0x08005cca   0x00000014   Code   RO         2528    i.TIM_OCStructInit  stm32f10x_tim.o
    0x08005cde   0x08005cde   0x00000004   Code   RO         2543    i.TIM_SetCompare2   stm32f10x_tim.o
    0x08005ce2   0x08005ce2   0x00000004   Code   RO         2546    i.TIM_SetCounter    stm32f10x_tim.o
    0x08005ce6   0x08005ce6   0x00000002   PAD
    0x08005ce8   0x08005ce8   0x000000a4   Code   RO         2552    i.TIM_TimeBaseInit  stm32f10x_tim.o
    0x08005d8c   0x08005d8c   0x000001e8   Code   RO         4299    i.Time_Task         app_tasks.o
    0x08005f74   0x08005f74   0x00000030   Code   RO         3680    i.USART1_IRQHandler  usart.o
    0x08005fa4   0x08005fa4   0x000000a8   Code   RO         3681    i.USART1_Init       usart.o
    0x0800604c   0x0800604c   0x0000004c   Code   RO         3609    i.USART2_IRQHandler  esp8266.o
    0x08006098   0x08006098   0x000000a0   Code   RO         3682    i.USART2_Init       usart.o
    0x08006138   0x08006138   0x0000008c   Code   RO         3967    i.USART3_IRQHandler  xrvoice.o
    0x080061c4   0x080061c4   0x00000012   Code   RO         3016    i.USART_ClearFlag   stm32f10x_usart.o
    0x080061d6   0x080061d6   0x0000001e   Code   RO         3017    i.USART_ClearITPendingBit  stm32f10x_usart.o
    0x080061f4   0x080061f4   0x00000018   Code   RO         3020    i.USART_Cmd         stm32f10x_usart.o
    0x0800620c   0x0800620c   0x0000001a   Code   RO         3023    i.USART_GetFlagStatus  stm32f10x_usart.o
    0x08006226   0x08006226   0x00000054   Code   RO         3024    i.USART_GetITStatus  stm32f10x_usart.o
    0x0800627a   0x0800627a   0x0000004a   Code   RO         3026    i.USART_ITConfig    stm32f10x_usart.o
    0x080062c4   0x080062c4   0x000000d8   Code   RO         3027    i.USART_Init        stm32f10x_usart.o
    0x0800639c   0x0800639c   0x0000000a   Code   RO         3034    i.USART_ReceiveData  stm32f10x_usart.o
    0x080063a6   0x080063a6   0x00000008   Code   RO         3037    i.USART_SendData    stm32f10x_usart.o
    0x080063ae   0x080063ae   0x00000002   PAD
    0x080063b0   0x080063b0   0x00000044   Code   RO         4507    i.UpdateAlarmTime   voice_command_handler.o
    0x080063f4   0x080063f4   0x00000008   Code   RO         4300    i.UpdateDisplay     app_tasks.o
    0x080063fc   0x080063fc   0x00000080   Code   RO         4301    i.Update_Time       app_tasks.o
    0x0800647c   0x0800647c   0x0000000e   Code   RO         4302    i.Upload_Task       app_tasks.o
    0x0800648a   0x0800648a   0x00000004   Code   RO         4235    i.UsageFault_Handler  stm32f10x_it.o
    0x0800648e   0x0800648e   0x00000030   Code   RO         3683    i.Usart_SendString  usart.o
    0x080064be   0x080064be   0x00000010   Code   RO         4303    i.Voice_Command_Callback  app_tasks.o
    0x080064ce   0x080064ce   0x00000148   Code   RO         4305    i.Voice_Play_Current_Time  app_tasks.o
    0x08006616   0x08006616   0x00000002   PAD
    0x08006618   0x08006618   0x000000c0   Code   RO         4306    i.Voice_Play_Current_Time_With_Period  app_tasks.o
    0x080066d8   0x080066d8   0x0000000c   Code   RO         4307    i.Voice_Play_Dot    app_tasks.o
    0x080066e4   0x080066e4   0x00000086   Code   RO         4308    i.Voice_Play_Number  app_tasks.o
    0x0800676a   0x0800676a   0x00000358   Code   RO         4309    i.Voice_Play_Number_Full  app_tasks.o
    0x08006ac2   0x08006ac2   0x00000002   PAD
    0x08006ac4   0x08006ac4   0x00000058   Code   RO         4310    i.Voice_Task        app_tasks.o
    0x08006b1c   0x08006b1c   0x00000144   Code   RO         3968    i.XRVoice_Init      xrvoice.o
    0x08006c60   0x08006c60   0x000000c0   Code   RO         3970    i.XRVoice_ParseCommand  xrvoice.o
    0x08006d20   0x08006d20   0x00000090   Code   RO         3972    i.XRVoice_PlayRaw   xrvoice.o
    0x08006db0   0x08006db0   0x00000038   Code   RO         3973    i.XRVoice_Send      xrvoice.o
    0x08006de8   0x08006de8   0x00000034   Code   RO         3974    i.XRVoice_SetVolume  xrvoice.o
    0x08006e1c   0x08006e1c   0x0000001c   Code   RO         3975    i.XRVoice_Stop      xrvoice.o
    0x08006e38   0x08006e38   0x00000074   Code   RO         3976    i.XRVoice_Task      xrvoice.o
    0x08006eac   0x08006eac   0x00000002   Code   RO         3977    i.XRVoice_VolumeDown  xrvoice.o
    0x08006eae   0x08006eae   0x00000002   Code   RO         3981    i.XRVoice_VolumeUp  xrvoice.o
    0x08006eb0   0x08006eb0   0x00000028   Code   RO         5611    i.__ARM_fpclassify  m_ws.l(fpclassify.o)
    0x08006ed8   0x08006ed8   0x0000000e   Code   RO         5456    i._is_digit         c_w.l(__printf_wp.o)
    0x08006ee6   0x08006ee6   0x00000002   PAD
    0x08006ee8   0x08006ee8   0x00000194   Code   RO         4191    i.main              main.o
    0x0800707c   0x0800707c   0x00000098   Code   RO         4874    i.prvAddCurrentTaskToDelayedList  tasks.o
    0x08007114   0x08007114   0x000000b4   Code   RO         4875    i.prvAddNewTaskToReadyList  tasks.o
    0x080071c8   0x080071c8   0x00000074   Code   RO         5190    i.prvCheckForValidListAndQueue  timers.o
    0x0800723c   0x0800723c   0x00000064   Code   RO         4876    i.prvCheckTasksWaitingTermination  tasks.o
    0x080072a0   0x080072a0   0x0000002a   Code   RO         4677    i.prvCopyDataFromQueue  queue.o
    0x080072ca   0x080072ca   0x0000007c   Code   RO         4678    i.prvCopyDataToQueue  queue.o
    0x08007346   0x08007346   0x00000028   Code   RO         4877    i.prvDeleteTCB      tasks.o
    0x0800736e   0x0800736e   0x00000002   PAD
    0x08007370   0x08007370   0x00000028   Code   RO         5191    i.prvGetNextExpireTime  timers.o
    0x08007398   0x08007398   0x0000007c   Code   RO         5314    i.prvHeapInit       heap_4.o
    0x08007414   0x08007414   0x00000028   Code   RO         4878    i.prvIdleTask       tasks.o
    0x0800743c   0x0800743c   0x0000001c   Code   RO         4679    i.prvInitialiseMutex  queue.o
    0x08007458   0x08007458   0x00000026   Code   RO         4680    i.prvInitialiseNewQueue  queue.o
    0x0800747e   0x0800747e   0x00000086   Code   RO         4879    i.prvInitialiseNewTask  tasks.o
    0x08007504   0x08007504   0x00000068   Code   RO         4880    i.prvInitialiseTaskLists  tasks.o
    0x0800756c   0x0800756c   0x00000068   Code   RO         5315    i.prvInsertBlockIntoFreeList  heap_4.o
    0x080075d4   0x080075d4   0x00000058   Code   RO         5193    i.prvInsertTimerInActiveList  timers.o
    0x0800762c   0x0800762c   0x0000001a   Code   RO         4681    i.prvIsQueueEmpty   queue.o
    0x08007646   0x08007646   0x0000001e   Code   RO         4682    i.prvIsQueueFull    queue.o
    0x08007664   0x08007664   0x0000004c   Code   RO         5194    i.prvProcessExpiredTimer  timers.o
    0x080076b0   0x080076b0   0x000000c4   Code   RO         5195    i.prvProcessReceivedCommands  timers.o
    0x08007774   0x08007774   0x00000074   Code   RO         5196    i.prvProcessTimerOrBlockTask  timers.o
    0x080077e8   0x080077e8   0x00000034   Code   RO         4881    i.prvResetNextTaskUnblockTime  tasks.o
    0x0800781c   0x0800781c   0x0000002c   Code   RO         5197    i.prvSampleTimeNow  timers.o
    0x08007848   0x08007848   0x00000084   Code   RO         5198    i.prvSwitchTimerLists  timers.o
    0x080078cc   0x080078cc   0x00000016   Code   RO         5364    i.prvTaskExitError  port.o
    0x080078e2   0x080078e2   0x0000001a   Code   RO         5199    i.prvTimerTask      timers.o
    0x080078fc   0x080078fc   0x0000007e   Code   RO         4683    i.prvUnlockQueue    queue.o
    0x0800797a   0x0800797a   0x00000002   PAD
    0x0800797c   0x0800797c   0x000000d0   Code   RO         5316    i.pvPortMalloc      heap_4.o
    0x08007a4c   0x08007a4c   0x00000020   Code   RO         4883    i.pvTaskIncrementMutexHeldCount  tasks.o
    0x08007a6c   0x08007a6c   0x00000024   Code   RO         5365    i.pxPortInitialiseStack  port.o
    0x08007a90   0x08007a90   0x00000028   Code   RO         4640    i.uxListRemove      list.o
    0x08007ab8   0x08007ab8   0x00000018   Code   RO         4311    i.vApplicationGetIdleTaskMemory  app_tasks.o
    0x08007ad0   0x08007ad0   0x00000018   Code   RO         4312    i.vApplicationGetTimerTaskMemory  app_tasks.o
    0x08007ae8   0x08007ae8   0x0000001a   Code   RO         4641    i.vListInitialise   list.o
    0x08007b02   0x08007b02   0x00000006   Code   RO         4642    i.vListInitialiseItem  list.o
    0x08007b08   0x08007b08   0x00000034   Code   RO         4643    i.vListInsert       list.o
    0x08007b3c   0x08007b3c   0x00000018   Code   RO         4644    i.vListInsertEnd    list.o
    0x08007b54   0x08007b54   0x00000024   Code   RO         5367    i.vPortEnterCritical  port.o
    0x08007b78   0x08007b78   0x00000020   Code   RO         5368    i.vPortExitCritical  port.o
    0x08007b98   0x08007b98   0x00000048   Code   RO         5317    i.vPortFree         heap_4.o
    0x08007be0   0x08007be0   0x00000014   Code   RO         5369    i.vPortSetupTimerInterrupt  port.o
    0x08007bf4   0x08007bf4   0x0000002c   Code   RO         4687    i.vQueueAddToRegistry  queue.o
    0x08007c20   0x08007c20   0x0000004a   Code   RO         4690    i.vQueueWaitForMessageRestricted  queue.o
    0x08007c6a   0x08007c6a   0x00000002   PAD
    0x08007c6c   0x08007c6c   0x00000034   Code   RO         4889    i.vTaskDelay        tasks.o
    0x08007ca0   0x08007ca0   0x00000074   Code   RO         4890    i.vTaskDelayUntil   tasks.o
    0x08007d14   0x08007d14   0x000000cc   Code   RO         4891    i.vTaskDelete       tasks.o
    0x08007de0   0x08007de0   0x0000000c   Code   RO         4893    i.vTaskMissedYield  tasks.o
    0x08007dec   0x08007dec   0x00000020   Code   RO         4895    i.vTaskPlaceOnEventList  tasks.o
    0x08007e0c   0x08007e0c   0x00000028   Code   RO         4896    i.vTaskPlaceOnEventListRestricted  tasks.o
    0x08007e34   0x08007e34   0x000000b0   Code   RO         4898    i.vTaskPriorityInherit  tasks.o
    0x08007ee4   0x08007ee4   0x00000018   Code   RO         4901    i.vTaskSetTimeOutState  tasks.o
    0x08007efc   0x08007efc   0x00000094   Code   RO         4902    i.vTaskStartScheduler  tasks.o
    0x08007f90   0x08007f90   0x00000010   Code   RO         4904    i.vTaskSuspendAll   tasks.o
    0x08007fa0   0x08007fa0   0x00000060   Code   RO         4905    i.vTaskSwitchContext  tasks.o
    0x08008000   0x08008000   0x00000034   Code   RO         5370    i.xPortStartScheduler  port.o
    0x08008034   0x08008034   0x00000034   Code   RO         5371    i.xPortSysTickHandler  port.o
    0x08008068   0x08008068   0x00000022   Code   RO         4693    i.xQueueCreateMutex  queue.o
    0x0800808a   0x0800808a   0x0000003e   Code   RO         4695    i.xQueueGenericCreate  queue.o
    0x080080c8   0x080080c8   0x0000002e   Code   RO         4696    i.xQueueGenericCreateStatic  queue.o
    0x080080f6   0x080080f6   0x00000002   PAD
    0x080080f8   0x080080f8   0x0000015c   Code   RO         4697    i.xQueueGenericReceive  queue.o
    0x08008254   0x08008254   0x00000080   Code   RO         4698    i.xQueueGenericReset  queue.o
    0x080082d4   0x080082d4   0x00000118   Code   RO         4699    i.xQueueGenericSend  queue.o
    0x080083ec   0x080083ec   0x00000086   Code   RO         4700    i.xQueueGenericSendFromISR  queue.o
    0x08008472   0x08008472   0x00000002   PAD
    0x08008474   0x08008474   0x0000005c   Code   RO         4906    i.xTaskCheckForTimeOut  tasks.o
    0x080084d0   0x080084d0   0x00000064   Code   RO         4907    i.xTaskCreate       tasks.o
    0x08008534   0x08008534   0x0000004e   Code   RO         4908    i.xTaskCreateStatic  tasks.o
    0x08008582   0x08008582   0x00000002   PAD
    0x08008584   0x08008584   0x00000020   Code   RO         4912    i.xTaskGetSchedulerState  tasks.o
    0x080085a4   0x080085a4   0x0000000c   Code   RO         4913    i.xTaskGetTickCount  tasks.o
    0x080085b0   0x080085b0   0x0000011c   Code   RO         4915    i.xTaskIncrementTick  tasks.o
    0x080086cc   0x080086cc   0x00000084   Code   RO         4918    i.xTaskPriorityDisinherit  tasks.o
    0x08008750   0x08008750   0x00000080   Code   RO         4919    i.xTaskRemoveFromEventList  tasks.o
    0x080087d0   0x080087d0   0x000000e8   Code   RO         4921    i.xTaskResumeAll    tasks.o
    0x080088b8   0x080088b8   0x00000060   Code   RO         5204    i.xTimerCreateTimerTask  timers.o
    0x08008918   0x08008918   0x0000006c   Code   RO         5205    i.xTimerGenericCommand  timers.o
    0x08008984   0x08008984   0x0000002c   Code   RO         5605    locale$$code        c_w.l(lc_numeric_c.o)
    0x080089b0   0x080089b0   0x00000062   Code   RO         5482    x$fpl$d2f           fz_ws.l(d2f.o)
    0x08008a12   0x08008a12   0x00000018   Code   RO         5607    x$fpl$dcmpinf       fz_ws.l(dcmpi.o)
    0x08008a2a   0x08008a2a   0x00000002   PAD
    0x08008a2c   0x08008a2c   0x000002b0   Code   RO         5485    x$fpl$ddiv          fz_ws.l(ddiv.o)
    0x08008cdc   0x08008cdc   0x0000005e   Code   RO         5488    x$fpl$dfix          fz_ws.l(dfix.o)
    0x08008d3a   0x08008d3a   0x00000002   PAD
    0x08008d3c   0x08008d3c   0x00000078   Code   RO         5540    x$fpl$dleqf         fz_ws.l(dleqf.o)
    0x08008db4   0x08008db4   0x0000009c   Code   RO         5542    x$fpl$dnaninf       fz_ws.l(dnaninf.o)
    0x08008e50   0x08008e50   0x0000000c   Code   RO         5544    x$fpl$dretinf       fz_ws.l(dretinf.o)
    0x08008e5c   0x08008e5c   0x0000006c   Code   RO         5492    x$fpl$drleqf        fz_ws.l(drleqf.o)
    0x08008ec8   0x08008ec8   0x00000056   Code   RO         5494    x$fpl$f2d           fz_ws.l(f2d.o)
    0x08008f1e   0x08008f1e   0x00000002   PAD
    0x08008f20   0x08008f20   0x000000c4   Code   RO         5496    x$fpl$fadd          fz_ws.l(faddsub_clz.o)
    0x08008fe4   0x08008fe4   0x00000018   Code   RO         5546    x$fpl$fcmpinf       fz_ws.l(fcmpi.o)
    0x08008ffc   0x08008ffc   0x0000003e   Code   RO         5506    x$fpl$ffixu         fz_ws.l(ffixu.o)
    0x0800903a   0x0800903a   0x00000002   PAD
    0x0800903c   0x0800903c   0x00000030   Code   RO         5511    x$fpl$fflt          fz_ws.l(fflt_clz.o)
    0x0800906c   0x0800906c   0x00000026   Code   RO         5510    x$fpl$ffltu         fz_ws.l(fflt_clz.o)
    0x08009092   0x08009092   0x00000002   PAD
    0x08009094   0x08009094   0x00000068   Code   RO         5516    x$fpl$fleqf         fz_ws.l(fleqf.o)
    0x080090fc   0x080090fc   0x00000102   Code   RO         5518    x$fpl$fmul          fz_ws.l(fmul.o)
    0x080091fe   0x080091fe   0x0000008c   Code   RO         5548    x$fpl$fnaninf       fz_ws.l(fnaninf.o)
    0x0800928a   0x0800928a   0x0000000a   Code   RO         5550    x$fpl$fretinf       fz_ws.l(fretinf.o)
    0x08009294   0x08009294   0x00000062   Code   RO         5520    x$fpl$frleqf        fz_ws.l(frleqf.o)
    0x080092f6   0x080092f6   0x00000002   PAD
    0x080092f8   0x080092f8   0x000000ea   Code   RO         5498    x$fpl$fsub          fz_ws.l(faddsub_clz.o)
    0x080093e2   0x080093e2   0x00000004   Code   RO         5522    x$fpl$printf1       fz_ws.l(printf1.o)
    0x080093e6   0x080093e6   0x00000000   Code   RO         5552    x$fpl$usenofp       fz_ws.l(usenofp.o)
    0x080093e6   0x080093e6   0x000008f0   Data   RO         3423    .constdata          oled.o
    0x08009cd6   0x08009cd6   0x00000002   PAD
    0x08009cd8   0x08009cd8   0x00000094   Data   RO         5580    .constdata          c_w.l(bigflt0.o)
    0x08009d6c   0x08009d6c   0x00000020   Data   RO         5752    Region$$Table       anon$$obj.o
    0x08009d8c   0x08009d8c   0x0000001c   Data   RO         5604    locale$$data        c_w.l(lc_numeric_c.o)


    Execution Region RW_IRAM1 (Exec base: 0x20000000, Load base: 0x08009da8, Size: 0x00004ff8, Max: 0x00005000, ABSOLUTE, COMPRESSED[0x00000044])

    Exec Addr    Load Addr    Size         Type   Attr      Idx    E Section Name        Object

    0x20000000   COMPRESSED   0x00000014   Data   RW         1865    .data               stm32f10x_rcc.o
    0x20000014   COMPRESSED   0x00000004   Data   RW         3424    .data               oled.o
    0x20000018   COMPRESSED   0x00000004   Data   RW         3611    .data               esp8266.o
    0x2000001c   COMPRESSED   0x00000015   Data   RW         3766    .data               hx711.o
    0x20000031   COMPRESSED   0x00000003   PAD
    0x20000034   COMPRESSED   0x00000032   Data   RW         3984    .data               xrvoice.o
    0x20000066   COMPRESSED   0x00000002   PAD
    0x20000068   COMPRESSED   0x00000020   Data   RW         4106    .data               hc06.o
    0x20000088   COMPRESSED   0x000000b4   Data   RW         4314    .data               app_tasks.o
    0x2000013c   COMPRESSED   0x00000004   Data   RW         4508    .data               voice_command_handler.o
    0x20000140   COMPRESSED   0x0000003c   Data   RW         4924    .data               tasks.o
    0x2000017c   COMPRESSED   0x00000014   Data   RW         5211    .data               timers.o
    0x20000190   COMPRESSED   0x00000018   Data   RW         5322    .data               heap_4.o
    0x200001a8   COMPRESSED   0x00000004   Data   RW         5372    .data               port.o
    0x200001ac        -       0x00000500   Zero   RW         3610    .bss                esp8266.o
    0x200006ac        -       0x00000010   Zero   RW         3722    .bss                dht11.o
    0x200006bc        -       0x00000040   Zero   RW         3891    .bss                key.o
    0x200006fc        -       0x00000040   Zero   RW         3983    .bss                xrvoice.o
    0x2000073c        -       0x000004a8   Zero   RW         4313    .bss                app_tasks.o
    0x20000be4        -       0x00000040   Zero   RW         4708    .bss                queue.o
    0x20000c24        -       0x000000c8   Zero   RW         4923    .bss                tasks.o
    0x20000cec        -       0x000000ac   Zero   RW         5210    .bss                timers.o
    0x20000d98        -       0x00003c00   Zero   RW         5321    .bss                heap_4.o
    0x20004998        -       0x00000060   Zero   RW         5614    .bss                c_w.l(libspace.o)
    0x200049f8        -       0x00000200   Zero   RW            2    HEAP                startup_stm32f10x_md.o
    0x20004bf8        -       0x00000400   Zero   RW            1    STACK               startup_stm32f10x_md.o


==============================================================================

Image component sizes


      Code (inc. data)   RO Data    RW Data    ZI Data      Debug   Object Name

      8820       1202          0        180       1192      30845   app_tasks.o
         0          0          0          0          0       4516   core_cm3.o
        64          4          0          0          0       1054   delay.o
       360         30          0          0         16       3748   dht11.o
       848        294          0          4       1280       5567   esp8266.o
         0          0          0          0          0      17672   event_groups.o
       432         78          0         32          0       3175   hc06.o
       508         62          0         24      15360       4067   heap_4.o
       568         42          0         21          0     214838   hx711.o
       424         28          0          0         64       9465   key.o
       104         14          0          0          0       1438   led.o
        60         10          0          0          0       1019   light.o
       148          0          0          0          0       3402   list.o
       404        144          0          0          0       1547   main.o
       132         22          0          0          0     248655   misc.o
      1380         62       2288          4          0     230597   oled.o
       400         50          0          4          0       9516   port.o
       216         12          0          0          0       1209   pwm.o
      1564         22          0          0         64      14677   queue.o
        64         26        236          0       1536        848   startup_stm32f10x_md.o
         0          0          0          0          0       1700   stm32f10x_adc.o
       476          6          0          0          0      14231   stm32f10x_gpio.o
        36          0          0          0          0       3263   stm32f10x_it.o
       276         32          0         20          0      13354   stm32f10x_rcc.o
       448         52          0          0          0      26802   stm32f10x_tim.o
       490          6          0          0          0      13593   stm32f10x_usart.o
       328         28          0          0          0      16557   system_stm32f10x.o
      2840        408          0         60        200      38941   tasks.o
        68          4          0          0          0        532   timer.o
      1038        126          0         20        172       9195   timers.o
       424         24          0          0          0       3215   usart.o
      5396        366          0          4          0       7896   voice_command_handler.o
      1288        272          0         50         64      10980   xrvoice.o

    ----------------------------------------------------------------------
     29636       3426       2558        428      19948     968114   Object Totals
         0          0         32          0          0          0   (incl. Generated)
        32          0          2          5          0          0   (incl. Padding)

    ----------------------------------------------------------------------

      Code (inc. data)   RO Data    RW Data    ZI Data      Debug   Library Member Name

        90          0          0          0          0          0   __dczerorl2.o
         8          0          0          0          0         68   __main.o
       284          0          0          0          0        156   __printf_wp.o
         0          0          0          0          0          0   __rtentry.o
        12          0          0          0          0          0   __rtentry2.o
         6          0          0          0          0          0   __rtentry4.o
        52          8          0          0          0          0   __scatter.o
        28          0          0          0          0          0   __scatter_zi.o
        44          0          0          0          0        108   _printf_char.o
        48          6          0          0          0         96   _printf_char_common.o
         6          0          0          0          0          0   _printf_d.o
       120         16          0          0          0         92   _printf_dec.o
         6          0          0          0          0          0   _printf_f.o
      1054          0          0          0          0        216   _printf_fp_dec.o
       128         16          0          0          0         84   _printf_fp_infnan.o
       178          0          0          0          0         88   _printf_intcommon.o
         0          0          0          0          0          0   _printf_percent.o
         4          0          0          0          0          0   _printf_percent_end.o
         6          0          0          0          0          0   _printf_s.o
        82          0          0          0          0         80   _printf_str.o
        10          0          0          0          0         68   _sputc.o
       228          4        148          0          0         96   bigflt0.o
      1936        128          0          0          0        672   btod.o
        18          0          0          0          0         80   exit.o
         6          0          0          0          0        152   heapauxi.o
         0          0          0          0          0          0   indicate_semi.o
        44         10         28          0          0         76   lc_numeric_c.o
         2          0          0          0          0          0   libinit.o
        18          0          0          0          0          0   libinit2.o
         2          0          0          0          0          0   libshutdown.o
         2          0          0          0          0          0   libshutdown2.o
         8          4          0          0         96         68   libspace.o
       138          0          0          0          0         80   lludiv10.o
        40          6          0          0          0         84   noretval__2sprintf.o
         8          4          0          0          0         68   rt_locale_intlibspace.o
        68          0          0          0          0         68   rt_memclr.o
        78          0          0          0          0         80   rt_memclr_w.o
       138          0          0          0          0         68   rt_memcpy_v6.o
       100          0          0          0          0         80   rt_memcpy_w.o
         2          0          0          0          0          0   rtexit.o
        10          0          0          0          0          0   rtexit2.o
       128          0          0          0          0         68   strcmpv7m.o
        62          0          0          0          0         76   strlen.o
        36          0          0          0          0         80   strstr.o
        12          4          0          0          0         68   sys_exit.o
        74          0          0          0          0         80   sys_stackheap_outer.o
         2          0          0          0          0         68   use_no_semi.o
        98          4          0          0          0         92   d2f.o
        24          0          0          0          0         68   dcmpi.o
       688        140          0          0          0        208   ddiv.o
        94          4          0          0          0         92   dfix.o
       120          4          0          0          0         92   dleqf.o
       156          4          0          0          0         92   dnaninf.o
        12          0          0          0          0         68   dretinf.o
       108          0          0          0          0         80   drleqf.o
        86          4          0          0          0         84   f2d.o
       430          8          0          0          0        168   faddsub_clz.o
        24          0          0          0          0         68   fcmpi.o
        62          4          0          0          0         84   ffixu.o
        86          0          0          0          0        136   fflt_clz.o
       104          4          0          0          0         84   fleqf.o
       258          4          0          0          0         84   fmul.o
       140          4          0          0          0         84   fnaninf.o
        10          0          0          0          0         68   fretinf.o
        98          0          0          0          0         68   frleqf.o
         4          0          0          0          0         68   printf1.o
         0          0          0          0          0          0   usenofp.o
        40          0          0          0          0         68   fpclassify.o

    ----------------------------------------------------------------------
      7990        390        176          0         96       5024   Library Totals
        22          0          0          0          0          0   (incl. Padding)

    ----------------------------------------------------------------------

      Code (inc. data)   RO Data    RW Data    ZI Data      Debug   Library Name

      5326        206        176          0         96       3168   c_w.l
      2602        184          0          0          0       1788   fz_ws.l
        40          0          0          0          0         68   m_ws.l

    ----------------------------------------------------------------------
      7990        390        176          0         96       5024   Library Totals

    ----------------------------------------------------------------------

==============================================================================


      Code (inc. data)   RO Data    RW Data    ZI Data      Debug   

     37626       3816       2734        428      20044     959354   Grand Totals
     37626       3816       2734         68      20044     959354   ELF Image Totals (compressed)
     37626       3816       2734         68          0          0   ROM Totals

==============================================================================

    Total RO  Size (Code + RO Data)                40360 (  39.41kB)
    Total RW  Size (RW Data + ZI Data)             20472 (  19.99kB)
    Total ROM Size (Code + RO Data + RW Data)      40428 (  39.48kB)

==============================================================================

